Archive member included to satisfy reference by file (symbol)

d:/st/stm32cubeide_1.3.0/stm32cubeide/plugins/com.st.stm32cube.ide.mcu.externaltools.gnu-tools-for-stm32.7-2018-q2-update.win32_1.0.0.201904181610/tools/bin/../lib/gcc/arm-none-eabi/7.3.1/../../../../arm-none-eabi/lib/thumb/v7e-m/fpv4-sp/hard\libc_nano.a(lib_a-errno.o)
                              Core/Src/syscalls.o (__errno)
d:/st/stm32cubeide_1.3.0/stm32cubeide/plugins/com.st.stm32cube.ide.mcu.externaltools.gnu-tools-for-stm32.7-2018-q2-update.win32_1.0.0.201904181610/tools/bin/../lib/gcc/arm-none-eabi/7.3.1/../../../../arm-none-eabi/lib/thumb/v7e-m/fpv4-sp/hard\libc_nano.a(lib_a-exit.o)
                              d:/st/stm32cubeide_1.3.0/stm32cubeide/plugins/com.st.stm32cube.ide.mcu.externaltools.gnu-tools-for-stm32.7-2018-q2-update.win32_1.0.0.201904181610/tools/bin/../lib/gcc/arm-none-eabi/7.3.1/../../../../arm-none-eabi/lib/thumb/v7e-m/fpv4-sp/hard/crt0.o (exit)
d:/st/stm32cubeide_1.3.0/stm32cubeide/plugins/com.st.stm32cube.ide.mcu.externaltools.gnu-tools-for-stm32.7-2018-q2-update.win32_1.0.0.201904181610/tools/bin/../lib/gcc/arm-none-eabi/7.3.1/../../../../arm-none-eabi/lib/thumb/v7e-m/fpv4-sp/hard\libc_nano.a(lib_a-impure.o)
                              d:/st/stm32cubeide_1.3.0/stm32cubeide/plugins/com.st.stm32cube.ide.mcu.externaltools.gnu-tools-for-stm32.7-2018-q2-update.win32_1.0.0.201904181610/tools/bin/../lib/gcc/arm-none-eabi/7.3.1/../../../../arm-none-eabi/lib/thumb/v7e-m/fpv4-sp/hard\libc_nano.a(lib_a-exit.o) (_global_impure_ptr)
d:/st/stm32cubeide_1.3.0/stm32cubeide/plugins/com.st.stm32cube.ide.mcu.externaltools.gnu-tools-for-stm32.7-2018-q2-update.win32_1.0.0.201904181610/tools/bin/../lib/gcc/arm-none-eabi/7.3.1/../../../../arm-none-eabi/lib/thumb/v7e-m/fpv4-sp/hard\libc_nano.a(lib_a-init.o)
                              d:/st/stm32cubeide_1.3.0/stm32cubeide/plugins/com.st.stm32cube.ide.mcu.externaltools.gnu-tools-for-stm32.7-2018-q2-update.win32_1.0.0.201904181610/tools/bin/../lib/gcc/arm-none-eabi/7.3.1/../../../../arm-none-eabi/lib/thumb/v7e-m/fpv4-sp/hard/crt0.o (__libc_init_array)
d:/st/stm32cubeide_1.3.0/stm32cubeide/plugins/com.st.stm32cube.ide.mcu.externaltools.gnu-tools-for-stm32.7-2018-q2-update.win32_1.0.0.201904181610/tools/bin/../lib/gcc/arm-none-eabi/7.3.1/../../../../arm-none-eabi/lib/thumb/v7e-m/fpv4-sp/hard\libc_nano.a(lib_a-memset.o)
                              d:/st/stm32cubeide_1.3.0/stm32cubeide/plugins/com.st.stm32cube.ide.mcu.externaltools.gnu-tools-for-stm32.7-2018-q2-update.win32_1.0.0.201904181610/tools/bin/../lib/gcc/arm-none-eabi/7.3.1/../../../../arm-none-eabi/lib/thumb/v7e-m/fpv4-sp/hard/crt0.o (memset)
d:/st/stm32cubeide_1.3.0/stm32cubeide/plugins/com.st.stm32cube.ide.mcu.externaltools.gnu-tools-for-stm32.7-2018-q2-update.win32_1.0.0.201904181610/tools/bin/../lib/gcc/arm-none-eabi/7.3.1/../../../../arm-none-eabi/lib/thumb/v7e-m/fpv4-sp/hard\libm.a(lib_a-sf_lrint.o)
                              Core/Src/DSP-Filter.o (lrintf)
d:/st/stm32cubeide_1.3.0/stm32cubeide/plugins/com.st.stm32cube.ide.mcu.externaltools.gnu-tools-for-stm32.7-2018-q2-update.win32_1.0.0.201904181610/tools/bin/../lib/gcc/arm-none-eabi/7.3.1/../../../../arm-none-eabi/lib/thumb/v7e-m/fpv4-sp/hard\libm.a(lib_a-sf_rint.o)
                              Core/Src/parameterFuncs.o (rintf)
d:/st/stm32cubeide_1.3.0/stm32cubeide/plugins/com.st.stm32cube.ide.mcu.externaltools.gnu-tools-for-stm32.7-2018-q2-update.win32_1.0.0.201904181610/tools/bin/../lib/gcc/arm-none-eabi/7.3.1/../../../../arm-none-eabi/lib/thumb/v7e-m/fpv4-sp/hard\libm.a(lib_a-sf_sin.o)
                              Core/Src/oscillators.o (sinf)
d:/st/stm32cubeide_1.3.0/stm32cubeide/plugins/com.st.stm32cube.ide.mcu.externaltools.gnu-tools-for-stm32.7-2018-q2-update.win32_1.0.0.201904181610/tools/bin/../lib/gcc/arm-none-eabi/7.3.1/../../../../arm-none-eabi/lib/thumb/v7e-m/fpv4-sp/hard\libm.a(lib_a-wf_pow.o)
                              Core/Src/main.o (powf)
d:/st/stm32cubeide_1.3.0/stm32cubeide/plugins/com.st.stm32cube.ide.mcu.externaltools.gnu-tools-for-stm32.7-2018-q2-update.win32_1.0.0.201904181610/tools/bin/../lib/gcc/arm-none-eabi/7.3.1/../../../../arm-none-eabi/lib/thumb/v7e-m/fpv4-sp/hard\libm.a(lib_a-ef_pow.o)
                              d:/st/stm32cubeide_1.3.0/stm32cubeide/plugins/com.st.stm32cube.ide.mcu.externaltools.gnu-tools-for-stm32.7-2018-q2-update.win32_1.0.0.201904181610/tools/bin/../lib/gcc/arm-none-eabi/7.3.1/../../../../arm-none-eabi/lib/thumb/v7e-m/fpv4-sp/hard\libm.a(lib_a-wf_pow.o) (__ieee754_powf)
d:/st/stm32cubeide_1.3.0/stm32cubeide/plugins/com.st.stm32cube.ide.mcu.externaltools.gnu-tools-for-stm32.7-2018-q2-update.win32_1.0.0.201904181610/tools/bin/../lib/gcc/arm-none-eabi/7.3.1/../../../../arm-none-eabi/lib/thumb/v7e-m/fpv4-sp/hard\libm.a(lib_a-ef_rem_pio2.o)
[...]
Memory Configuration

Name             Origin             Length             Attributes
RAM              0x0000000020000000 0x0000000000020000 xrw
FLASH            0x0000000008000000 0x0000000000080000 xr
*default*        0x0000000000000000 0xffffffffffffffff

Linker script and memory map

LOAD d:/st/stm32cubeide_1.3.0/stm32cubeide/plugins/com.st.stm32cube.ide.mcu.externaltools.gnu-tools-for-stm32.7-2018-q2-update.win32_1.0.0.201904181610/tools/bin/../lib/gcc/arm-none-eabi/7.3.1/thumb/v7e-m/fpv4-sp/hard/crti.o
LOAD d:/st/stm32cubeide_1.3.0/stm32cubeide/plugins/com.st.stm32cube.ide.mcu.externaltools.gnu-tools-for-stm32.7-2018-q2-update.win32_1.0.0.201904181610/tools/bin/../lib/gcc/arm-none-eabi/7.3.1/thumb/v7e-m/fpv4-sp/hard/crtbegin.o
LOAD d:/st/stm32cubeide_1.3.0/stm32cubeide/plugins/com.st.stm32cube.ide.mcu.externaltools.gnu-tools-for-stm32.7-2018-q2-update.win32_1.0.0.201904181610/tools/bin/../lib/gcc/arm-none-eabi/7.3.1/../../../../arm-none-eabi/lib/thumb/v7e-m/fpv4-sp/hard/crt0.o
LOAD Core/Src/DSP-Filter.o
LOAD Core/Src/MIDI_CCs.o
LOAD Core/Src/adsr.o
LOAD Core/Src/main.o
LOAD Core/Src/math_tools.o
LOAD Core/Src/oscillators.o
LOAD Core/Src/parameterFuncs.o
LOAD Core/Src/stm32f4xx_hal_msp.o
LOAD Core/Src/stm32f4xx_it.o
LOAD Core/Src/syscalls.o
LOAD Core/Src/system_stm32f4xx.o
LOAD Core/Src/waveGen.o
LOAD Drivers/STM32F4xx_HAL_Driver/Src/stm32f4xx_hal.o
LOAD Drivers/STM32F4xx_HAL_Driver/Src/stm32f4xx_hal_cortex.o
LOAD Drivers/STM32F4xx_HAL_Driver/Src/stm32f4xx_hal_dma.o
LOAD Drivers/STM32F4xx_HAL_Driver/Src/stm32f4xx_hal_dma_ex.o
LOAD Drivers/STM32F4xx_HAL_Driver/Src/stm32f4xx_hal_exti.o
LOAD Drivers/STM32F4xx_HAL_Driver/Src/stm32f4xx_hal_flash.o
LOAD Drivers/STM32F4xx_HAL_Driver/Src/stm32f4xx_hal_flash_ex.o
LOAD Drivers/STM32F4xx_HAL_Driver/Src/stm32f4xx_hal_flash_ramfunc.o
LOAD Drivers/STM32F4xx_HAL_Driver/Src/stm32f4xx_hal_gpio.o
LOAD Drivers/STM32F4xx_HAL_Driver/Src/stm32f4xx_hal_i2s.o
LOAD Drivers/STM32F4xx_HAL_Driver/Src/stm32f4xx_hal_i2s_ex.o
LOAD Drivers/STM32F4xx_HAL_Driver/Src/stm32f4xx_hal_pwr.o
LOAD Drivers/STM32F4xx_HAL_Driver/Src/stm32f4xx_hal_pwr_ex.o
LOAD Drivers/STM32F4xx_HAL_Driver/Src/stm32f4xx_hal_rcc.o
LOAD Drivers/STM32F4xx_HAL_Driver/Src/stm32f4xx_hal_rcc_ex.o
LOAD Drivers/STM32F4xx_HAL_Driver/Src/stm32f4xx_hal_tim.o
LOAD Drivers/STM32F4xx_HAL_Driver/Src/stm32f4xx_hal_tim_ex.o
LOAD Drivers/STM32F4xx_HAL_Driver/Src/stm32f4xx_hal_uart.o
LOAD startup/startup_stm32f411xe.o
START GROUP
LOAD d:/st/stm32cubeide_1.3.0/stm32cubeide/plugins/com.st.stm32cube.ide.mcu.externaltools.gnu-tools-for-stm32.7-2018-q2-update.win32_1.0.0.201904181610/tools/bin/../lib/gcc/arm-none-eabi/7.3.1/../../../../arm-none-eabi/lib/thumb/v7e-m/fpv4-sp/hard\libc_nano.a
LOAD d:/st/stm32cubeide_1.3.0/stm32cubeide/plugins/com.st.stm32cube.ide.mcu.externaltools.gnu-tools-for-stm32.7-2018-q2-update.win32_1.0.0.201904181610/tools/bin/../lib/gcc/arm-none-eabi/7.3.1/../../../../arm-none-eabi/lib/thumb/v7e-m/fpv4-sp/hard\libm.a
END GROUP
START GROUP
LOAD d:/st/stm32cubeide_1.3.0/stm32cubeide/plugins/com.st.stm32cube.ide.mcu.externaltools.gnu-tools-for-stm32.7-2018-q2-update.win32_1.0.0.201904181610/tools/bin/../lib/gcc/arm-none-eabi/7.3.1/thumb/v7e-m/fpv4-sp/hard\libgcc.a
LOAD d:/st/stm32cubeide_1.3.0/stm32cubeide/plugins/com.st.stm32cube.ide.mcu.externaltools.gnu-tools-for-stm32.7-2018-q2-update.win32_1.0.0.201904181610/tools/bin/../lib/gcc/arm-none-eabi/7.3.1/../../../../arm-none-eabi/lib/thumb/v7e-m/fpv4-sp/hard\libc_nano.a
END GROUP
START GROUP
LOAD d:/st/stm32cubeide_1.3.0/stm32cubeide/plugins/com.st.stm32cube.ide.mcu.externaltools.gnu-tools-for-stm32.7-2018-q2-update.win32_1.0.0.201904181610/tools/bin/../lib/gcc/arm-none-eabi/7.3.1/thumb/v7e-m/fpv4-sp/hard\libgcc.a
LOAD d:/st/stm32cubeide_1.3.0/stm32cubeide/plugins/com.st.stm32cube.ide.mcu.externaltools.gnu-tools-for-stm32.7-2018-q2-update.win32_1.0.0.201904181610/tools/bin/../lib/gcc/arm-none-eabi/7.3.1/../../../../arm-none-eabi/lib/thumb/v7e-m/fpv4-sp/hard\libc_nano.a
LOAD d:/st/stm32cubeide_1.3.0/stm32cubeide/plugins/com.st.stm32cube.ide.mcu.externaltools.gnu-tools-for-stm32.7-2018-q2-update.win32_1.0.0.201904181610/tools/bin/../lib/gcc/arm-none-eabi/7.3.1/../../../../arm-none-eabi/lib/thumb/v7e-m/fpv4-sp/hard\libnosys.a
END GROUP
START GROUP
LOAD d:/st/stm32cubeide_1.3.0/stm32cubeide/plugins/com.st.stm32cube.ide.mcu.externaltools.gnu-tools-for-stm32.7-2018-q2-update.win32_1.0.0.201904181610/tools/bin/../lib/gcc/arm-none-eabi/7.3.1/thumb/v7e-m/fpv4-sp/hard\libgcc.a
LOAD d:/st/stm32cubeide_1.3.0/stm32cubeide/plugins/com.st.stm32cube.ide.mcu.externaltools.gnu-tools-for-stm32.7-2018-q2-update.win32_1.0.0.201904181610/tools/bin/../lib/gcc/arm-none-eabi/7.3.1/../../../../arm-none-eabi/lib/thumb/v7e-m/fpv4-sp/hard\libc_nano.a
LOAD d:/st/stm32cubeide_1.3.0/stm32cubeide/plugins/com.st.stm32cube.ide.mcu.externaltools.gnu-tools-for-stm32.7-2018-q2-update.win32_1.0.0.201904181610/tools/bin/../lib/gcc/arm-none-eabi/7.3.1/../../../../arm-none-eabi/lib/thumb/v7e-m/fpv4-sp/hard\libnosys.a
END GROUP
LOAD d:/st/stm32cubeide_1.3.0/stm32cubeide/plugins/com.st.stm32cube.ide.mcu.externaltools.gnu-tools-for-stm32.7-2018-q2-update.win32_1.0.0.201904181610/tools/bin/../lib/gcc/arm-none-eabi/7.3.1/thumb/v7e-m/fpv4-sp/hard/crtend.o
LOAD d:/st/stm32cubeide_1.3.0/stm32cubeide/plugins/com.st.stm32cube.ide.mcu.externaltools.gnu-tools-for-stm32.7-2018-q2-update.win32_1.0.0.201904181610/tools/bin/../lib/gcc/arm-none-eabi/7.3.1/thumb/v7e-m/fpv4-sp/hard/crtn.o
                0x0000000020020000                _estack = 0x20020000
                0x0000000000000200                _Min_Heap_Size = 0x200
                0x0000000000000400                _Min_Stack_Size = 0x400

.isr_vector     0x0000000008000000      0x198
                0x0000000008000000                . = ALIGN (0x4)
 *(.isr_vector)
 .isr_vector    0x0000000008000000      0x198 startup/startup_stm32f411xe.o
                0x0000000008000000                g_pfnVectors
                0x0000000008000198                . = ALIGN (0x4)

.text           0x0000000008000198     0x55b8
                0x0000000008000198                . = ALIGN (0x4)
 *(.text)
 .text          0x0000000008000198       0x40 d:/st/stm32cubeide_1.3.0/stm32cubeide/plugins/com.st.stm32cube.ide.mcu.externaltools.gnu-tools-for-stm32.7-2018-q2-update.win32_1.0.0.201904181610/tools/bin/../lib/gcc/arm-none-eabi/7.3.1/thumb/v7e-m/fpv4-sp/hard/crtbegin.o
 .text          0x00000000080001d8      0x378 d:/st/stm32cubeide_1.3.0/stm32cubeide/plugins/com.st.stm32cube.ide.mcu.externaltools.gnu-tools-for-stm32.7-2018-q2-update.win32_1.0.0.201904181610/tools/bin/../lib/gcc/arm-none-eabi/7.3.1/thumb/v7e-m/fpv4-sp/hard\libgcc.a(_arm_addsubdf3.o)
                0x00000000080001d8                __aeabi_drsub
                0x00000000080001e0                __aeabi_dsub
                0x00000000080001e0                __subdf3
                0x00000000080001e4                __aeabi_dadd
                0x00000000080001e4                __adddf3
                0x000000000800045c                __floatunsidf
                0x000000000800045c                __aeabi_ui2d
                0x000000000800047c                __floatsidf
                0x000000000800047c                __aeabi_i2d
                0x00000000080004a0                __aeabi_f2d
                0x00000000080004a0                __extendsfdf2
                0x00000000080004e4                __floatundidf
                0x00000000080004e4                __aeabi_ul2d
                0x00000000080004f4                __floatdidf
                0x00000000080004f4                __aeabi_l2d
 .text          0x0000000008000550      0x424 d:/st/stm32cubeide_1.3.0/stm32cubeide/plugins/com.st.stm32cube.ide.mcu.externaltools.gnu-tools-for-stm32.7-2018-q2-update.win32_1.0.0.201904181610/tools/bin/../lib/gcc/arm-none-eabi/7.3.1/thumb/v7e-m/fpv4-sp/hard\libgcc.a(_arm_muldivdf3.o)
                0x0000000008000550                __aeabi_dmul
                0x0000000008000550                __muldf3
                0x00000000080007a4                __divdf3
                0x00000000080007a4                __aeabi_ddiv
 .text          0x0000000008000974      0x110 d:/st/stm32cubeide_1.3.0/stm32cubeide/plugins/com.st.stm32cube.ide.mcu.externaltools.gnu-tools-for-stm32.7-2018-q2-update.win32_1.0.0.201904181610/tools/bin/../lib/gcc/arm-none-eabi/7.3.1/thumb/v7e-m/fpv4-sp/hard\libgcc.a(_arm_cmpdf2.o)
                0x0000000008000974                __gtdf2
                0x0000000008000974                __gedf2
                0x000000000800097c                __ltdf2
                0x000000000800097c                __ledf2
                0x0000000008000984                __nedf2
                0x0000000008000984                __eqdf2
                0x0000000008000984                __cmpdf2
                0x0000000008000a00                __aeabi_cdrcmple
                0x0000000008000a10                __aeabi_cdcmpeq
                0x0000000008000a10                __aeabi_cdcmple
                0x0000000008000a20                __aeabi_dcmpeq
                0x0000000008000a34                __aeabi_dcmplt
                0x0000000008000a48                __aeabi_dcmple
                0x0000000008000a5c                __aeabi_dcmpge
                0x0000000008000a70                __aeabi_dcmpgt
 .text          0x0000000008000a84       0xa0 d:/st/stm32cubeide_1.3.0/stm32cubeide/plugins/com.st.stm32cube.ide.mcu.externaltools.gnu-tools-for-stm32.7-2018-q2-update.win32_1.0.0.201904181610/tools/bin/../lib/gcc/arm-none-eabi/7.3.1/thumb/v7e-m/fpv4-sp/hard\libgcc.a(_arm_truncdfsf2.o)
                0x0000000008000a84                __truncdfsf2
                0x0000000008000a84                __aeabi_d2f
 .text          0x0000000008000b24       0x30 d:/st/stm32cubeide_1.3.0/stm32cubeide/plugins/com.st.stm32cube.ide.mcu.externaltools.gnu-tools-for-stm32.7-2018-q2-update.win32_1.0.0.201904181610/tools/bin/../lib/gcc/arm-none-eabi/7.3.1/thumb/v7e-m/fpv4-sp/hard\libgcc.a(_aeabi_uldivmod.o)
                0x0000000008000b24                __aeabi_uldivmod
 .text          0x0000000008000b54      0x2cc d:/st/stm32cubeide_1.3.0/stm32cubeide/plugins/com.st.stm32cube.ide.mcu.externaltools.gnu-tools-for-stm32.7-2018-q2-update.win32_1.0.0.201904181610/tools/bin/../lib/gcc/arm-none-eabi/7.3.1/thumb/v7e-m/fpv4-sp/hard\libgcc.a(_udivmoddi4.o)
                0x0000000008000b54                __udivmoddi4
 .text          0x0000000008000e20        0x4 d:/st/stm32cubeide_1.3.0/stm32cubeide/plugins/com.st.stm32cube.ide.mcu.externaltools.gnu-tools-for-stm32.7-2018-q2-update.win32_1.0.0.201904181610/tools/bin/../lib/gcc/arm-none-eabi/7.3.1/thumb/v7e-m/fpv4-sp/hard\libgcc.a(_dvmd_tls.o)
                0x0000000008000e20                __aeabi_idiv0
                0x0000000008000e20                __aeabi_ldiv0
 *(.text*)
 .text.init_Filter
                0x0000000008000e24       0x28 Core/Src/DSP-Filter.o
                0x0000000008000e24                init_Filter
 .text.FilterFreq_set
                0x0000000008000e4c       0x2c Core/Src/DSP-Filter.o
                0x0000000008000e4c                FilterFreq_set
 .text.SetFilterValue
                0x0000000008000e78       0x58 Core/Src/DSP-Filter.o
                0x0000000008000e78                SetFilterValue
 .text.SetReso  0x0000000008000ed0       0x24 Core/Src/DSP-Filter.o
                0x0000000008000ed0                SetReso
 .text.FilterRes_set
                0x0000000008000ef4       0x24 Core/Src/DSP-Filter.o
                0x0000000008000ef4                FilterRes_set
 .text.FilterType_set
                0x0000000008000f18       0x28 Core/Src/DSP-Filter.o
                0x0000000008000f18                FilterType_set
 .text.calcFilterSample
                0x0000000008000f40      0x18c Core/Src/DSP-Filter.o
                0x0000000008000f40                calcFilterSample
 .text.ProcessRXdMidiCCs
                0x00000000080010cc      0x20c Core/Src/MIDI_CCs.o
                0x00000000080010cc                ProcessRXdMidiCCs
 .text.ADSR_init
                0x00000000080012d8       0x20 Core/Src/adsr.o
                0x00000000080012d8                ADSR_init
 .text.ADSR_keyOn
                0x00000000080012f8        0x6 Core/Src/adsr.o
                0x00000000080012f8                ADSR_keyOn
 .text.ADSR_keyOff
                0x00000000080012fe        0x6 Core/Src/adsr.o
                0x00000000080012fe                ADSR_keyOff
 .text.ADSR_setAttackTime
                0x0000000008001304       0x1c Core/Src/adsr.o
                0x0000000008001304                ADSR_setAttackTime
 .text.AttTime_set
                0x0000000008001320       0x4c Core/Src/adsr.o
                0x0000000008001320                AttTime_set
 .text.ADSR_setDecayTime
                0x000000000800136c       0x20 Core/Src/adsr.o
                0x000000000800136c                ADSR_setDecayTime
 *fill*         0x000000000800138c        0x4 
 .text.DecTime_set
                0x0000000008001390       0x54 Core/Src/adsr.o
                0x0000000008001390                DecTime_set
 .text.ADSR_setSustainLevel
                0x00000000080013e4       0x16 Core/Src/adsr.o
                0x00000000080013e4                ADSR_setSustainLevel
 *fill*         0x00000000080013fa        0x2 
 .text.SustLevel_set
                0x00000000080013fc       0x30 Core/Src/adsr.o
                0x00000000080013fc                SustLevel_set
 .text.ADSR_setReleaseTime
                0x000000000800142c       0x1c Core/Src/adsr.o
                0x000000000800142c                ADSR_setReleaseTime
 .text.RelTime_set
                0x0000000008001448       0x4c Core/Src/adsr.o
                0x0000000008001448                RelTime_set
 *fill*         0x0000000008001494        0x4 
 .text.ADSR_computeSample
                0x0000000008001498      0x148 Core/Src/adsr.o
                0x0000000008001498                ADSR_computeSample
 .text.MX_GPIO_Init
                0x00000000080015e0       0x38 Core/Src/main.o
 .text.MX_I2S1_Init
                0x0000000008001618       0x30 Core/Src/main.o
 .text.MX_DMA_Init
                0x0000000008001648       0x34 Core/Src/main.o
 .text.MX_USART2_UART_Init
                0x000000000800167c       0x2c Core/Src/main.o
 .text.HAL_I2S_TxHalfCpltCallback
                0x00000000080016a8       0x14 Core/Src/main.o
                0x00000000080016a8                HAL_I2S_TxHalfCpltCallback
 .text.HAL_I2S_TxCpltCallback
                0x00000000080016bc       0x14 Core/Src/main.o
                0x00000000080016bc                HAL_I2S_TxCpltCallback
 .text.MIDInoteOn
                0x00000000080016d0       0x5c Core/Src/main.o
                0x00000000080016d0                MIDInoteOn
 .text.MIDInoteOff
                0x000000000800172c       0xb4 Core/Src/main.o
                0x000000000800172c                MIDInoteOff
 .text.doPitchBnd
                0x00000000080017e0       0x58 Core/Src/main.o
                0x00000000080017e0                doPitchBnd
 .text.procMIDI
                0x0000000008001838       0x98 Core/Src/main.o
                0x0000000008001838                procMIDI
 .text.HAL_UART_RxCpltCallback
                0x00000000080018d0       0x78 Core/Src/main.o
                0x00000000080018d0                HAL_UART_RxCpltCallback
 .text.SystemClock_Config
                0x0000000008001948       0xb0 Core/Src/main.o
                0x0000000008001948                SystemClock_Config
 .text.main     0x00000000080019f8       0x58 Core/Src/main.o
                0x00000000080019f8                main
 .text.Error_Handler
                0x0000000008001a50        0x2 Core/Src/main.o
                0x0000000008001a50                Error_Handler
 *fill*         0x0000000008001a52        0x2 
 .text.Lin2Exp  0x0000000008001a54       0x34 Core/Src/math_tools.o
                0x0000000008001a54                Lin2Exp
 .text.tanhXdX  0x0000000008001a88       0x44 Core/Src/math_tools.o
                0x0000000008001a88                tanhXdX
 .text.fastTanh
                0x0000000008001acc       0x54 Core/Src/math_tools.o
                0x0000000008001acc                fastTanh
 .text.procClip
                0x0000000008001b20       0x20 Core/Src/math_tools.o
                0x0000000008001b20                procClip
 .text.fastTan  0x0000000008001b40       0x32 Core/Src/math_tools.o
                0x0000000008001b40                fastTan
 .text.mapfloat
                0x0000000008001b72       0x1a Core/Src/math_tools.o
                0x0000000008001b72                mapfloat
 *fill*         0x0000000008001b8c        0x4 
 .text.fscale   0x0000000008001b90       0xe4 Core/Src/math_tools.o
                0x0000000008001b90                fscale
 .text.osc_init
                0x0000000008001c74       0x22 Core/Src/oscillators.o
                0x0000000008001c74                osc_init
 .text.OpSetFreq
                0x0000000008001c96        0x6 Core/Src/oscillators.o
                0x0000000008001c96                OpSetFreq
 .text.BasicSaw
                0x0000000008001c9c       0xb4 Core/Src/oscillators.o
                0x0000000008001c9c                BasicSaw
 .text.BasicTriangle
                0x0000000008001d50       0xb4 Core/Src/oscillators.o
                0x0000000008001d50                BasicTriangle
 .text.BasicSquare
                0x0000000008001e04       0x84 Core/Src/oscillators.o
                0x0000000008001e04                BasicSquare
 .text.BasicSine
                0x0000000008001e88       0x7c Core/Src/oscillators.o
                0x0000000008001e88                BasicSine
 .text.MorphingSaw
                0x0000000008001f04       0xf8 Core/Src/oscillators.o
                0x0000000008001f04                MorphingSaw
 *fill*         0x0000000008001ffc        0x4 
 .text.PulseWave
                0x0000000008002000       0xf4 Core/Src/oscillators.o
                0x0000000008002000                PulseWave
 *fill*         0x00000000080020f4        0x4 
 .text.waveCompute
                0x00000000080020f8       0x84 Core/Src/oscillators.o
                0x00000000080020f8                waveCompute
 .text.SynthOut_amp_set
                0x000000000800217c       0x24 Core/Src/parameterFuncs.o
                0x000000000800217c                SynthOut_amp_set
 .text.Vibrato_amp_set
                0x00000000080021a0       0x24 Core/Src/parameterFuncs.o
                0x00000000080021a0                Vibrato_amp_set
 .text.VibratoFreq_set
                0x00000000080021c4       0x20 Core/Src/parameterFuncs.o
                0x00000000080021c4                VibratoFreq_set
 .text.OSC_Select
                0x00000000080021e4       0x2c Core/Src/parameterFuncs.o
                0x00000000080021e4                OSC_Select
 .text.square_dutycycle
                0x0000000008002210       0x38 Core/Src/parameterFuncs.o
                0x0000000008002210                square_dutycycle
 .text.pwm_amp_set
                0x0000000008002248       0x34 Core/Src/parameterFuncs.o
                0x0000000008002248                pwm_amp_set
 .text.pwm_freq_set
                0x000000000800227c       0x34 Core/Src/parameterFuncs.o
                0x000000000800227c                pwm_freq_set
 .text.HAL_MspInit
                0x00000000080022b0       0x38 Core/Src/stm32f4xx_hal_msp.o
                0x00000000080022b0                HAL_MspInit
 .text.HAL_I2S_MspInit
                0x00000000080022e8       0xbc Core/Src/stm32f4xx_hal_msp.o
                0x00000000080022e8                HAL_I2S_MspInit
 .text.HAL_UART_MspInit
                0x00000000080023a4       0x7c Core/Src/stm32f4xx_hal_msp.o
                0x00000000080023a4                HAL_UART_MspInit
 .text.NMI_Handler
                0x0000000008002420        0x2 Core/Src/stm32f4xx_it.o
                0x0000000008002420                NMI_Handler
 .text.HardFault_Handler
                0x0000000008002422        0x2 Core/Src/stm32f4xx_it.o
                0x0000000008002422                HardFault_Handler
 .text.MemManage_Handler
                0x0000000008002424        0x2 Core/Src/stm32f4xx_it.o
                0x0000000008002424                MemManage_Handler
 .text.BusFault_Handler
                0x0000000008002426        0x2 Core/Src/stm32f4xx_it.o
                0x0000000008002426                BusFault_Handler
 .text.UsageFault_Handler
                0x0000000008002428        0x2 Core/Src/stm32f4xx_it.o
                0x0000000008002428                UsageFault_Handler
 .text.SVC_Handler
                0x000000000800242a        0x2 Core/Src/stm32f4xx_it.o
                0x000000000800242a                SVC_Handler
 .text.DebugMon_Handler
                0x000000000800242c        0x2 Core/Src/stm32f4xx_it.o
                0x000000000800242c                DebugMon_Handler
 .text.PendSV_Handler
                0x000000000800242e        0x2 Core/Src/stm32f4xx_it.o
                0x000000000800242e                PendSV_Handler
 .text.SysTick_Handler
                0x0000000008002430        0x8 Core/Src/stm32f4xx_it.o
                0x0000000008002430                SysTick_Handler
 .text.USART2_IRQHandler
                0x0000000008002438       0x10 Core/Src/stm32f4xx_it.o
                0x0000000008002438                USART2_IRQHandler
 .text.DMA2_Stream2_IRQHandler
                0x0000000008002448       0x10 Core/Src/stm32f4xx_it.o
                0x0000000008002448                DMA2_Stream2_IRQHandler
 .text.SystemInit
                0x0000000008002458       0x1c Core/Src/system_stm32f4xx.o
                0x0000000008002458                SystemInit
 .text.Synth_Init
                0x0000000008002474       0xb0 Core/Src/waveGen.o
                0x0000000008002474                Synth_Init
 *fill*         0x0000000008002524        0x4 
 .text.make_sound
                0x0000000008002528      0x15c Core/Src/waveGen.o
                0x0000000008002528                make_sound
 .text.HAL_InitTick
                0x0000000008002684       0x48 Drivers/STM32F4xx_HAL_Driver/Src/stm32f4xx_hal.o
                0x0000000008002684                HAL_InitTick
 .text.HAL_Init
                0x00000000080026cc       0x34 Drivers/STM32F4xx_HAL_Driver/Src/stm32f4xx_hal.o
                0x00000000080026cc                HAL_Init
 .text.HAL_IncTick
                0x0000000008002700       0x18 Drivers/STM32F4xx_HAL_Driver/Src/stm32f4xx_hal.o
                0x0000000008002700                HAL_IncTick
 .text.HAL_GetTick
                0x0000000008002718        0xc Drivers/STM32F4xx_HAL_Driver/Src/stm32f4xx_hal.o
                0x0000000008002718                HAL_GetTick
 .text.HAL_NVIC_SetPriorityGrouping
                0x0000000008002724       0x24 Drivers/STM32F4xx_HAL_Driver/Src/stm32f4xx_hal_cortex.o
                0x0000000008002724                HAL_NVIC_SetPriorityGrouping
 .text.HAL_NVIC_SetPriority
                0x0000000008002748       0x68 Drivers/STM32F4xx_HAL_Driver/Src/stm32f4xx_hal_cortex.o
                0x0000000008002748                HAL_NVIC_SetPriority
 .text.HAL_NVIC_EnableIRQ
                0x00000000080027b0       0x1c Drivers/STM32F4xx_HAL_Driver/Src/stm32f4xx_hal_cortex.o
                0x00000000080027b0                HAL_NVIC_EnableIRQ
 .text.HAL_SYSTICK_Config
                0x00000000080027cc       0x2c Drivers/STM32F4xx_HAL_Driver/Src/stm32f4xx_hal_cortex.o
                0x00000000080027cc                HAL_SYSTICK_Config
 .text.DMA_SetConfig
                0x00000000080027f8       0x2c Drivers/STM32F4xx_HAL_Driver/Src/stm32f4xx_hal_dma.o
 .text.DMA_CalcBaseAndBitshift
                0x0000000008002824       0x44 Drivers/STM32F4xx_HAL_Driver/Src/stm32f4xx_hal_dma.o
 .text.DMA_CheckFifoParam
                0x0000000008002868       0x8e Drivers/STM32F4xx_HAL_Driver/Src/stm32f4xx_hal_dma.o
 *fill*         0x00000000080028f6        0x2 
 .text.HAL_DMA_Init
                0x00000000080028f8       0xcc Drivers/STM32F4xx_HAL_Driver/Src/stm32f4xx_hal_dma.o
                0x00000000080028f8                HAL_DMA_Init
 .text.HAL_DMA_Start_IT
                0x00000000080029c4       0x6a Drivers/STM32F4xx_HAL_Driver/Src/stm32f4xx_hal_dma.o
                0x00000000080029c4                HAL_DMA_Start_IT
 .text.HAL_DMA_Abort_IT
                0x0000000008002a2e       0x26 Drivers/STM32F4xx_HAL_Driver/Src/stm32f4xx_hal_dma.o
                0x0000000008002a2e                HAL_DMA_Abort_IT
 .text.HAL_DMA_IRQHandler
                0x0000000008002a54      0x1dc Drivers/STM32F4xx_HAL_Driver/Src/stm32f4xx_hal_dma.o
                0x0000000008002a54                HAL_DMA_IRQHandler
 .text.HAL_GPIO_Init
                0x0000000008002c30      0x1a8 Drivers/STM32F4xx_HAL_Driver/Src/stm32f4xx_hal_gpio.o
                0x0000000008002c30                HAL_GPIO_Init
 .text.HAL_I2S_Init
                0x0000000008002dd8      0x19c Drivers/STM32F4xx_HAL_Driver/Src/stm32f4xx_hal_i2s.o
                0x0000000008002dd8                HAL_I2S_Init
 .text.HAL_I2S_Transmit_DMA
                0x0000000008002f74       0xdc Drivers/STM32F4xx_HAL_Driver/Src/stm32f4xx_hal_i2s.o
                0x0000000008002f74                HAL_I2S_Transmit_DMA
 .text.I2S_DMATxHalfCplt
                0x0000000008003050        0xa Drivers/STM32F4xx_HAL_Driver/Src/stm32f4xx_hal_i2s.o
 .text.I2S_Transmit_IT
                0x000000000800305a       0x38 Drivers/STM32F4xx_HAL_Driver/Src/stm32f4xx_hal_i2s.o
 .text.I2S_DMATxCplt
                0x0000000008003092       0x24 Drivers/STM32F4xx_HAL_Driver/Src/stm32f4xx_hal_i2s.o
 .text.HAL_I2S_RxCpltCallback
                0x00000000080030b6        0x2 Drivers/STM32F4xx_HAL_Driver/Src/stm32f4xx_hal_i2s.o
                0x00000000080030b6                HAL_I2S_RxCpltCallback
 .text.I2S_Receive_IT
                0x00000000080030b8       0x38 Drivers/STM32F4xx_HAL_Driver/Src/stm32f4xx_hal_i2s.o
 .text.HAL_I2S_ErrorCallback
                0x00000000080030f0        0x2 Drivers/STM32F4xx_HAL_Driver/Src/stm32f4xx_hal_i2s.o
                0x00000000080030f0                HAL_I2S_ErrorCallback
 .text.I2S_IRQHandler
                0x00000000080030f2       0xd0 Drivers/STM32F4xx_HAL_Driver/Src/stm32f4xx_hal_i2s.o
 .text.I2S_DMAError
                0x00000000080031c2       0x28 Drivers/STM32F4xx_HAL_Driver/Src/stm32f4xx_hal_i2s.o
 .text.HAL_I2SEx_TxRxCpltCallback
                0x00000000080031ea        0x2 Drivers/STM32F4xx_HAL_Driver/Src/stm32f4xx_hal_i2s_ex.o
                0x00000000080031ea                HAL_I2SEx_TxRxCpltCallback
 .text.I2SEx_TxISR_I2S
                0x00000000080031ec       0x3c Drivers/STM32F4xx_HAL_Driver/Src/stm32f4xx_hal_i2s_ex.o
 .text.I2SEx_RxISR_I2SExt
                0x0000000008003228       0x64 Drivers/STM32F4xx_HAL_Driver/Src/stm32f4xx_hal_i2s_ex.o
 .text.I2SEx_TxISR_I2SExt
                0x000000000800328c       0x64 Drivers/STM32F4xx_HAL_Driver/Src/stm32f4xx_hal_i2s_ex.o
 .text.I2SEx_RxISR_I2S
                0x00000000080032f0       0x3c Drivers/STM32F4xx_HAL_Driver/Src/stm32f4xx_hal_i2s_ex.o
 .text.HAL_I2SEx_FullDuplex_IRQHandler
                0x000000000800332c      0x1d8 Drivers/STM32F4xx_HAL_Driver/Src/stm32f4xx_hal_i2s_ex.o
                0x000000000800332c                HAL_I2SEx_FullDuplex_IRQHandler
 .text.HAL_RCC_OscConfig
                0x0000000008003504      0x3ec Drivers/STM32F4xx_HAL_Driver/Src/stm32f4xx_hal_rcc.o
                0x0000000008003504                HAL_RCC_OscConfig
 .text.HAL_RCC_GetSysClockFreq
                0x00000000080038f0       0xa0 Drivers/STM32F4xx_HAL_Driver/Src/stm32f4xx_hal_rcc.o
                0x00000000080038f0                HAL_RCC_GetSysClockFreq
 .text.HAL_RCC_ClockConfig
                0x0000000008003990      0x160 Drivers/STM32F4xx_HAL_Driver/Src/stm32f4xx_hal_rcc.o
                0x0000000008003990                HAL_RCC_ClockConfig
 .text.HAL_RCC_GetHCLKFreq
                0x0000000008003af0        0xc Drivers/STM32F4xx_HAL_Driver/Src/stm32f4xx_hal_rcc.o
                0x0000000008003af0                HAL_RCC_GetHCLKFreq
 .text.HAL_RCC_GetPCLK1Freq
                0x0000000008003afc       0x20 Drivers/STM32F4xx_HAL_Driver/Src/stm32f4xx_hal_rcc.o
                0x0000000008003afc                HAL_RCC_GetPCLK1Freq
 .text.HAL_RCC_GetPCLK2Freq
                0x0000000008003b1c       0x20 Drivers/STM32F4xx_HAL_Driver/Src/stm32f4xx_hal_rcc.o
                0x0000000008003b1c                HAL_RCC_GetPCLK2Freq
 .text.HAL_RCCEx_PeriphCLKConfig
                0x0000000008003b3c      0x170 Drivers/STM32F4xx_HAL_Driver/Src/stm32f4xx_hal_rcc_ex.o
                0x0000000008003b3c                HAL_RCCEx_PeriphCLKConfig
 .text.HAL_RCCEx_GetPeriphCLKFreq
                0x0000000008003cac       0x78 Drivers/STM32F4xx_HAL_Driver/Src/stm32f4xx_hal_rcc_ex.o
                0x0000000008003cac                HAL_RCCEx_GetPeriphCLKFreq
 .text.UART_EndRxTransfer
                0x0000000008003d24       0x1c Drivers/STM32F4xx_HAL_Driver/Src/stm32f4xx_hal_uart.o
 .text.UART_Transmit_IT
                0x0000000008003d40       0x66 Drivers/STM32F4xx_HAL_Driver/Src/stm32f4xx_hal_uart.o
 *fill*         0x0000000008003da6        0x2 
 .text.UART_SetConfig
                0x0000000008003da8      0x1e8 Drivers/STM32F4xx_HAL_Driver/Src/stm32f4xx_hal_uart.o
 .text.HAL_UART_Init
                0x0000000008003f90       0x5e Drivers/STM32F4xx_HAL_Driver/Src/stm32f4xx_hal_uart.o
                0x0000000008003f90                HAL_UART_Init
 .text.HAL_UART_Receive_IT
                0x0000000008003fee       0x5c Drivers/STM32F4xx_HAL_Driver/Src/stm32f4xx_hal_uart.o
                0x0000000008003fee                HAL_UART_Receive_IT
 .text.HAL_UART_TxCpltCallback
                0x000000000800404a        0x2 Drivers/STM32F4xx_HAL_Driver/Src/stm32f4xx_hal_uart.o
                0x000000000800404a                HAL_UART_TxCpltCallback
 .text.UART_EndTransmit_IT
                0x000000000800404c       0x1a Drivers/STM32F4xx_HAL_Driver/Src/stm32f4xx_hal_uart.o
 .text.UART_Receive_IT
                0x0000000008004066       0x9e Drivers/STM32F4xx_HAL_Driver/Src/stm32f4xx_hal_uart.o
 .text.HAL_UART_ErrorCallback
                0x0000000008004104        0x2 Drivers/STM32F4xx_HAL_Driver/Src/stm32f4xx_hal_uart.o
                0x0000000008004104                HAL_UART_ErrorCallback
 *fill*         0x0000000008004106        0x2 
 .text.HAL_UART_IRQHandler
                0x0000000008004108      0x128 Drivers/STM32F4xx_HAL_Driver/Src/stm32f4xx_hal_uart.o
                0x0000000008004108                HAL_UART_IRQHandler
 .text.UART_DMAAbortOnError
                0x0000000008004230       0x10 Drivers/STM32F4xx_HAL_Driver/Src/stm32f4xx_hal_uart.o
 .text.Reset_Handler
                0x0000000008004240       0x50 startup/startup_stm32f411xe.o
                0x0000000008004240                Reset_Handler
 .text.Default_Handler
                0x0000000008004290        0x2 startup/startup_stm32f411xe.o
                0x0000000008004290                RTC_Alarm_IRQHandler
                0x0000000008004290                EXTI2_IRQHandler
                0x0000000008004290                SPI4_IRQHandler
                0x0000000008004290                TIM1_CC_IRQHandler
                0x0000000008004290                DMA2_Stream5_IRQHandler
                0x0000000008004290                DMA1_Stream5_IRQHandler
                0x0000000008004290                PVD_IRQHandler
                0x0000000008004290                SDIO_IRQHandler
                0x0000000008004290                TAMP_STAMP_IRQHandler
                0x0000000008004290                EXTI3_IRQHandler
                0x0000000008004290                TIM1_UP_TIM10_IRQHandler
                0x0000000008004290                I2C3_ER_IRQHandler
                0x0000000008004290                EXTI0_IRQHandler
                0x0000000008004290                I2C2_EV_IRQHandler
                0x0000000008004290                DMA1_Stream2_IRQHandler
                0x0000000008004290                FPU_IRQHandler
                0x0000000008004290                SPI1_IRQHandler
                0x0000000008004290                TIM1_BRK_TIM9_IRQHandler
                0x0000000008004290                DMA2_Stream3_IRQHandler
                0x0000000008004290                USART6_IRQHandler
                0x0000000008004290                DMA2_Stream0_IRQHandler
                0x0000000008004290                TIM4_IRQHandler
                0x0000000008004290                I2C1_EV_IRQHandler
                0x0000000008004290                DMA1_Stream6_IRQHandler
                0x0000000008004290                DMA1_Stream1_IRQHandler
                0x0000000008004290                TIM3_IRQHandler
                0x0000000008004290                RCC_IRQHandler
                0x0000000008004290                Default_Handler
                0x0000000008004290                EXTI15_10_IRQHandler
                0x0000000008004290                ADC_IRQHandler
                0x0000000008004290                DMA1_Stream7_IRQHandler
                0x0000000008004290                SPI5_IRQHandler
                0x0000000008004290                TIM5_IRQHandler
                0x0000000008004290                DMA2_Stream7_IRQHandler
                0x0000000008004290                I2C3_EV_IRQHandler
                0x0000000008004290                EXTI9_5_IRQHandler
                0x0000000008004290                RTC_WKUP_IRQHandler
                0x0000000008004290                SPI2_IRQHandler
                0x0000000008004290                DMA1_Stream0_IRQHandler
                0x0000000008004290                EXTI4_IRQHandler
                0x0000000008004290                WWDG_IRQHandler
                0x0000000008004290                TIM2_IRQHandler
                0x0000000008004290                OTG_FS_WKUP_IRQHandler
                0x0000000008004290                TIM1_TRG_COM_TIM11_IRQHandler
                0x0000000008004290                EXTI1_IRQHandler
                0x0000000008004290                I2C2_ER_IRQHandler
                0x0000000008004290                DMA2_Stream1_IRQHandler
                0x0000000008004290                FLASH_IRQHandler
                0x0000000008004290                DMA2_Stream4_IRQHandler
                0x0000000008004290                USART1_IRQHandler
                0x0000000008004290                OTG_FS_IRQHandler
                0x0000000008004290                SPI3_IRQHandler
                0x0000000008004290                DMA1_Stream4_IRQHandler
                0x0000000008004290                I2C1_ER_IRQHandler
                0x0000000008004290                DMA2_Stream6_IRQHandler
                0x0000000008004290                DMA1_Stream3_IRQHandler
 *fill*         0x0000000008004292        0x2 
 .text.__errno  0x0000000008004294        0xc d:/st/stm32cubeide_1.3.0/stm32cubeide/plugins/com.st.stm32cube.ide.mcu.externaltools.gnu-tools-for-stm32.7-2018-q2-update.win32_1.0.0.201904181610/tools/bin/../lib/gcc/arm-none-eabi/7.3.1/../../../../arm-none-eabi/lib/thumb/v7e-m/fpv4-sp/hard\libc_nano.a(lib_a-errno.o)
                0x0000000008004294                __errno
 .text.__libc_init_array
                0x00000000080042a0       0x48 d:/st/stm32cubeide_1.3.0/stm32cubeide/plugins/com.st.stm32cube.ide.mcu.externaltools.gnu-tools-for-stm32.7-2018-q2-update.win32_1.0.0.201904181610/tools/bin/../lib/gcc/arm-none-eabi/7.3.1/../../../../arm-none-eabi/lib/thumb/v7e-m/fpv4-sp/hard\libc_nano.a(lib_a-init.o)
                0x00000000080042a0                __libc_init_array
 .text.memset   0x00000000080042e8       0x10 d:/st/stm32cubeide_1.3.0/stm32cubeide/plugins/com.st.stm32cube.ide.mcu.externaltools.gnu-tools-for-stm32.7-2018-q2-update.win32_1.0.0.201904181610/tools/bin/../lib/gcc/arm-none-eabi/7.3.1/../../../../arm-none-eabi/lib/thumb/v7e-m/fpv4-sp/hard\libc_nano.a(lib_a-memset.o)
                0x00000000080042e8                memset
 .text.lrintf   0x00000000080042f8       0x80 d:/st/stm32cubeide_1.3.0/stm32cubeide/plugins/com.st.stm32cube.ide.mcu.externaltools.gnu-tools-for-stm32.7-2018-q2-update.win32_1.0.0.201904181610/tools/bin/../lib/gcc/arm-none-eabi/7.3.1/../../../../arm-none-eabi/lib/thumb/v7e-m/fpv4-sp/hard\libm.a(lib_a-sf_lrint.o)
                0x00000000080042f8                lrintf
 .text.rintf    0x0000000008004378       0xb4 d:/st/stm32cubeide_1.3.0/stm32cubeide/plugins/com.st.stm32cube.ide.mcu.externaltools.gnu-tools-for-stm32.7-2018-q2-update.win32_1.0.0.201904181610/tools/bin/../lib/gcc/arm-none-eabi/7.3.1/../../../../arm-none-eabi/lib/thumb/v7e-m/fpv4-sp/hard\libm.a(lib_a-sf_rint.o)
                0x0000000008004378                rintf
 .text.sinf     0x000000000800442c       0x84 d:/st/stm32cubeide_1.3.0/stm32cubeide/plugins/com.st.stm32cube.ide.mcu.externaltools.gnu-tools-for-stm32.7-2018-q2-update.win32_1.0.0.201904181610/tools/bin/../lib/gcc/arm-none-eabi/7.3.1/../../../../arm-none-eabi/lib/thumb/v7e-m/fpv4-sp/hard\libm.a(lib_a-sf_sin.o)
                0x000000000800442c                sinf
 .text.powf     0x00000000080044b0      0x2c8 d:/st/stm32cubeide_1.3.0/stm32cubeide/plugins/com.st.stm32cube.ide.mcu.externaltools.gnu-tools-for-stm32.7-2018-q2-update.win32_1.0.0.201904181610/tools/bin/../lib/gcc/arm-none-eabi/7.3.1/../../../../arm-none-eabi/lib/thumb/v7e-m/fpv4-sp/hard\libm.a(lib_a-wf_pow.o)
                0x00000000080044b0                powf
 .text.__ieee754_powf
                0x0000000008004778      0x580 d:/st/stm32cubeide_1.3.0/stm32cubeide/plugins/com.st.stm32cube.ide.mcu.externaltools.gnu-tools-for-stm32.7-2018-q2-update.win32_1.0.0.201904181610/tools/bin/../lib/gcc/arm-none-eabi/7.3.1/../../../../arm-none-eabi/lib/thumb/v7e-m/fpv4-sp/hard\libm.a(lib_a-ef_pow.o)
                0x0000000008004778                __ieee754_powf
 .text.__ieee754_rem_pio2f
                0x0000000008004cf8      0x258 d:/st/stm32cubeide_1.3.0/stm32cubeide/plugins/com.st.stm32cube.ide.mcu.externaltools.gnu-tools-for-stm32.7-2018-q2-update.win32_1.0.0.201904181610/tools/bin/../lib/gcc/arm-none-eabi/7.3.1/../../../../arm-none-eabi/lib/thumb/v7e-m/fpv4-sp/hard\libm.a(lib_a-ef_rem_pio2.o)
                0x0000000008004cf8                __ieee754_rem_pio2f
 .text.__ieee754_sqrtf
                0x0000000008004f50        0x6 d:/st/stm32cubeide_1.3.0/stm32cubeide/plugins/com.st.stm32cube.ide.mcu.externaltools.gnu-tools-for-stm32.7-2018-q2-update.win32_1.0.0.201904181610/tools/bin/../lib/gcc/arm-none-eabi/7.3.1/../../../../arm-none-eabi/lib/thumb/v7e-m/fpv4-sp/hard\libm.a(lib_a-ef_sqrt.o)
                0x0000000008004f50                __ieee754_sqrtf
 *fill*         0x0000000008004f56        0x2 
 .text.__kernel_cosf
                0x0000000008004f58       0xbc d:/st/stm32cubeide_1.3.0/stm32cubeide/plugins/com.st.stm32cube.ide.mcu.externaltools.gnu-tools-for-stm32.7-2018-q2-update.win32_1.0.0.201904181610/tools/bin/../lib/gcc/arm-none-eabi/7.3.1/../../../../arm-none-eabi/lib/thumb/v7e-m/fpv4-sp/hard\libm.a(lib_a-kf_cos.o)
                0x0000000008004f58                __kernel_cosf
 .text.__kernel_rem_pio2f
                0x0000000008005014      0x504 d:/st/stm32cubeide_1.3.0/stm32cubeide/plugins/com.st.stm32cube.ide.mcu.externaltools.gnu-tools-for-stm32.7-2018-q2-update.win32_1.0.0.201904181610/tools/bin/../lib/gcc/arm-none-eabi/7.3.1/../../../../arm-none-eabi/lib/thumb/v7e-m/fpv4-sp/hard\libm.a(lib_a-kf_rem_pio2.o)
                0x0000000008005014                __kernel_rem_pio2f
 .text.__kernel_sinf
                0x0000000008005518       0x90 d:/st/stm32cubeide_1.3.0/stm32cubeide/plugins/com.st.stm32cube.ide.mcu.externaltools.gnu-tools-for-stm32.7-2018-q2-update.win32_1.0.0.201904181610/tools/bin/../lib/gcc/arm-none-eabi/7.3.1/../../../../arm-none-eabi/lib/thumb/v7e-m/fpv4-sp/hard\libm.a(lib_a-kf_sin.o)
                0x0000000008005518                __kernel_sinf
 .text.matherr  0x00000000080055a8        0x4 d:/st/stm32cubeide_1.3.0/stm32cubeide/plugins/com.st.stm32cube.ide.mcu.externaltools.gnu-tools-for-stm32.7-2018-q2-update.win32_1.0.0.201904181610/tools/bin/../lib/gcc/arm-none-eabi/7.3.1/../../../../arm-none-eabi/lib/thumb/v7e-m/fpv4-sp/hard\libm.a(lib_a-s_matherr.o)
                0x00000000080055a8                matherr
 .text.fabsf    0x00000000080055ac        0xe d:/st/stm32cubeide_1.3.0/stm32cubeide/plugins/com.st.stm32cube.ide.mcu.externaltools.gnu-tools-for-stm32.7-2018-q2-update.win32_1.0.0.201904181610/tools/bin/../lib/gcc/arm-none-eabi/7.3.1/../../../../arm-none-eabi/lib/thumb/v7e-m/fpv4-sp/hard\libm.a(lib_a-sf_fabs.o)
                0x00000000080055ac                fabsf
 .text.finitef  0x00000000080055ba       0x14 d:/st/stm32cubeide_1.3.0/stm32cubeide/plugins/com.st.stm32cube.ide.mcu.externaltools.gnu-tools-for-stm32.7-2018-q2-update.win32_1.0.0.201904181610/tools/bin/../lib/gcc/arm-none-eabi/7.3.1/../../../../arm-none-eabi/lib/thumb/v7e-m/fpv4-sp/hard\libm.a(lib_a-sf_finite.o)
                0x00000000080055ba                finitef
 *fill*         0x00000000080055ce        0x2 
 .text.floorf   0x00000000080055d0       0x84 d:/st/stm32cubeide_1.3.0/stm32cubeide/plugins/com.st.stm32cube.ide.mcu.externaltools.gnu-tools-for-stm32.7-2018-q2-update.win32_1.0.0.201904181610/tools/bin/../lib/gcc/arm-none-eabi/7.3.1/../../../../arm-none-eabi/lib/thumb/v7e-m/fpv4-sp/hard\libm.a(lib_a-sf_floor.o)
                0x00000000080055d0                floorf
 .text.nanf     0x0000000008005654        0xc d:/st/stm32cubeide_1.3.0/stm32cubeide/plugins/com.st.stm32cube.ide.mcu.externaltools.gnu-tools-for-stm32.7-2018-q2-update.win32_1.0.0.201904181610/tools/bin/../lib/gcc/arm-none-eabi/7.3.1/../../../../arm-none-eabi/lib/thumb/v7e-m/fpv4-sp/hard\libm.a(lib_a-sf_nan.o)
                0x0000000008005654                nanf
 .text.scalbnf  0x0000000008005660       0xc0 d:/st/stm32cubeide_1.3.0/stm32cubeide/plugins/com.st.stm32cube.ide.mcu.externaltools.gnu-tools-for-stm32.7-2018-q2-update.win32_1.0.0.201904181610/tools/bin/../lib/gcc/arm-none-eabi/7.3.1/../../../../arm-none-eabi/lib/thumb/v7e-m/fpv4-sp/hard\libm.a(lib_a-sf_scalbn.o)
                0x0000000008005660                scalbnf
 .text.copysignf
                0x0000000008005720       0x18 d:/st/stm32cubeide_1.3.0/stm32cubeide/plugins/com.st.stm32cube.ide.mcu.externaltools.gnu-tools-for-stm32.7-2018-q2-update.win32_1.0.0.201904181610/tools/bin/../lib/gcc/arm-none-eabi/7.3.1/../../../../arm-none-eabi/lib/thumb/v7e-m/fpv4-sp/hard\libm.a(lib_a-sf_copysign.o)
                0x0000000008005720                copysignf
 *(.glue_7)
 .glue_7        0x0000000008005738        0x0 linker stubs
 *(.glue_7t)
 .glue_7t       0x0000000008005738        0x0 linker stubs
 *(.eh_frame)
 .eh_frame      0x0000000008005738        0x0 d:/st/stm32cubeide_1.3.0/stm32cubeide/plugins/com.st.stm32cube.ide.mcu.externaltools.gnu-tools-for-stm32.7-2018-q2-update.win32_1.0.0.201904181610/tools/bin/../lib/gcc/arm-none-eabi/7.3.1/thumb/v7e-m/fpv4-sp/hard/crtbegin.o
 *(.init)
 .init          0x0000000008005738        0x4 d:/st/stm32cubeide_1.3.0/stm32cubeide/plugins/com.st.stm32cube.ide.mcu.externaltools.gnu-tools-for-stm32.7-2018-q2-update.win32_1.0.0.201904181610/tools/bin/../lib/gcc/arm-none-eabi/7.3.1/thumb/v7e-m/fpv4-sp/hard/crti.o
                0x0000000008005738                _init
 .init          0x000000000800573c        0x8 d:/st/stm32cubeide_1.3.0/stm32cubeide/plugins/com.st.stm32cube.ide.mcu.externaltools.gnu-tools-for-stm32.7-2018-q2-update.win32_1.0.0.201904181610/tools/bin/../lib/gcc/arm-none-eabi/7.3.1/thumb/v7e-m/fpv4-sp/hard/crtn.o
 *(.fini)
 .fini          0x0000000008005744        0x4 d:/st/stm32cubeide_1.3.0/stm32cubeide/plugins/com.st.stm32cube.ide.mcu.externaltools.gnu-tools-for-stm32.7-2018-q2-update.win32_1.0.0.201904181610/tools/bin/../lib/gcc/arm-none-eabi/7.3.1/thumb/v7e-m/fpv4-sp/hard/crti.o
                0x0000000008005744                _fini
 .fini          0x0000000008005748        0x8 d:/st/stm32cubeide_1.3.0/stm32cubeide/plugins/com.st.stm32cube.ide.mcu.externaltools.gnu-tools-for-stm32.7-2018-q2-update.win32_1.0.0.201904181610/tools/bin/../lib/gcc/arm-none-eabi/7.3.1/thumb/v7e-m/fpv4-sp/hard/crtn.o
                0x0000000008005750                . = ALIGN (0x4)
                0x0000000008005750                _etext = .

.vfp11_veneer   0x0000000008005750        0x0
 .vfp11_veneer  0x0000000008005750        0x0 linker stubs

.v4_bx          0x0000000008005750        0x0
 .v4_bx         0x0000000008005750        0x0 linker stubs

.iplt           0x0000000008005750        0x0
 .iplt          0x0000000008005750        0x0 d:/st/stm32cubeide_1.3.0/stm32cubeide/plugins/com.st.stm32cube.ide.mcu.externaltools.gnu-tools-for-stm32.7-2018-q2-update.win32_1.0.0.201904181610/tools/bin/../lib/gcc/arm-none-eabi/7.3.1/thumb/v7e-m/fpv4-sp/hard/crtbegin.o

.rodata         0x0000000008005750      0x420
                0x0000000008005750                . = ALIGN (0x4)
 *(.rodata)
 .rodata        0x0000000008005750       0x18 Core/Src/system_stm32f4xx.o
                0x0000000008005750                AHBPrescTable
                0x0000000008005760                APBPrescTable
 .rodata        0x0000000008005768        0x8 Drivers/STM32F4xx_HAL_Driver/Src/stm32f4xx_hal_dma.o
 *(.rodata*)
 .rodata.TWO23  0x0000000008005770        0x8 d:/st/stm32cubeide_1.3.0/stm32cubeide/plugins/com.st.stm32cube.ide.mcu.externaltools.gnu-tools-for-stm32.7-2018-q2-update.win32_1.0.0.201904181610/tools/bin/../lib/gcc/arm-none-eabi/7.3.1/../../../../arm-none-eabi/lib/thumb/v7e-m/fpv4-sp/hard\libm.a(lib_a-sf_lrint.o)
 .rodata.TWO23  0x0000000008005778        0x8 d:/st/stm32cubeide_1.3.0/stm32cubeide/plugins/com.st.stm32cube.ide.mcu.externaltools.gnu-tools-for-stm32.7-2018-q2-update.win32_1.0.0.201904181610/tools/bin/../lib/gcc/arm-none-eabi/7.3.1/../../../../arm-none-eabi/lib/thumb/v7e-m/fpv4-sp/hard\libm.a(lib_a-sf_rint.o)
 .rodata.powf.str1.1
                0x0000000008005780        0x5 d:/st/stm32cubeide_1.3.0/stm32cubeide/plugins/com.st.stm32cube.ide.mcu.externaltools.gnu-tools-for-stm32.7-2018-q2-update.win32_1.0.0.201904181610/tools/bin/../lib/gcc/arm-none-eabi/7.3.1/../../../../arm-none-eabi/lib/thumb/v7e-m/fpv4-sp/hard\libm.a(lib_a-wf_pow.o)
 .rodata.__ieee754_powf.str1.1
                0x0000000008005785        0x5 d:/st/stm32cubeide_1.3.0/stm32cubeide/plugins/com.st.stm32cube.ide.mcu.externaltools.gnu-tools-for-stm32.7-2018-q2-update.win32_1.0.0.201904181610/tools/bin/../lib/gcc/arm-none-eabi/7.3.1/../../../../arm-none-eabi/lib/thumb/v7e-m/fpv4-sp/hard\libm.a(lib_a-ef_pow.o)
                                          0x1 (size before relaxing)
 *fill*         0x0000000008005785        0x3 
 .rodata.bp     0x0000000008005788        0x8 d:/st/stm32cubeide_1.3.0/stm32cubeide/plugins/com.st.stm32cube.ide.mcu.externaltools.gnu-tools-for-stm32.7-2018-q2-update.win32_1.0.0.201904181610/tools/bin/../lib/gcc/arm-none-eabi/7.3.1/../../../../arm-none-eabi/lib/thumb/v7e-m/fpv4-sp/hard\libm.a(lib_a-ef_pow.o)
 .rodata.dp_h   0x0000000008005790        0x8 d:/st/stm32cubeide_1.3.0/stm32cubeide/plugins/com.st.stm32cube.ide.mcu.externaltools.gnu-tools-for-stm32.7-2018-q2-update.win32_1.0.0.201904181610/tools/bin/../lib/gcc/arm-none-eabi/7.3.1/../../../../arm-none-eabi/lib/thumb/v7e-m/fpv4-sp/hard\libm.a(lib_a-ef_pow.o)
 .rodata.dp_l   0x0000000008005798        0x8 d:/st/stm32cubeide_1.3.0/stm32cubeide/plugins/com.st.stm32cube.ide.mcu.externaltools.gnu-tools-for-stm32.7-2018-q2-update.win32_1.0.0.201904181610/tools/bin/../lib/gcc/arm-none-eabi/7.3.1/../../../../arm-none-eabi/lib/thumb/v7e-m/fpv4-sp/hard\libm.a(lib_a-ef_pow.o)
 .rodata.npio2_hw
                0x00000000080057a0       0x80 d:/st/stm32cubeide_1.3.0/stm32cubeide/plugins/com.st.stm32cube.ide.mcu.externaltools.gnu-tools-for-stm32.7-2018-q2-update.win32_1.0.0.201904181610/tools/bin/../lib/gcc/arm-none-eabi/7.3.1/../../../../arm-none-eabi/lib/thumb/v7e-m/fpv4-sp/hard\libm.a(lib_a-ef_rem_pio2.o)
 .rodata.two_over_pi
                0x0000000008005820      0x318 d:/st/stm32cubeide_1.3.0/stm32cubeide/plugins/com.st.stm32cube.ide.mcu.externaltools.gnu-tools-for-stm32.7-2018-q2-update.win32_1.0.0.201904181610/tools/bin/../lib/gcc/arm-none-eabi/7.3.1/../../../../arm-none-eabi/lib/thumb/v7e-m/fpv4-sp/hard\libm.a(lib_a-ef_rem_pio2.o)
 .rodata.PIo2   0x0000000008005b38       0x2c d:/st/stm32cubeide_1.3.0/stm32cubeide/plugins/com.st.stm32cube.ide.mcu.externaltools.gnu-tools-for-stm32.7-2018-q2-update.win32_1.0.0.201904181610/tools/bin/../lib/gcc/arm-none-eabi/7.3.1/../../../../arm-none-eabi/lib/thumb/v7e-m/fpv4-sp/hard\libm.a(lib_a-kf_rem_pio2.o)
 .rodata.init_jk
                0x0000000008005b64        0xc d:/st/stm32cubeide_1.3.0/stm32cubeide/plugins/com.st.stm32cube.ide.mcu.externaltools.gnu-tools-for-stm32.7-2018-q2-update.win32_1.0.0.201904181610/tools/bin/../lib/gcc/arm-none-eabi/7.3.1/../../../../arm-none-eabi/lib/thumb/v7e-m/fpv4-sp/hard\libm.a(lib_a-kf_rem_pio2.o)
                0x0000000008005b70                . = ALIGN (0x4)

.ARM.extab
 *(.ARM.extab* .gnu.linkonce.armextab.*)

.ARM            0x0000000008005b70        0x8
                0x0000000008005b70                __exidx_start = .
 *(.ARM.exidx*)
 .ARM.exidx     0x0000000008005b70        0x8 d:/st/stm32cubeide_1.3.0/stm32cubeide/plugins/com.st.stm32cube.ide.mcu.externaltools.gnu-tools-for-stm32.7-2018-q2-update.win32_1.0.0.201904181610/tools/bin/../lib/gcc/arm-none-eabi/7.3.1/thumb/v7e-m/fpv4-sp/hard\libgcc.a(_udivmoddi4.o)
                0x0000000008005b78                __exidx_end = .

.rel.dyn        0x0000000008005b78        0x0
 .rel.iplt      0x0000000008005b78        0x0 d:/st/stm32cubeide_1.3.0/stm32cubeide/plugins/com.st.stm32cube.ide.mcu.externaltools.gnu-tools-for-stm32.7-2018-q2-update.win32_1.0.0.201904181610/tools/bin/../lib/gcc/arm-none-eabi/7.3.1/thumb/v7e-m/fpv4-sp/hard/crtbegin.o

.preinit_array  0x0000000008005b78        0x0
                0x0000000008005b78                PROVIDE (__preinit_array_start = .)
 *(.preinit_array*)
                0x0000000008005b78                PROVIDE (__preinit_array_end = .)

.init_array     0x0000000008005b78        0x4
                0x0000000008005b78                PROVIDE (__init_array_start = .)
 *(SORT_BY_NAME(.init_array.*))
 *(.init_array*)
 .init_array    0x0000000008005b78        0x4 d:/st/stm32cubeide_1.3.0/stm32cubeide/plugins/com.st.stm32cube.ide.mcu.externaltools.gnu-tools-for-stm32.7-2018-q2-update.win32_1.0.0.201904181610/tools/bin/../lib/gcc/arm-none-eabi/7.3.1/thumb/v7e-m/fpv4-sp/hard/crtbegin.o
                0x0000000008005b7c                PROVIDE (__init_array_end = .)

.fini_array     0x0000000008005b7c        0x4
                [!provide]                        PROVIDE (__fini_array_start = .)
 *(SORT_BY_NAME(.fini_array.*))
 *(.fini_array*)
 .fini_array    0x0000000008005b7c        0x4 d:/st/stm32cubeide_1.3.0/stm32cubeide/plugins/com.st.stm32cube.ide.mcu.externaltools.gnu-tools-for-stm32.7-2018-q2-update.win32_1.0.0.201904181610/tools/bin/../lib/gcc/arm-none-eabi/7.3.1/thumb/v7e-m/fpv4-sp/hard/crtbegin.o
                [!provide]                        PROVIDE (__fini_array_end = .)
                0x0000000008005b80                _sidata = LOADADDR (.data)

.data           0x0000000020000000       0x7c load address 0x0000000008005b80
                0x0000000020000000                . = ALIGN (0x4)
                0x0000000020000000                _sdata = .
 *(.data)
 .data          0x0000000020000000        0x8 Core/Src/main.o
                0x0000000020000000                currNote
                0x0000000020000001                bendRange
                0x0000000020000004                bendFactor
 .data          0x0000000020000008        0x4 Core/Src/system_stm32f4xx.o
                0x0000000020000008                SystemCoreClock
 .data          0x000000002000000c        0x8 Drivers/STM32F4xx_HAL_Driver/Src/stm32f4xx_hal.o
                0x000000002000000c                uwTickFreq
                0x0000000020000010                uwTickPrio
 *(.data*)
 .data._impure_ptr
                0x0000000020000014        0x4 d:/st/stm32cubeide_1.3.0/stm32cubeide/plugins/com.st.stm32cube.ide.mcu.externaltools.gnu-tools-for-stm32.7-2018-q2-update.win32_1.0.0.201904181610/tools/bin/../lib/gcc/arm-none-eabi/7.3.1/../../../../arm-none-eabi/lib/thumb/v7e-m/fpv4-sp/hard\libc_nano.a(lib_a-impure.o)
                0x0000000020000014                _impure_ptr
 .data.impure_data
                0x0000000020000018       0x60 d:/st/stm32cubeide_1.3.0/stm32cubeide/plugins/com.st.stm32cube.ide.mcu.externaltools.gnu-tools-for-stm32.7-2018-q2-update.win32_1.0.0.201904181610/tools/bin/../lib/gcc/arm-none-eabi/7.3.1/../../../../arm-none-eabi/lib/thumb/v7e-m/fpv4-sp/hard\libc_nano.a(lib_a-impure.o)
 .data.__fdlib_version
                0x0000000020000078        0x1 d:/st/stm32cubeide_1.3.0/stm32cubeide/plugins/com.st.stm32cube.ide.mcu.externaltools.gnu-tools-for-stm32.7-2018-q2-update.win32_1.0.0.201904181610/tools/bin/../lib/gcc/arm-none-eabi/7.3.1/../../../../arm-none-eabi/lib/thumb/v7e-m/fpv4-sp/hard\libm.a(lib_a-s_lib_ver.o)
                0x0000000020000078                __fdlib_version
                0x000000002000007c                . = ALIGN (0x4)
 *fill*         0x0000000020000079        0x3 
                0x000000002000007c                _edata = .

.igot.plt       0x000000002000007c        0x0 load address 0x0000000008005bfc
 .igot.plt      0x000000002000007c        0x0 d:/st/stm32cubeide_1.3.0/stm32cubeide/plugins/com.st.stm32cube.ide.mcu.externaltools.gnu-tools-for-stm32.7-2018-q2-update.win32_1.0.0.201904181610/tools/bin/../lib/gcc/arm-none-eabi/7.3.1/thumb/v7e-m/fpv4-sp/hard/crtbegin.o
                0x000000002000007c                . = ALIGN (0x4)

.bss            0x000000002000007c     0x118c load address 0x0000000008005bfc
                0x000000002000007c                _sbss = .
                0x000000002000007c                __bss_start__ = _sbss
 *(.bss)
 .bss           0x000000002000007c       0x1c d:/st/stm32cubeide_1.3.0/stm32cubeide/plugins/com.st.stm32cube.ide.mcu.externaltools.gnu-tools-for-stm32.7-2018-q2-update.win32_1.0.0.201904181610/tools/bin/../lib/gcc/arm-none-eabi/7.3.1/thumb/v7e-m/fpv4-sp/hard/crtbegin.o
 .bss           0x0000000020000098        0x8 Core/Src/adsr.o
                0x0000000020000098                AttackVal
                0x000000002000009c                ReleaseVal
 .bss           0x00000000200000a0        0x2 Core/Src/main.o
                0x00000000200000a0                noteCount
                0x00000000200000a1                noteByteFlag
 *fill*         0x00000000200000a2        0x2 
 .bss           0x00000000200000a4        0x4 Core/Src/oscillators.o
                0x00000000200000a4                pwm
 .bss           0x00000000200000a8        0x4 Core/Src/waveGen.o
 *(.bss*)
 *(COMMON)
 COMMON         0x00000000200000ac       0x24 Core/Src/DSP-Filter.o
                0x00000000200000ac                filterFreq
                0x00000000200000b0                vcf
 COMMON         0x00000000200000d0       0x18 Core/Src/adsr.o
                0x00000000200000d0                amp_EG
 COMMON         0x00000000200000e8     0x10a8 Core/Src/main.o
                0x00000000200000e8                voice
                0x00000000200000f8                rx_buff
                0x00000000200000fc                audiobuff
                0x000000002000109c                MIDIcmd
                0x00000000200010a0                MIDI_rx
                0x00000000200010a3                MIDIvel
                0x00000000200010a4                hi2s1
                0x00000000200010ec                MIDInote
                0x00000000200010f0                huart2
                0x0000000020001130                hdma_spi1_tx
 COMMON         0x0000000020001190       0x6c Core/Src/oscillators.o
                0x0000000020001190                op1
                0x00000000200011b4                pwm_lfo
                0x00000000200011d8                vibr_lfo
 COMMON         0x00000000200011fc        0x8 Core/Src/parameterFuncs.o
                0x00000000200011fc                osc_sel
                0x0000000020001200                vol
 COMMON         0x0000000020001204        0x4 Drivers/STM32F4xx_HAL_Driver/Src/stm32f4xx_hal.o
                0x0000000020001204                uwTick
                0x0000000020001208                . = ALIGN (0x4)
                0x0000000020001208                _ebss = .
                0x0000000020001208                __bss_end__ = _ebss

._user_heap_stack
                0x0000000020001208      0x600 load address 0x0000000008005bfc
                0x0000000020001208                . = ALIGN (0x8)
                0x0000000020001208                PROVIDE (end = .)
                [!provide]                        PROVIDE (_end = .)
                0x0000000020001408                . = (. + _Min_Heap_Size)
 *fill*         0x0000000020001208      0x200 
                0x0000000020001808                . = (. + _Min_Stack_Size)
 *fill*         0x0000000020001408      0x400 
                0x0000000020001808                . = ALIGN (0x8)

/DISCARD/
 libc.a(*)
 libm.a(*)
 libgcc.a(*)

.ARM.attributes
                0x0000000000000000       0x30
 *(.ARM.attributes)
 .ARM.attributes
                0x0000000000000000       0x22 d:/st/stm32cubeide_1.3.0/stm32cubeide/plugins/com.st.stm32cube.ide.mcu.externaltools.gnu-tools-for-stm32.7-2018-q2-update.win32_1.0.0.201904181610/tools/bin/../lib/gcc/arm-none-eabi/7.3.1/thumb/v7e-m/fpv4-sp/hard/crti.o
 .ARM.attributes
                0x0000000000000022       0x34 d:/st/stm32cubeide_1.3.0/stm32cubeide/plugins/com.st.stm32cube.ide.mcu.externaltools.gnu-tools-for-stm32.7-2018-q2-update.win32_1.0.0.201904181610/tools/bin/../lib/gcc/arm-none-eabi/7.3.1/thumb/v7e-m/fpv4-sp/hard/crtbegin.o
 .ARM.attributes
                0x0000000000000056       0x39 Core/Src/DSP-Filter.o
 .ARM.attributes
                0x000000000000008f       0x39 Core/Src/MIDI_CCs.o
 .ARM.attributes
                0x00000000000000c8       0x39 Core/Src/adsr.o
 .ARM.attributes
                0x0000000000000101       0x39 Core/Src/main.o
 .ARM.attributes
                0x000000000000013a       0x34 Core/Src/math_tools.o
 .ARM.attributes
                0x000000000000016e       0x39 Core/Src/oscillators.o
 .ARM.attributes
                0x00000000000001a7       0x39 Core/Src/parameterFuncs.o
 .ARM.attributes
                0x00000000000001e0       0x39 Core/Src/stm32f4xx_hal_msp.o
 .ARM.attributes
                0x0000000000000219       0x39 Core/Src/stm32f4xx_it.o
 .ARM.attributes
                0x0000000000000252       0x34 Core/Src/system_stm32f4xx.o
 .ARM.attributes
                0x0000000000000286       0x39 Core/Src/waveGen.o
 .ARM.attributes
                0x00000000000002bf       0x34 Drivers/STM32F4xx_HAL_Driver/Src/stm32f4xx_hal.o
 .ARM.attributes
                0x00000000000002f3       0x34 Drivers/STM32F4xx_HAL_Driver/Src/stm32f4xx_hal_cortex.o
 .ARM.attributes
                0x0000000000000327       0x34 Drivers/STM32F4xx_HAL_Driver/Src/stm32f4xx_hal_dma.o
 .ARM.attributes
                0x000000000000035b       0x34 Drivers/STM32F4xx_HAL_Driver/Src/stm32f4xx_hal_gpio.o
 .ARM.attributes
                0x000000000000038f       0x34 Drivers/STM32F4xx_HAL_Driver/Src/stm32f4xx_hal_i2s.o
 .ARM.attributes
                0x00000000000003c3       0x34 Drivers/STM32F4xx_HAL_Driver/Src/stm32f4xx_hal_i2s_ex.o
 .ARM.attributes
                0x00000000000003f7       0x34 Drivers/STM32F4xx_HAL_Driver/Src/stm32f4xx_hal_rcc.o
 .ARM.attributes
                0x000000000000042b       0x34 Drivers/STM32F4xx_HAL_Driver/Src/stm32f4xx_hal_rcc_ex.o
 .ARM.attributes
                0x000000000000045f       0x34 Drivers/STM32F4xx_HAL_Driver/Src/stm32f4xx_hal_uart.o
 .ARM.attributes
                0x0000000000000493       0x21 startup/startup_stm32f411xe.o
 .ARM.attributes
                0x00000000000004b4       0x34 d:/st/stm32cubeide_1.3.0/stm32cubeide/plugins/com.st.stm32cube.ide.mcu.externaltools.gnu-tools-for-stm32.7-2018-q2-update.win32_1.0.0.201904181610/tools/bin/../lib/gcc/arm-none-eabi/7.3.1/../../../../arm-none-eabi/lib/thumb/v7e-m/fpv4-sp/hard\libc_nano.a(lib_a-errno.o)
 .ARM.attributes
                0x00000000000004e8       0x34 d:/st/stm32cubeide_1.3.0/stm32cubeide/plugins/com.st.stm32cube.ide.mcu.externaltools.gnu-tools-for-stm32.7-2018-q2-update.win32_1.0.0.201904181610/tools/bin/../lib/gcc/arm-none-eabi/7.3.1/../../../../arm-none-eabi/lib/thumb/v7e-m/fpv4-sp/hard\libc_nano.a(lib_a-impure.o)
 .ARM.attributes
                0x000000000000051c       0x34 d:/st/stm32cubeide_1.3.0/stm32cubeide/plugins/com.st.stm32cube.ide.mcu.externaltools.gnu-tools-for-stm32.7-2018-q2-update.win32_1.0.0.201904181610/tools/bin/../lib/gcc/arm-none-eabi/7.3.1/../../../../arm-none-eabi/lib/thumb/v7e-m/fpv4-sp/hard\libc_nano.a(lib_a-init.o)
 .ARM.attributes
                0x0000000000000550       0x34 d:/st/stm32cubeide_1.3.0/stm32cubeide/plugins/com.st.stm32cube.ide.mcu.externaltools.gnu-tools-for-stm32.7-2018-q2-update.win32_1.0.0.201904181610/tools/bin/../lib/gcc/arm-none-eabi/7.3.1/../../../../arm-none-eabi/lib/thumb/v7e-m/fpv4-sp/hard\libc_nano.a(lib_a-memset.o)
 .ARM.attributes
                0x0000000000000584       0x34 d:/st/stm32cubeide_1.3.0/stm32cubeide/plugins/com.st.stm32cube.ide.mcu.externaltools.gnu-tools-for-stm32.7-2018-q2-update.win32_1.0.0.201904181610/tools/bin/../lib/gcc/arm-none-eabi/7.3.1/../../../../arm-none-eabi/lib/thumb/v7e-m/fpv4-sp/hard\libm.a(lib_a-sf_lrint.o)
 .ARM.attributes
                0x00000000000005b8       0x34 d:/st/stm32cubeide_1.3.0/stm32cubeide/plugins/com.st.stm32cube.ide.mcu.externaltools.gnu-tools-for-stm32.7-2018-q2-update.win32_1.0.0.201904181610/tools/bin/../lib/gcc/arm-none-eabi/7.3.1/../../../../arm-none-eabi/lib/thumb/v7e-m/fpv4-sp/hard\libm.a(lib_a-sf_rint.o)
 .ARM.attributes
                0x00000000000005ec       0x34 d:/st/stm32cubeide_1.3.0/stm32cubeide/plugins/com.st.stm32cube.ide.mcu.externaltools.gnu-tools-for-stm32.7-2018-q2-update.win32_1.0.0.201904181610/tools/bin/../lib/gcc/arm-none-eabi/7.3.1/../../../../arm-none-eabi/lib/thumb/v7e-m/fpv4-sp/hard\libm.a(lib_a-sf_sin.o)
 .ARM.attributes
                0x0000000000000620       0x34 d:/st/stm32cubeide_1.3.0/stm32cubeide/plugins/com.st.stm32cube.ide.mcu.externaltools.gnu-tools-for-stm32.7-2018-q2-update.win32_1.0.0.201904181610/tools/bin/../lib/gcc/arm-none-eabi/7.3.1/../../../../arm-none-eabi/lib/thumb/v7e-m/fpv4-sp/hard\libm.a(lib_a-wf_pow.o)
 .ARM.attributes
                0x0000000000000654       0x34 d:/st/stm32cubeide_1.3.0/stm32cubeide/plugins/com.st.stm32cube.ide.mcu.externaltools.gnu-tools-for-stm32.7-2018-q2-update.win32_1.0.0.201904181610/tools/bin/../lib/gcc/arm-none-eabi/7.3.1/../../../../arm-none-eabi/lib/thumb/v7e-m/fpv4-sp/hard\libm.a(lib_a-ef_pow.o)
 .ARM.attributes
                0x0000000000000688       0x34 d:/st/stm32cubeide_1.3.0/stm32cubeide/plugins/com.st.stm32cube.ide.mcu.externaltools.gnu-tools-for-stm32.7-2018-q2-update.win32_1.0.0.201904181610/tools/bin/../lib/gcc/arm-none-eabi/7.3.1/../../../../arm-none-eabi/lib/thumb/v7e-m/fpv4-sp/hard\libm.a(lib_a-ef_rem_pio2.o)
 .ARM.attributes
                0x00000000000006bc       0x34 d:/st/stm32cubeide_1.3.0/stm32cubeide/plugins/com.st.stm32cube.ide.mcu.externaltools.gnu-tools-for-stm32.7-2018-q2-update.win32_1.0.0.201904181610/tools/bin/../lib/gcc/arm-none-eabi/7.3.1/../../../../arm-none-eabi/lib/thumb/v7e-m/fpv4-sp/hard\libm.a(lib_a-ef_sqrt.o)
 .ARM.attributes
                0x00000000000006f0       0x34 d:/st/stm32cubeide_1.3.0/stm32cubeide/plugins/com.st.stm32cube.ide.mcu.externaltools.gnu-tools-for-stm32.7-2018-q2-update.win32_1.0.0.201904181610/tools/bin/../lib/gcc/arm-none-eabi/7.3.1/../../../../arm-none-eabi/lib/thumb/v7e-m/fpv4-sp/hard\libm.a(lib_a-kf_cos.o)
 .ARM.attributes
                0x0000000000000724       0x34 d:/st/stm32cubeide_1.3.0/stm32cubeide/plugins/com.st.stm32cube.ide.mcu.externaltools.gnu-tools-for-stm32.7-2018-q2-update.win32_1.0.0.201904181610/tools/bin/../lib/gcc/arm-none-eabi/7.3.1/../../../../arm-none-eabi/lib/thumb/v7e-m/fpv4-sp/hard\libm.a(lib_a-kf_rem_pio2.o)
 .ARM.attributes
                0x0000000000000758       0x34 d:/st/stm32cubeide_1.3.0/stm32cubeide/plugins/com.st.stm32cube.ide.mcu.externaltools.gnu-tools-for-stm32.7-2018-q2-update.win32_1.0.0.201904181610/tools/bin/../lib/gcc/arm-none-eabi/7.3.1/../../../../arm-none-eabi/lib/thumb/v7e-m/fpv4-sp/hard\libm.a(lib_a-kf_sin.o)
 .ARM.attributes
                0x000000000000078c       0x34 d:/st/stm32cubeide_1.3.0/stm32cubeide/plugins/com.st.stm32cube.ide.mcu.externaltools.gnu-tools-for-stm32.7-2018-q2-update.win32_1.0.0.201904181610/tools/bin/../lib/gcc/arm-none-eabi/7.3.1/../../../../arm-none-eabi/lib/thumb/v7e-m/fpv4-sp/hard\libm.a(lib_a-s_lib_ver.o)
 .ARM.attributes
                0x00000000000007c0       0x34 d:/st/stm32cubeide_1.3.0/stm32cubeide/plugins/com.st.stm32cube.ide.mcu.externaltools.gnu-tools-for-stm32.7-2018-q2-update.win32_1.0.0.201904181610/tools/bin/../lib/gcc/arm-none-eabi/7.3.1/../../../../arm-none-eabi/lib/thumb/v7e-m/fpv4-sp/hard\libm.a(lib_a-s_matherr.o)
 .ARM.attributes
                0x00000000000007f4       0x34 d:/st/stm32cubeide_1.3.0/stm32cubeide/plugins/com.st.stm32cube.ide.mcu.externaltools.gnu-tools-for-stm32.7-2018-q2-update.win32_1.0.0.201904181610/tools/bin/../lib/gcc/arm-none-eabi/7.3.1/../../../../arm-none-eabi/lib/thumb/v7e-m/fpv4-sp/hard\libm.a(lib_a-sf_fabs.o)
 .ARM.attributes
                0x0000000000000828       0x34 d:/st/stm32cubeide_1.3.0/stm32cubeide/plugins/com.st.stm32cube.ide.mcu.externaltools.gnu-tools-for-stm32.7-2018-q2-update.win32_1.0.0.201904181610/tools/bin/../lib/gcc/arm-none-eabi/7.3.1/../../../../arm-none-eabi/lib/thumb/v7e-m/fpv4-sp/hard\libm.a(lib_a-sf_finite.o)
 .ARM.attributes
                0x000000000000085c       0x34 d:/st/stm32cubeide_1.3.0/stm32cubeide/plugins/com.st.stm32cube.ide.mcu.externaltools.gnu-tools-for-stm32.7-2018-q2-update.win32_1.0.0.201904181610/tools/bin/../lib/gcc/arm-none-eabi/7.3.1/../../../../arm-none-eabi/lib/thumb/v7e-m/fpv4-sp/hard\libm.a(lib_a-sf_floor.o)
 .ARM.attributes
                0x0000000000000890       0x34 d:/st/stm32cubeide_1.3.0/stm32cubeide/plugins/com.st.stm32cube.ide.mcu.externaltools.gnu-tools-for-stm32.7-2018-q2-update.win32_1.0.0.201904181610/tools/bin/../lib/gcc/arm-none-eabi/7.3.1/../../../../arm-none-eabi/lib/thumb/v7e-m/fpv4-sp/hard\libm.a(lib_a-sf_nan.o)
 .ARM.attributes
                0x00000000000008c4       0x34 d:/st/stm32cubeide_1.3.0/stm32cubeide/plugins/com.st.stm32cube.ide.mcu.externaltools.gnu-tools-for-stm32.7-2018-q2-update.win32_1.0.0.201904181610/tools/bin/../lib/gcc/arm-none-eabi/7.3.1/../../../../arm-none-eabi/lib/thumb/v7e-m/fpv4-sp/hard\libm.a(lib_a-sf_scalbn.o)
 .ARM.attributes
                0x00000000000008f8       0x34 d:/st/stm32cubeide_1.3.0/stm32cubeide/plugins/com.st.stm32cube.ide.mcu.externaltools.gnu-tools-for-stm32.7-2018-q2-update.win32_1.0.0.201904181610/tools/bin/../lib/gcc/arm-none-eabi/7.3.1/../../../../arm-none-eabi/lib/thumb/v7e-m/fpv4-sp/hard\libm.a(lib_a-sf_copysign.o)
 .ARM.attributes
                0x000000000000092c       0x22 d:/st/stm32cubeide_1.3.0/stm32cubeide/plugins/com.st.stm32cube.ide.mcu.externaltools.gnu-tools-for-stm32.7-2018-q2-update.win32_1.0.0.201904181610/tools/bin/../lib/gcc/arm-none-eabi/7.3.1/thumb/v7e-m/fpv4-sp/hard\libgcc.a(_arm_addsubdf3.o)
 .ARM.attributes
                0x000000000000094e       0x22 d:/st/stm32cubeide_1.3.0/stm32cubeide/plugins/com.st.stm32cube.ide.mcu.externaltools.gnu-tools-for-stm32.7-2018-q2-update.win32_1.0.0.201904181610/tools/bin/../lib/gcc/arm-none-eabi/7.3.1/thumb/v7e-m/fpv4-sp/hard\libgcc.a(_arm_muldivdf3.o)
 .ARM.attributes
                0x0000000000000970       0x22 d:/st/stm32cubeide_1.3.0/stm32cubeide/plugins/com.st.stm32cube.ide.mcu.externaltools.gnu-tools-for-stm32.7-2018-q2-update.win32_1.0.0.201904181610/tools/bin/../lib/gcc/arm-none-eabi/7.3.1/thumb/v7e-m/fpv4-sp/hard\libgcc.a(_arm_cmpdf2.o)
 .ARM.attributes
                0x0000000000000992       0x22 d:/st/stm32cubeide_1.3.0/stm32cubeide/plugins/com.st.stm32cube.ide.mcu.externaltools.gnu-tools-for-stm32.7-2018-q2-update.win32_1.0.0.201904181610/tools/bin/../lib/gcc/arm-none-eabi/7.3.1/thumb/v7e-m/fpv4-sp/hard\libgcc.a(_arm_truncdfsf2.o)
 .ARM.attributes
                0x00000000000009b4       0x22 d:/st/stm32cubeide_1.3.0/stm32cubeide/plugins/com.st.stm32cube.ide.mcu.externaltools.gnu-tools-for-stm32.7-2018-q2-update.win32_1.0.0.201904181610/tools/bin/../lib/gcc/arm-none-eabi/7.3.1/thumb/v7e-m/fpv4-sp/hard\libgcc.a(_aeabi_uldivmod.o)
 .ARM.attributes
                0x00000000000009d6       0x34 d:/st/stm32cubeide_1.3.0/stm32cubeide/plugins/com.st.stm32cube.ide.mcu.externaltools.gnu-tools-for-stm32.7-2018-q2-update.win32_1.0.0.201904181610/tools/bin/../lib/gcc/arm-none-eabi/7.3.1/thumb/v7e-m/fpv4-sp/hard\libgcc.a(_udivmoddi4.o)
 .ARM.attributes
                0x0000000000000a0a       0x22 d:/st/stm32cubeide_1.3.0/stm32cubeide/plugins/com.st.stm32cube.ide.mcu.externaltools.gnu-tools-for-stm32.7-2018-q2-update.win32_1.0.0.201904181610/tools/bin/../lib/gcc/arm-none-eabi/7.3.1/thumb/v7e-m/fpv4-sp/hard\libgcc.a(_dvmd_tls.o)
 .ARM.attributes
                0x0000000000000a2c       0x22 d:/st/stm32cubeide_1.3.0/stm32cubeide/plugins/com.st.stm32cube.ide.mcu.externaltools.gnu-tools-for-stm32.7-2018-q2-update.win32_1.0.0.201904181610/tools/bin/../lib/gcc/arm-none-eabi/7.3.1/thumb/v7e-m/fpv4-sp/hard/crtn.o
OUTPUT(BP_Filter-1.elf elf32-littlearm)

.debug_info     0x0000000000000000    0x12241
 .debug_info    0x0000000000000000      0xcb4 Core/Src/DSP-Filter.o
 .debug_info    0x0000000000000cb4      0xb30 Core/Src/MIDI_CCs.o
 .debug_info    0x00000000000017e4      0xc7d Core/Src/adsr.o
 .debug_info    0x0000000000002461     0x1efb Core/Src/main.o
 .debug_info    0x000000000000435c      0xcb0 Core/Src/math_tools.o
 .debug_info    0x000000000000500c      0xcc8 Core/Src/oscillators.o
 .debug_info    0x0000000000005cd4      0xcb4 Core/Src/parameterFuncs.o
 .debug_info    0x0000000000006988     0x177b Core/Src/stm32f4xx_hal_msp.o
 .debug_info    0x0000000000008103      0xf3b Core/Src/stm32f4xx_it.o
 .debug_info    0x000000000000903e      0x5e9 Core/Src/system_stm32f4xx.o
 .debug_info    0x0000000000009627      0xe03 Core/Src/waveGen.o
 .debug_info    0x000000000000a42a      0xa0f Drivers/STM32F4xx_HAL_Driver/Src/stm32f4xx_hal.o
 .debug_info    0x000000000000ae39     0x10c8 Drivers/STM32F4xx_HAL_Driver/Src/stm32f4xx_hal_cortex.o
 .debug_info    0x000000000000bf01      0xbe9 Drivers/STM32F4xx_HAL_Driver/Src/stm32f4xx_hal_dma.o
 .debug_info    0x000000000000caea      0x897 Drivers/STM32F4xx_HAL_Driver/Src/stm32f4xx_hal_gpio.o
 .debug_info    0x000000000000d381     0x1295 Drivers/STM32F4xx_HAL_Driver/Src/stm32f4xx_hal_i2s.o
 .debug_info    0x000000000000e616      0xf24 Drivers/STM32F4xx_HAL_Driver/Src/stm32f4xx_hal_i2s_ex.o
 .debug_info    0x000000000000f53a      0xb89 Drivers/STM32F4xx_HAL_Driver/Src/stm32f4xx_hal_rcc.o
 .debug_info    0x00000000000100c3      0x7b3 Drivers/STM32F4xx_HAL_Driver/Src/stm32f4xx_hal_rcc_ex.o
 .debug_info    0x0000000000010876     0x19a9 Drivers/STM32F4xx_HAL_Driver/Src/stm32f4xx_hal_uart.o
 .debug_info    0x000000000001221f       0x22 startup/startup_stm32f411xe.o

.debug_abbrev   0x0000000000000000     0x3079
 .debug_abbrev  0x0000000000000000      0x28f Core/Src/DSP-Filter.o
 .debug_abbrev  0x000000000000028f      0x1e7 Core/Src/MIDI_CCs.o
 .debug_abbrev  0x0000000000000476      0x253 Core/Src/adsr.o
 .debug_abbrev  0x00000000000006c9      0x31d Core/Src/main.o
 .debug_abbrev  0x00000000000009e6      0x26d Core/Src/math_tools.o
 .debug_abbrev  0x0000000000000c53      0x288 Core/Src/oscillators.o
 .debug_abbrev  0x0000000000000edb      0x25b Core/Src/parameterFuncs.o
 .debug_abbrev  0x0000000000001136      0x243 Core/Src/stm32f4xx_hal_msp.o
 .debug_abbrev  0x0000000000001379      0x205 Core/Src/stm32f4xx_it.o
 .debug_abbrev  0x000000000000157e      0x14b Core/Src/system_stm32f4xx.o
 .debug_abbrev  0x00000000000016c9      0x287 Core/Src/waveGen.o
 .debug_abbrev  0x0000000000001950      0x24d Drivers/STM32F4xx_HAL_Driver/Src/stm32f4xx_hal.o
 .debug_abbrev  0x0000000000001b9d      0x393 Drivers/STM32F4xx_HAL_Driver/Src/stm32f4xx_hal_cortex.o
 .debug_abbrev  0x0000000000001f30      0x298 Drivers/STM32F4xx_HAL_Driver/Src/stm32f4xx_hal_dma.o
 .debug_abbrev  0x00000000000021c8      0x21f Drivers/STM32F4xx_HAL_Driver/Src/stm32f4xx_hal_gpio.o
 .debug_abbrev  0x00000000000023e7      0x289 Drivers/STM32F4xx_HAL_Driver/Src/stm32f4xx_hal_i2s.o
 .debug_abbrev  0x0000000000002670      0x2d5 Drivers/STM32F4xx_HAL_Driver/Src/stm32f4xx_hal_i2s_ex.o
 .debug_abbrev  0x0000000000002945      0x2b1 Drivers/STM32F4xx_HAL_Driver/Src/stm32f4xx_hal_rcc.o
 .debug_abbrev  0x0000000000002bf6      0x19d Drivers/STM32F4xx_HAL_Driver/Src/stm32f4xx_hal_rcc_ex.o
 .debug_abbrev  0x0000000000002d93      0x2d4 Drivers/STM32F4xx_HAL_Driver/Src/stm32f4xx_hal_uart.o
 .debug_abbrev  0x0000000000003067       0x12 startup/startup_stm32f411xe.o

.debug_loc      0x0000000000000000     0x6b28
 .debug_loc     0x0000000000000000      0x42b Core/Src/DSP-Filter.o
 .debug_loc     0x000000000000042b       0xa2 Core/Src/MIDI_CCs.o
 .debug_loc     0x00000000000004cd      0x150 Core/Src/adsr.o
 .debug_loc     0x000000000000061d      0x335 Core/Src/main.o
 .debug_loc     0x0000000000000952      0x687 Core/Src/math_tools.o
 .debug_loc     0x0000000000000fd9       0xf6 Core/Src/oscillators.o
 .debug_loc     0x00000000000010cf       0x84 Core/Src/parameterFuncs.o
 .debug_loc     0x0000000000001153       0xd7 Core/Src/stm32f4xx_hal_msp.o
 .debug_loc     0x000000000000122a      0x16c Core/Src/system_stm32f4xx.o
 .debug_loc     0x0000000000001396      0x15f Core/Src/waveGen.o
 .debug_loc     0x00000000000014f5      0x141 Drivers/STM32F4xx_HAL_Driver/Src/stm32f4xx_hal.o
 .debug_loc     0x0000000000001636      0x744 Drivers/STM32F4xx_HAL_Driver/Src/stm32f4xx_hal_cortex.o
 .debug_loc     0x0000000000001d7a      0xbf9 Drivers/STM32F4xx_HAL_Driver/Src/stm32f4xx_hal_dma.o
 .debug_loc     0x0000000000002973      0x4ff Drivers/STM32F4xx_HAL_Driver/Src/stm32f4xx_hal_gpio.o
 .debug_loc     0x0000000000002e72      0xfa1 Drivers/STM32F4xx_HAL_Driver/Src/stm32f4xx_hal_i2s.o
 .debug_loc     0x0000000000003e13      0xb12 Drivers/STM32F4xx_HAL_Driver/Src/stm32f4xx_hal_i2s_ex.o
 .debug_loc     0x0000000000004925      0x56f Drivers/STM32F4xx_HAL_Driver/Src/stm32f4xx_hal_rcc.o
 .debug_loc     0x0000000000004e94      0x3cf Drivers/STM32F4xx_HAL_Driver/Src/stm32f4xx_hal_rcc_ex.o
 .debug_loc     0x0000000000005263     0x18c5 Drivers/STM32F4xx_HAL_Driver/Src/stm32f4xx_hal_uart.o

.debug_aranges  0x0000000000000000      0xa50
 .debug_aranges
                0x0000000000000000       0x50 Core/Src/DSP-Filter.o
 .debug_aranges
                0x0000000000000050       0x20 Core/Src/MIDI_CCs.o
 .debug_aranges
                0x0000000000000070       0x78 Core/Src/adsr.o
 .debug_aranges
                0x00000000000000e8       0x88 Core/Src/main.o
 .debug_aranges
                0x0000000000000170       0x50 Core/Src/math_tools.o
 .debug_aranges
                0x00000000000001c0       0x60 Core/Src/oscillators.o
 .debug_aranges
                0x0000000000000220       0x50 Core/Src/parameterFuncs.o
 .debug_aranges
                0x0000000000000270       0x40 Core/Src/stm32f4xx_hal_msp.o
 .debug_aranges
                0x00000000000002b0       0x70 Core/Src/stm32f4xx_it.o
 .debug_aranges
                0x0000000000000320       0x28 Core/Src/system_stm32f4xx.o
 .debug_aranges
                0x0000000000000348       0x28 Core/Src/waveGen.o
 .debug_aranges
                0x0000000000000370       0xf0 Drivers/STM32F4xx_HAL_Driver/Src/stm32f4xx_hal.o
 .debug_aranges
                0x0000000000000460       0xa8 Drivers/STM32F4xx_HAL_Driver/Src/stm32f4xx_hal_cortex.o
 .debug_aranges
                0x0000000000000508       0x90 Drivers/STM32F4xx_HAL_Driver/Src/stm32f4xx_hal_dma.o
 .debug_aranges
                0x0000000000000598       0x58 Drivers/STM32F4xx_HAL_Driver/Src/stm32f4xx_hal_gpio.o
 .debug_aranges
                0x00000000000005f0      0x108 Drivers/STM32F4xx_HAL_Driver/Src/stm32f4xx_hal_i2s.o
 .debug_aranges
                0x00000000000006f8       0x88 Drivers/STM32F4xx_HAL_Driver/Src/stm32f4xx_hal_i2s_ex.o
 .debug_aranges
                0x0000000000000780       0x88 Drivers/STM32F4xx_HAL_Driver/Src/stm32f4xx_hal_rcc.o
 .debug_aranges
                0x0000000000000808       0x50 Drivers/STM32F4xx_HAL_Driver/Src/stm32f4xx_hal_rcc_ex.o
 .debug_aranges
                0x0000000000000858      0x1d0 Drivers/STM32F4xx_HAL_Driver/Src/stm32f4xx_hal_uart.o
 .debug_aranges
                0x0000000000000a28       0x28 startup/startup_stm32f411xe.o

.debug_ranges   0x0000000000000000      0x9f8
 .debug_ranges  0x0000000000000000       0x40 Core/Src/DSP-Filter.o
 .debug_ranges  0x0000000000000040       0x10 Core/Src/MIDI_CCs.o
 .debug_ranges  0x0000000000000050       0x68 Core/Src/adsr.o
 .debug_ranges  0x00000000000000b8       0xa8 Core/Src/main.o
 .debug_ranges  0x0000000000000160       0x40 Core/Src/math_tools.o
 .debug_ranges  0x00000000000001a0       0x50 Core/Src/oscillators.o
 .debug_ranges  0x00000000000001f0       0x40 Core/Src/parameterFuncs.o
 .debug_ranges  0x0000000000000230       0x30 Core/Src/stm32f4xx_hal_msp.o
 .debug_ranges  0x0000000000000260       0x60 Core/Src/stm32f4xx_it.o
 .debug_ranges  0x00000000000002c0       0x18 Core/Src/system_stm32f4xx.o
 .debug_ranges  0x00000000000002d8       0x18 Core/Src/waveGen.o
 .debug_ranges  0x00000000000002f0       0xe0 Drivers/STM32F4xx_HAL_Driver/Src/stm32f4xx_hal.o
 .debug_ranges  0x00000000000003d0       0xf8 Drivers/STM32F4xx_HAL_Driver/Src/stm32f4xx_hal_cortex.o
 .debug_ranges  0x00000000000004c8       0x80 Drivers/STM32F4xx_HAL_Driver/Src/stm32f4xx_hal_dma.o
 .debug_ranges  0x0000000000000548       0x48 Drivers/STM32F4xx_HAL_Driver/Src/stm32f4xx_hal_gpio.o
 .debug_ranges  0x0000000000000590      0x128 Drivers/STM32F4xx_HAL_Driver/Src/stm32f4xx_hal_i2s.o
 .debug_ranges  0x00000000000006b8       0x90 Drivers/STM32F4xx_HAL_Driver/Src/stm32f4xx_hal_i2s_ex.o
 .debug_ranges  0x0000000000000748       0x90 Drivers/STM32F4xx_HAL_Driver/Src/stm32f4xx_hal_rcc.o
 .debug_ranges  0x00000000000007d8       0x40 Drivers/STM32F4xx_HAL_Driver/Src/stm32f4xx_hal_rcc_ex.o
 .debug_ranges  0x0000000000000818      0x1c0 Drivers/STM32F4xx_HAL_Driver/Src/stm32f4xx_hal_uart.o
 .debug_ranges  0x00000000000009d8       0x20 startup/startup_stm32f411xe.o

.debug_macro    0x0000000000000000    0x1853a
 .debug_macro   0x0000000000000000      0x12e Core/Src/DSP-Filter.o
 .debug_macro   0x000000000000012e      0xa54 Core/Src/DSP-Filter.o
 .debug_macro   0x0000000000000b82       0x22 Core/Src/DSP-Filter.o
 .debug_macro   0x0000000000000ba4       0x8e Core/Src/DSP-Filter.o
 .debug_macro   0x0000000000000c32       0x51 Core/Src/DSP-Filter.o
 .debug_macro   0x0000000000000c83       0xef Core/Src/DSP-Filter.o
 .debug_macro   0x0000000000000d72       0x6a Core/Src/DSP-Filter.o
 .debug_macro   0x0000000000000ddc      0x1df Core/Src/DSP-Filter.o
 .debug_macro   0x0000000000000fbb       0x46 Core/Src/DSP-Filter.o
 .debug_macro   0x0000000000001001       0x18 Core/Src/DSP-Filter.o
 .debug_macro   0x0000000000001019       0x3c Core/Src/DSP-Filter.o
 .debug_macro   0x0000000000001055       0x34 Core/Src/DSP-Filter.o
 .debug_macro   0x0000000000001089      0x174 Core/Src/DSP-Filter.o
 .debug_macro   0x00000000000011fd       0x52 Core/Src/DSP-Filter.o
 .debug_macro   0x000000000000124f       0x1f Core/Src/DSP-Filter.o
 .debug_macro   0x000000000000126e       0x43 Core/Src/DSP-Filter.o
 .debug_macro   0x00000000000012b1       0x20 Core/Src/DSP-Filter.o
 .debug_macro   0x00000000000012d1      0x1a3 Core/Src/DSP-Filter.o
 .debug_macro   0x0000000000001474      0x330 Core/Src/DSP-Filter.o
 .debug_macro   0x00000000000017a4      0x1e1 Core/Src/DSP-Filter.o
 .debug_macro   0x0000000000001985       0x40 Core/Src/DSP-Filter.o
 .debug_macro   0x00000000000019c5       0x16 Core/Src/DSP-Filter.o
 .debug_macro   0x00000000000019db      0x2dd Core/Src/MIDI_CCs.o
 .debug_macro   0x0000000000001cb8       0x40 Core/Src/MIDI_CCs.o
 .debug_macro   0x0000000000001cf8       0x94 Core/Src/MIDI_CCs.o
 .debug_macro   0x0000000000001d8c       0x57 Core/Src/MIDI_CCs.o
 .debug_macro   0x0000000000001de3       0x22 Core/Src/MIDI_CCs.o
 .debug_macro   0x0000000000001e05      0x294 Core/Src/MIDI_CCs.o
 .debug_macro   0x0000000000002099       0x2e Core/Src/MIDI_CCs.o
 .debug_macro   0x00000000000020c7       0x28 Core/Src/MIDI_CCs.o
 .debug_macro   0x00000000000020ef       0x1c Core/Src/MIDI_CCs.o
 .debug_macro   0x000000000000210b       0x22 Core/Src/MIDI_CCs.o
 .debug_macro   0x000000000000212d       0xd9 Core/Src/MIDI_CCs.o
 .debug_macro   0x0000000000002206     0x102d Core/Src/MIDI_CCs.o
 .debug_macro   0x0000000000003233      0x11f Core/Src/MIDI_CCs.o
 .debug_macro   0x0000000000003352     0xb937 Core/Src/MIDI_CCs.o
 .debug_macro   0x000000000000ec89       0x43 Core/Src/MIDI_CCs.o
 .debug_macro   0x000000000000eccc     0x3659 Core/Src/MIDI_CCs.o
 .debug_macro   0x0000000000012325       0x54 Core/Src/MIDI_CCs.o
 .debug_macro   0x0000000000012379      0x447 Core/Src/MIDI_CCs.o
 .debug_macro   0x00000000000127c0      0x9fe Core/Src/MIDI_CCs.o
 .debug_macro   0x00000000000131be      0x117 Core/Src/MIDI_CCs.o
 .debug_macro   0x00000000000132d5      0x11b Core/Src/MIDI_CCs.o
 .debug_macro   0x00000000000133f0       0x27 Core/Src/MIDI_CCs.o
 .debug_macro   0x0000000000013417      0x15f Core/Src/MIDI_CCs.o
 .debug_macro   0x0000000000013576      0x287 Core/Src/MIDI_CCs.o
 .debug_macro   0x00000000000137fd       0x5f Core/Src/MIDI_CCs.o
 .debug_macro   0x000000000001385c      0x236 Core/Src/MIDI_CCs.o
 .debug_macro   0x0000000000013a92      0x132 Core/Src/MIDI_CCs.o
 .debug_macro   0x0000000000013bc4      0x264 Core/Src/MIDI_CCs.o
 .debug_macro   0x0000000000013e28       0x2e Core/Src/MIDI_CCs.o
 .debug_macro   0x0000000000013e56      0x1a7 Core/Src/MIDI_CCs.o
 .debug_macro   0x0000000000013ffd       0x46 Core/Src/MIDI_CCs.o
 .debug_macro   0x0000000000014043       0x4a Core/Src/MIDI_CCs.o
 .debug_macro   0x000000000001408d      0x11a Core/Src/MIDI_CCs.o
 .debug_macro   0x00000000000141a7       0x85 Core/Src/MIDI_CCs.o
 .debug_macro   0x000000000001422c       0x89 Core/Src/MIDI_CCs.o
 .debug_macro   0x00000000000142b5      0x287 Core/Src/MIDI_CCs.o
 .debug_macro   0x000000000001453c      0x126 Core/Src/MIDI_CCs.o
 .debug_macro   0x0000000000014662       0x22 Core/Src/MIDI_CCs.o
 .debug_macro   0x0000000000014684       0x1c Core/Src/MIDI_CCs.o
 .debug_macro   0x00000000000146a0      0x126 Core/Src/adsr.o
 .debug_macro   0x00000000000147c6      0x2df Core/Src/main.o
 .debug_macro   0x0000000000014aa5       0xdf Core/Src/main.o
 .debug_macro   0x0000000000014b84       0x5a Core/Src/main.o
 .debug_macro   0x0000000000014bde      0x32a Core/Src/main.o
 .debug_macro   0x0000000000014f08      0x120 Core/Src/math_tools.o
 .debug_macro   0x0000000000015028      0xaa2 Core/Src/math_tools.o
 .debug_macro   0x0000000000015aca       0x22 Core/Src/math_tools.o
 .debug_macro   0x0000000000015aec       0x4c Core/Src/math_tools.o
 .debug_macro   0x0000000000015b38       0x18 Core/Src/math_tools.o
 .debug_macro   0x0000000000015b50       0x3c Core/Src/math_tools.o
 .debug_macro   0x0000000000015b8c      0x174 Core/Src/math_tools.o
 .debug_macro   0x0000000000015d00       0x16 Core/Src/math_tools.o
 .debug_macro   0x0000000000015d16       0x43 Core/Src/math_tools.o
 .debug_macro   0x0000000000015d59       0x34 Core/Src/math_tools.o
 .debug_macro   0x0000000000015d8d       0x10 Core/Src/math_tools.o
 .debug_macro   0x0000000000015d9d       0x58 Core/Src/math_tools.o
 .debug_macro   0x0000000000015df5       0x71 Core/Src/math_tools.o
 .debug_macro   0x0000000000015e66       0x1c Core/Src/math_tools.o
 .debug_macro   0x0000000000015e82      0x12a Core/Src/math_tools.o
 .debug_macro   0x0000000000015fac      0x339 Core/Src/math_tools.o
 .debug_macro   0x00000000000162e5      0x1a9 Core/Src/math_tools.o
 .debug_macro   0x000000000001648e      0x103 Core/Src/math_tools.o
 .debug_macro   0x0000000000016591      0x126 Core/Src/oscillators.o
 .debug_macro   0x00000000000166b7      0x2d9 Core/Src/parameterFuncs.o
 .debug_macro   0x0000000000016990      0x2df Core/Src/stm32f4xx_hal_msp.o
 .debug_macro   0x0000000000016c6f      0x2e9 Core/Src/stm32f4xx_it.o
 .debug_macro   0x0000000000016f58      0x1d9 Core/Src/system_stm32f4xx.o
 .debug_macro   0x0000000000017131      0x2d5 Core/Src/waveGen.o
 .debug_macro   0x0000000000017406      0x233 Drivers/STM32F4xx_HAL_Driver/Src/stm32f4xx_hal.o
 .debug_macro   0x0000000000017639      0x1d3 Drivers/STM32F4xx_HAL_Driver/Src/stm32f4xx_hal_cortex.o
 .debug_macro   0x000000000001780c      0x1d9 Drivers/STM32F4xx_HAL_Driver/Src/stm32f4xx_hal_dma.o
 .debug_macro   0x00000000000179e5      0x209 Drivers/STM32F4xx_HAL_Driver/Src/stm32f4xx_hal_gpio.o
 .debug_macro   0x0000000000017bee      0x1db Drivers/STM32F4xx_HAL_Driver/Src/stm32f4xx_hal_i2s.o
 .debug_macro   0x0000000000017dc9      0x1d3 Drivers/STM32F4xx_HAL_Driver/Src/stm32f4xx_hal_i2s_ex.o
 .debug_macro   0x0000000000017f9c      0x1f7 Drivers/STM32F4xx_HAL_Driver/Src/stm32f4xx_hal_rcc.o
 .debug_macro   0x0000000000018193      0x1d3 Drivers/STM32F4xx_HAL_Driver/Src/stm32f4xx_hal_rcc_ex.o
 .debug_macro   0x0000000000018366      0x1d4 Drivers/STM32F4xx_HAL_Driver/Src/stm32f4xx_hal_uart.o

.debug_line     0x0000000000000000     0xf6bb
 .debug_line    0x0000000000000000      0x5e5 Core/Src/DSP-Filter.o
 .debug_line    0x00000000000005e5      0x880 Core/Src/MIDI_CCs.o
 .debug_line    0x0000000000000e65      0x5de Core/Src/adsr.o
 .debug_line    0x0000000000001443      0xa3a Core/Src/main.o
 .debug_line    0x0000000000001e7d      0x6c8 Core/Src/math_tools.o
 .debug_line    0x0000000000002545      0x619 Core/Src/oscillators.o
 .debug_line    0x0000000000002b5e      0x8d7 Core/Src/parameterFuncs.o
 .debug_line    0x0000000000003435      0x8f4 Core/Src/stm32f4xx_hal_msp.o
 .debug_line    0x0000000000003d29      0x927 Core/Src/stm32f4xx_it.o
 .debug_line    0x0000000000004650      0x781 Core/Src/system_stm32f4xx.o
 .debug_line    0x0000000000004dd1      0x8c1 Core/Src/waveGen.o
 .debug_line    0x0000000000005692      0xa18 Drivers/STM32F4xx_HAL_Driver/Src/stm32f4xx_hal.o
 .debug_line    0x00000000000060aa      0xc5d Drivers/STM32F4xx_HAL_Driver/Src/stm32f4xx_hal_cortex.o
 .debug_line    0x0000000000006d07     0x12dd Drivers/STM32F4xx_HAL_Driver/Src/stm32f4xx_hal_dma.o
 .debug_line    0x0000000000007fe4      0xbc0 Drivers/STM32F4xx_HAL_Driver/Src/stm32f4xx_hal_gpio.o
 .debug_line    0x0000000000008ba4     0x187a Drivers/STM32F4xx_HAL_Driver/Src/stm32f4xx_hal_i2s.o
 .debug_line    0x000000000000a41e     0x1650 Drivers/STM32F4xx_HAL_Driver/Src/stm32f4xx_hal_i2s_ex.o
 .debug_line    0x000000000000ba6e      0xfb8 Drivers/STM32F4xx_HAL_Driver/Src/stm32f4xx_hal_rcc.o
 .debug_line    0x000000000000ca26      0xb27 Drivers/STM32F4xx_HAL_Driver/Src/stm32f4xx_hal_rcc_ex.o
 .debug_line    0x000000000000d54d     0x20f0 Drivers/STM32F4xx_HAL_Driver/Src/stm32f4xx_hal_uart.o
 .debug_line    0x000000000000f63d       0x7e startup/startup_stm32f411xe.o

.debug_str      0x0000000000000000    0x8752b
 .debug_str     0x0000000000000000     0x765b Core/Src/DSP-Filter.o
                                       0x791a (size before relaxing)
 .debug_str     0x000000000000765b    0x7c902 Core/Src/MIDI_CCs.o
                                      0x841d2 (size before relaxing)
 .debug_str     0x0000000000083f5d      0x11e Core/Src/adsr.o
                                       0x7977 (size before relaxing)
 .debug_str     0x000000000008407b      0xe6c Core/Src/main.o
                                      0x85047 (size before relaxing)
 .debug_str     0x0000000000084ee7      0x7c8 Core/Src/math_tools.o
                                       0x7bc5 (size before relaxing)
 .debug_str     0x00000000000856af       0xe6 Core/Src/oscillators.o
                                       0x7953 (size before relaxing)
 .debug_str     0x0000000000085795       0x25 Core/Src/parameterFuncs.o
                                      0x84208 (size before relaxing)
 .debug_str     0x00000000000857ba      0x128 Core/Src/stm32f4xx_hal_msp.o
                                      0x84c9f (size before relaxing)
 .debug_str     0x00000000000858e2      0x11a Core/Src/stm32f4xx_it.o
                                      0x8460c (size before relaxing)
 .debug_str     0x00000000000859fc       0xc4 Core/Src/system_stm32f4xx.o
                                      0x80999 (size before relaxing)
 .debug_str     0x0000000000085ac0       0x33 Core/Src/waveGen.o
                                      0x842aa (size before relaxing)
 .debug_str     0x0000000000085af3      0x5a8 Drivers/STM32F4xx_HAL_Driver/Src/stm32f4xx_hal.o
                                      0x81353 (size before relaxing)
 .debug_str     0x000000000008609b      0x32d Drivers/STM32F4xx_HAL_Driver/Src/stm32f4xx_hal_cortex.o
                                      0x810eb (size before relaxing)
 .debug_str     0x00000000000863c8      0x2f3 Drivers/STM32F4xx_HAL_Driver/Src/stm32f4xx_hal_dma.o
                                      0x80da8 (size before relaxing)
 .debug_str     0x00000000000866bb      0x20a Drivers/STM32F4xx_HAL_Driver/Src/stm32f4xx_hal_gpio.o
                                      0x80bd8 (size before relaxing)
 .debug_str     0x00000000000868c5      0x254 Drivers/STM32F4xx_HAL_Driver/Src/stm32f4xx_hal_i2s.o
                                      0x80f81 (size before relaxing)
 .debug_str     0x0000000000086b19      0x1fc Drivers/STM32F4xx_HAL_Driver/Src/stm32f4xx_hal_i2s_ex.o
                                      0x80eac (size before relaxing)
 .debug_str     0x0000000000086d15      0x228 Drivers/STM32F4xx_HAL_Driver/Src/stm32f4xx_hal_rcc.o
                                      0x80dad (size before relaxing)
 .debug_str     0x0000000000086f3d       0xf6 Drivers/STM32F4xx_HAL_Driver/Src/stm32f4xx_hal_rcc_ex.o
                                      0x80b1d (size before relaxing)
 .debug_str     0x0000000000087033      0x4c9 Drivers/STM32F4xx_HAL_Driver/Src/stm32f4xx_hal_uart.o
                                      0x8124a (size before relaxing)
 .debug_str     0x00000000000874fc       0x2f startup/startup_stm32f411xe.o
                                         0x77 (size before relaxing)

.comment        0x0000000000000000       0xce
 .comment       0x0000000000000000       0x7b Core/Src/DSP-Filter.o
                                         0x7c (size before relaxing)
 .comment       0x000000000000007b       0x7c Core/Src/MIDI_CCs.o
 .comment       0x000000000000007b       0x7c Core/Src/adsr.o
 .comment       0x000000000000007b       0x7c Core/Src/main.o
 .comment       0x000000000000007b       0x53 Core/Src/math_tools.o
                                         0x54 (size before relaxing)
 .comment       0x00000000000000ce       0x7c Core/Src/oscillators.o
 .comment       0x00000000000000ce       0x7c Core/Src/parameterFuncs.o
 .comment       0x00000000000000ce       0x7c Core/Src/stm32f4xx_hal_msp.o
 .comment       0x00000000000000ce       0x7c Core/Src/stm32f4xx_it.o
 .comment       0x00000000000000ce       0x54 Core/Src/system_stm32f4xx.o
 .comment       0x00000000000000ce       0x7c Core/Src/waveGen.o
 .comment       0x00000000000000ce       0x54 Drivers/STM32F4xx_HAL_Driver/Src/stm32f4xx_hal.o
 .comment       0x00000000000000ce       0x54 Drivers/STM32F4xx_HAL_Driver/Src/stm32f4xx_hal_cortex.o
 .comment       0x00000000000000ce       0x54 Drivers/STM32F4xx_HAL_Driver/Src/stm32f4xx_hal_dma.o
 .comment       0x00000000000000ce       0x54 Drivers/STM32F4xx_HAL_Driver/Src/stm32f4xx_hal_gpio.o
 .comment       0x00000000000000ce       0x54 Drivers/STM32F4xx_HAL_Driver/Src/stm32f4xx_hal_i2s.o
 .comment       0x00000000000000ce       0x54 Drivers/STM32F4xx_HAL_Driver/Src/stm32f4xx_hal_i2s_ex.o
 .comment       0x00000000000000ce       0x54 Drivers/STM32F4xx_HAL_Driver/Src/stm32f4xx_hal_rcc.o
 .comment       0x00000000000000ce       0x54 Drivers/STM32F4xx_HAL_Driver/Src/stm32f4xx_hal_rcc_ex.o
 .comment       0x00000000000000ce       0x54 Drivers/STM32F4xx_HAL_Driver/Src/stm32f4xx_hal_uart.o

.debug_frame    0x0000000000000000     0x1f54
 .debug_frame   0x0000000000000000      0x100 Core/Src/DSP-Filter.o
 .debug_frame   0x0000000000000100       0x28 Core/Src/MIDI_CCs.o
 .debug_frame   0x0000000000000128      0x100 Core/Src/adsr.o
 .debug_frame   0x0000000000000228      0x16c Core/Src/main.o
 .debug_frame   0x0000000000000394       0xdc Core/Src/math_tools.o
 .debug_frame   0x0000000000000470       0xdc Core/Src/oscillators.o
 .debug_frame   0x000000000000054c       0xa0 Core/Src/parameterFuncs.o
 .debug_frame   0x00000000000005ec       0x9c Core/Src/stm32f4xx_hal_msp.o
 .debug_frame   0x0000000000000688       0xd8 Core/Src/stm32f4xx_it.o
 .debug_frame   0x0000000000000760       0x30 Core/Src/system_stm32f4xx.o
 .debug_frame   0x0000000000000790       0x68 Core/Src/waveGen.o