Archive member included to satisfy reference by file (symbol)

d:/stm32cubeide_1.3.0/stm32cubeide/plugins/com.st.stm32cube.ide.mcu.externaltools.gnu-tools-for-stm32.9-2020-q2-update.win32_2.0.0.202105311346/tools/bin/../lib/gcc/arm-none-eabi/9.3.1/../../../../arm-none-eabi/lib/thumb/v7e-m+fp/hard\libc_nano.a(lib_a-errno.o)
                              ./Core/Src/syscalls.o (__errno)
d:/stm32cubeide_1.3.0/stm32cubeide/plugins/com.st.stm32cube.ide.mcu.externaltools.gnu-tools-for-stm32.9-2020-q2-update.win32_2.0.0.202105311346/tools/bin/../lib/gcc/arm-none-eabi/9.3.1/../../../../arm-none-eabi/lib/thumb/v7e-m+fp/hard\libc_nano.a(lib_a-exit.o)
                              d:/stm32cubeide_1.3.0/stm32cubeide/plugins/com.st.stm32cube.ide.mcu.externaltools.gnu-tools-for-stm32.9-2020-q2-update.win32_2.0.0.202105311346/tools/bin/../lib/gcc/arm-none-eabi/9.3.1/../../../../arm-none-eabi/lib/thumb/v7e-m+fp/hard/crt0.o (exit)
d:/stm32cubeide_1.3.0/stm32cubeide/plugins/com.st.stm32cube.ide.mcu.externaltools.gnu-tools-for-stm32.9-2020-q2-update.win32_2.0.0.202105311346/tools/bin/../lib/gcc/arm-none-eabi/9.3.1/../../../../arm-none-eabi/lib/thumb/v7e-m+fp/hard\libc_nano.a(lib_a-impure.o)
                              d:/stm32cubeide_1.3.0/stm32cubeide/plugins/com.st.stm32cube.ide.mcu.externaltools.gnu-tools-for-stm32.9-2020-q2-update.win32_2.0.0.202105311346/tools/bin/../lib/gcc/arm-none-eabi/9.3.1/../../../../arm-none-eabi/lib/thumb/v7e-m+fp/hard\libc_nano.a(lib_a-exit.o) (_global_impure_ptr)
d:/stm32cubeide_1.3.0/stm32cubeide/plugins/com.st.stm32cube.ide.mcu.externaltools.gnu-tools-for-stm32.9-2020-q2-update.win32_2.0.0.202105311346/tools/bin/../lib/gcc/arm-none-eabi/9.3.1/../../../../arm-none-eabi/lib/thumb/v7e-m+fp/hard\libc_nano.a(lib_a-init.o)
                              d:/stm32cubeide_1.3.0/stm32cubeide/plugins/com.st.stm32cube.ide.mcu.externaltools.gnu-tools-for-stm32.9-2020-q2-update.win32_2.0.0.202105311346/tools/bin/../lib/gcc/arm-none-eabi/9.3.1/../../../../arm-none-eabi/lib/thumb/v7e-m+fp/hard/crt0.o (__libc_init_array)
d:/stm32cubeide_1.3.0/stm32cubeide/plugins/com.st.stm32cube.ide.mcu.externaltools.gnu-tools-for-stm32.9-2020-q2-update.win32_2.0.0.202105311346/tools/bin/../lib/gcc/arm-none-eabi/9.3.1/../../../../arm-none-eabi/lib/thumb/v7e-m+fp/hard\libc_nano.a(lib_a-memset.o)
                              d:/stm32cubeide_1.3.0/stm32cubeide/plugins/com.st.stm32cube.ide.mcu.externaltools.gnu-tools-for-stm32.9-2020-q2-update.win32_2.0.0.202105311346/tools/bin/../lib/gcc/arm-none-eabi/9.3.1/../../../../arm-none-eabi/lib/thumb/v7e-m+fp/hard/crt0.o (memset)
d:/stm32cubeide_1.3.0/stm32cubeide/plugins/com.st.stm32cube.ide.mcu.externaltools.gnu-tools-for-stm32.9-2020-q2-update.win32_2.0.0.202105311346/tools/bin/../lib/gcc/arm-none-eabi/9.3.1/../../../../arm-none-eabi/lib/thumb/v7e-m+fp/hard\libm.a(lib_a-wf_pow.o)
                              ./Core/Src/main.o (powf)
d:/stm32cubeide_1.3.0/stm32cubeide/plugins/com.st.stm32cube.ide.mcu.externaltools.gnu-tools-for-stm32.9-2020-q2-update.win32_2.0.0.202105311346/tools/bin/../lib/gcc/arm-none-eabi/9.3.1/../../../../arm-none-eabi/lib/thumb/v7e-m+fp/hard\libm.a(lib_a-ef_pow.o)
                              d:/stm32cubeide_1.3.0/stm32cubeide/plugins/com.st.stm32cube.ide.mcu.externaltools.gnu-tools-for-stm32.9-2020-q2-update.win32_2.0.0.202105311346/tools/bin/../lib/gcc/arm-none-eabi/9.3.1/../../../../arm-none-eabi/lib/thumb/v7e-m+fp/hard\libm.a(lib_a-wf_pow.o) (__ieee754_powf)
d:/stm32cubeide_1.3.0/stm32cubeide/plugins/com.st.stm32cube.ide.mcu.externaltools.gnu-tools-for-stm32.9-2020-q2-update.win32_2.0.0.202105311346/tools/bin/../lib/gcc/arm-none-eabi/9.3.1/../../../../arm-none-eabi/lib/thumb/v7e-m+fp/hard\libm.a(lib_a-ef_sqrt.o)
                              d:/stm32cubeide_1.3.0/stm32cubeide/plugins/com.st.stm32cube.ide.mcu.externaltools.gnu-tools-for-stm32.9-2020-q2-update.win32_2.0.0.202105311346/tools/bin/../lib/gcc/arm-none-eabi/9.3.1/../../../../arm-none-eabi/lib/thumb/v7e-m+fp/hard\libm.a(lib_a-ef_pow.o) (__ieee754_sqrtf)
d:/stm32cubeide_1.3.0/stm32cubeide/plugins/com.st.stm32cube.ide.mcu.externaltools.gnu-tools-for-stm32.9-2020-q2-update.win32_2.0.0.202105311346/tools/bin/../lib/gcc/arm-none-eabi/9.3.1/../../../../arm-none-eabi/lib/thumb/v7e-m+fp/hard\libm.a(lib_a-s_lib_ver.o)
                              d:/stm32cubeide_1.3.0/stm32cubeide/plugins/com.st.stm32cube.ide.mcu.externaltools.gnu-tools-for-stm32.9-2020-q2-update.win32_2.0.0.202105311346/tools/bin/../lib/gcc/arm-none-eabi/9.3.1/../../../../arm-none-eabi/lib/thumb/v7e-m+fp/hard\libm.a(lib_a-wf_pow.o) (__fdlib_version)
d:/stm32cubeide_1.3.0/stm32cubeide/plugins/com.st.stm32cube.ide.mcu.externaltools.gnu-tools-for-stm32.9-2020-q2-update.win32_2.0.0.202105311346/tools/bin/../lib/gcc/arm-none-eabi/9.3.1/../../../../arm-none-eabi/lib/thumb/v7e-m+fp/hard\libm.a(lib_a-sf_fabs.o)
[...]
Memory Configuration

Name             Origin             Length             Attributes
RAM              0x0000000020000000 0x0000000000020000 xrw
FLASH            0x0000000008000000 0x0000000000080000 xr
*default*        0x0000000000000000 0xffffffffffffffff

Linker script and memory map

LOAD d:/stm32cubeide_1.3.0/stm32cubeide/plugins/com.st.stm32cube.ide.mcu.externaltools.gnu-tools-for-stm32.9-2020-q2-update.win32_2.0.0.202105311346/tools/bin/../lib/gcc/arm-none-eabi/9.3.1/thumb/v7e-m+fp/hard/crti.o
LOAD d:/stm32cubeide_1.3.0/stm32cubeide/plugins/com.st.stm32cube.ide.mcu.externaltools.gnu-tools-for-stm32.9-2020-q2-update.win32_2.0.0.202105311346/tools/bin/../lib/gcc/arm-none-eabi/9.3.1/thumb/v7e-m+fp/hard/crtbegin.o
LOAD d:/stm32cubeide_1.3.0/stm32cubeide/plugins/com.st.stm32cube.ide.mcu.externaltools.gnu-tools-for-stm32.9-2020-q2-update.win32_2.0.0.202105311346/tools/bin/../lib/gcc/arm-none-eabi/9.3.1/../../../../arm-none-eabi/lib/thumb/v7e-m+fp/hard/crt0.o
LOAD ./Core/Src/MIDI_CCs.o
LOAD ./Core/Src/adsr.o
LOAD ./Core/Src/main.o
LOAD ./Core/Src/math_tools.o
LOAD ./Core/Src/oscillators.o
LOAD ./Core/Src/parameterFuncs.o
LOAD ./Core/Src/stm32f4xx_hal_msp.o
LOAD ./Core/Src/stm32f4xx_it.o
LOAD ./Core/Src/syscalls.o
LOAD ./Core/Src/system_stm32f4xx.o
LOAD ./Core/Src/waveGen.o
LOAD ./Drivers/STM32F4xx_HAL_Driver/Src/stm32f4xx_hal.o
LOAD ./Drivers/STM32F4xx_HAL_Driver/Src/stm32f4xx_hal_cortex.o
LOAD ./Drivers/STM32F4xx_HAL_Driver/Src/stm32f4xx_hal_dma.o
LOAD ./Drivers/STM32F4xx_HAL_Driver/Src/stm32f4xx_hal_dma_ex.o
LOAD ./Drivers/STM32F4xx_HAL_Driver/Src/stm32f4xx_hal_exti.o
LOAD ./Drivers/STM32F4xx_HAL_Driver/Src/stm32f4xx_hal_flash.o
LOAD ./Drivers/STM32F4xx_HAL_Driver/Src/stm32f4xx_hal_flash_ex.o
LOAD ./Drivers/STM32F4xx_HAL_Driver/Src/stm32f4xx_hal_flash_ramfunc.o
LOAD ./Drivers/STM32F4xx_HAL_Driver/Src/stm32f4xx_hal_gpio.o
LOAD ./Drivers/STM32F4xx_HAL_Driver/Src/stm32f4xx_hal_i2s.o
LOAD ./Drivers/STM32F4xx_HAL_Driver/Src/stm32f4xx_hal_i2s_ex.o
LOAD ./Drivers/STM32F4xx_HAL_Driver/Src/stm32f4xx_hal_pwr.o
LOAD ./Drivers/STM32F4xx_HAL_Driver/Src/stm32f4xx_hal_pwr_ex.o
LOAD ./Drivers/STM32F4xx_HAL_Driver/Src/stm32f4xx_hal_rcc.o
LOAD ./Drivers/STM32F4xx_HAL_Driver/Src/stm32f4xx_hal_rcc_ex.o
LOAD ./Drivers/STM32F4xx_HAL_Driver/Src/stm32f4xx_hal_tim.o
LOAD ./Drivers/STM32F4xx_HAL_Driver/Src/stm32f4xx_hal_tim_ex.o
LOAD ./Drivers/STM32F4xx_HAL_Driver/Src/stm32f4xx_hal_uart.o
LOAD ./startup/startup_stm32f411xe.o
START GROUP
LOAD d:/stm32cubeide_1.3.0/stm32cubeide/plugins/com.st.stm32cube.ide.mcu.externaltools.gnu-tools-for-stm32.9-2020-q2-update.win32_2.0.0.202105311346/tools/bin/../lib/gcc/arm-none-eabi/9.3.1/../../../../arm-none-eabi/lib/thumb/v7e-m+fp/hard\libc_nano.a
LOAD d:/stm32cubeide_1.3.0/stm32cubeide/plugins/com.st.stm32cube.ide.mcu.externaltools.gnu-tools-for-stm32.9-2020-q2-update.win32_2.0.0.202105311346/tools/bin/../lib/gcc/arm-none-eabi/9.3.1/../../../../arm-none-eabi/lib/thumb/v7e-m+fp/hard\libm.a
END GROUP
START GROUP
LOAD d:/stm32cubeide_1.3.0/stm32cubeide/plugins/com.st.stm32cube.ide.mcu.externaltools.gnu-tools-for-stm32.9-2020-q2-update.win32_2.0.0.202105311346/tools/bin/../lib/gcc/arm-none-eabi/9.3.1/thumb/v7e-m+fp/hard\libgcc.a
LOAD d:/stm32cubeide_1.3.0/stm32cubeide/plugins/com.st.stm32cube.ide.mcu.externaltools.gnu-tools-for-stm32.9-2020-q2-update.win32_2.0.0.202105311346/tools/bin/../lib/gcc/arm-none-eabi/9.3.1/../../../../arm-none-eabi/lib/thumb/v7e-m+fp/hard\libc_nano.a
END GROUP
START GROUP
LOAD d:/stm32cubeide_1.3.0/stm32cubeide/plugins/com.st.stm32cube.ide.mcu.externaltools.gnu-tools-for-stm32.9-2020-q2-update.win32_2.0.0.202105311346/tools/bin/../lib/gcc/arm-none-eabi/9.3.1/thumb/v7e-m+fp/hard\libgcc.a
LOAD d:/stm32cubeide_1.3.0/stm32cubeide/plugins/com.st.stm32cube.ide.mcu.externaltools.gnu-tools-for-stm32.9-2020-q2-update.win32_2.0.0.202105311346/tools/bin/../lib/gcc/arm-none-eabi/9.3.1/../../../../arm-none-eabi/lib/thumb/v7e-m+fp/hard\libc_nano.a
LOAD d:/stm32cubeide_1.3.0/stm32cubeide/plugins/com.st.stm32cube.ide.mcu.externaltools.gnu-tools-for-stm32.9-2020-q2-update.win32_2.0.0.202105311346/tools/bin/../lib/gcc/arm-none-eabi/9.3.1/../../../../arm-none-eabi/lib/thumb/v7e-m+fp/hard\libnosys.a
END GROUP
START GROUP
LOAD d:/stm32cubeide_1.3.0/stm32cubeide/plugins/com.st.stm32cube.ide.mcu.externaltools.gnu-tools-for-stm32.9-2020-q2-update.win32_2.0.0.202105311346/tools/bin/../lib/gcc/arm-none-eabi/9.3.1/thumb/v7e-m+fp/hard\libgcc.a
LOAD d:/stm32cubeide_1.3.0/stm32cubeide/plugins/com.st.stm32cube.ide.mcu.externaltools.gnu-tools-for-stm32.9-2020-q2-update.win32_2.0.0.202105311346/tools/bin/../lib/gcc/arm-none-eabi/9.3.1/../../../../arm-none-eabi/lib/thumb/v7e-m+fp/hard\libc_nano.a
LOAD d:/stm32cubeide_1.3.0/stm32cubeide/plugins/com.st.stm32cube.ide.mcu.externaltools.gnu-tools-for-stm32.9-2020-q2-update.win32_2.0.0.202105311346/tools/bin/../lib/gcc/arm-none-eabi/9.3.1/../../../../arm-none-eabi/lib/thumb/v7e-m+fp/hard\libnosys.a
END GROUP
LOAD d:/stm32cubeide_1.3.0/stm32cubeide/plugins/com.st.stm32cube.ide.mcu.externaltools.gnu-tools-for-stm32.9-2020-q2-update.win32_2.0.0.202105311346/tools/bin/../lib/gcc/arm-none-eabi/9.3.1/thumb/v7e-m+fp/hard/crtend.o
LOAD d:/stm32cubeide_1.3.0/stm32cubeide/plugins/com.st.stm32cube.ide.mcu.externaltools.gnu-tools-for-stm32.9-2020-q2-update.win32_2.0.0.202105311346/tools/bin/../lib/gcc/arm-none-eabi/9.3.1/thumb/v7e-m+fp/hard/crtn.o
                0x0000000020020000                _estack = 0x20020000
                0x0000000000000200                _Min_Heap_Size = 0x200
                0x0000000000000400                _Min_Stack_Size = 0x400

.isr_vector     0x0000000008000000      0x198
                0x0000000008000000                . = ALIGN (0x4)
 *(.isr_vector)
 .isr_vector    0x0000000008000000      0x198 ./startup/startup_stm32f411xe.o
                0x0000000008000000                g_pfnVectors
                0x0000000008000198                . = ALIGN (0x4)

.text           0x0000000008000198     0x3d84
                0x0000000008000198                . = ALIGN (0x4)
 *(.text)
 .text          0x0000000008000198       0x40 d:/stm32cubeide_1.3.0/stm32cubeide/plugins/com.st.stm32cube.ide.mcu.externaltools.gnu-tools-for-stm32.9-2020-q2-update.win32_2.0.0.202105311346/tools/bin/../lib/gcc/arm-none-eabi/9.3.1/thumb/v7e-m+fp/hard/crtbegin.o
 .text          0x00000000080001d8      0x378 d:/stm32cubeide_1.3.0/stm32cubeide/plugins/com.st.stm32cube.ide.mcu.externaltools.gnu-tools-for-stm32.9-2020-q2-update.win32_2.0.0.202105311346/tools/bin/../lib/gcc/arm-none-eabi/9.3.1/thumb/v7e-m+fp/hard\libgcc.a(_arm_addsubdf3.o)
                0x00000000080001d8                __aeabi_drsub
                0x00000000080001e0                __aeabi_dsub
                0x00000000080001e0                __subdf3
                0x00000000080001e4                __aeabi_dadd
                0x00000000080001e4                __adddf3
                0x000000000800045c                __floatunsidf
                0x000000000800045c                __aeabi_ui2d
                0x000000000800047c                __floatsidf
                0x000000000800047c                __aeabi_i2d
                0x00000000080004a0                __aeabi_f2d
                0x00000000080004a0                __extendsfdf2
                0x00000000080004e4                __floatundidf
                0x00000000080004e4                __aeabi_ul2d
                0x00000000080004f4                __floatdidf
                0x00000000080004f4                __aeabi_l2d
 .text          0x0000000008000550      0x424 d:/stm32cubeide_1.3.0/stm32cubeide/plugins/com.st.stm32cube.ide.mcu.externaltools.gnu-tools-for-stm32.9-2020-q2-update.win32_2.0.0.202105311346/tools/bin/../lib/gcc/arm-none-eabi/9.3.1/thumb/v7e-m+fp/hard\libgcc.a(_arm_muldivdf3.o)
                0x0000000008000550                __aeabi_dmul
                0x0000000008000550                __muldf3
                0x00000000080007a4                __divdf3
                0x00000000080007a4                __aeabi_ddiv
 .text          0x0000000008000974       0xa0 d:/stm32cubeide_1.3.0/stm32cubeide/plugins/com.st.stm32cube.ide.mcu.externaltools.gnu-tools-for-stm32.9-2020-q2-update.win32_2.0.0.202105311346/tools/bin/../lib/gcc/arm-none-eabi/9.3.1/thumb/v7e-m+fp/hard\libgcc.a(_arm_truncdfsf2.o)
                0x0000000008000974                __truncdfsf2
                0x0000000008000974                __aeabi_d2f
 .text          0x0000000008000a14       0x30 d:/stm32cubeide_1.3.0/stm32cubeide/plugins/com.st.stm32cube.ide.mcu.externaltools.gnu-tools-for-stm32.9-2020-q2-update.win32_2.0.0.202105311346/tools/bin/../lib/gcc/arm-none-eabi/9.3.1/thumb/v7e-m+fp/hard\libgcc.a(_aeabi_uldivmod.o)
                0x0000000008000a14                __aeabi_uldivmod
 .text          0x0000000008000a44      0x2c4 d:/stm32cubeide_1.3.0/stm32cubeide/plugins/com.st.stm32cube.ide.mcu.externaltools.gnu-tools-for-stm32.9-2020-q2-update.win32_2.0.0.202105311346/tools/bin/../lib/gcc/arm-none-eabi/9.3.1/thumb/v7e-m+fp/hard\libgcc.a(_udivmoddi4.o)
                0x0000000008000a44                __udivmoddi4
 .text          0x0000000008000d08        0x4 d:/stm32cubeide_1.3.0/stm32cubeide/plugins/com.st.stm32cube.ide.mcu.externaltools.gnu-tools-for-stm32.9-2020-q2-update.win32_2.0.0.202105311346/tools/bin/../lib/gcc/arm-none-eabi/9.3.1/thumb/v7e-m+fp/hard\libgcc.a(_dvmd_tls.o)
                0x0000000008000d08                __aeabi_idiv0
                0x0000000008000d08                __aeabi_ldiv0
 *(.text*)
 .text.ProcessRXdMidiCCs
                0x0000000008000d0c      0x118 ./Core/Src/MIDI_CCs.o
                0x0000000008000d0c                ProcessRXdMidiCCs
 .text.ADSR_init
                0x0000000008000e24       0x1c ./Core/Src/adsr.o
                0x0000000008000e24                ADSR_init
 .text.ADSR_keyOn
                0x0000000008000e40        0x6 ./Core/Src/adsr.o
                0x0000000008000e40                ADSR_keyOn
 .text.ADSR_keyOff
                0x0000000008000e46        0x6 ./Core/Src/adsr.o
                0x0000000008000e46                ADSR_keyOff
 .text.ADSR_setAttackTime
                0x0000000008000e4c       0x1c ./Core/Src/adsr.o
                0x0000000008000e4c                ADSR_setAttackTime
 .text.AttTime_set
                0x0000000008000e68       0x30 ./Core/Src/adsr.o
                0x0000000008000e68                AttTime_set
 .text.ADSR_setDecayTime
                0x0000000008000e98       0x20 ./Core/Src/adsr.o
                0x0000000008000e98                ADSR_setDecayTime
 .text.DecTime_set
                0x0000000008000eb8       0x54 ./Core/Src/adsr.o
                0x0000000008000eb8                DecTime_set
 .text.ADSR_setSustainLevel
                0x0000000008000f0c       0x16 ./Core/Src/adsr.o
                0x0000000008000f0c                ADSR_setSustainLevel
 *fill*         0x0000000008000f22        0x2 
 .text.SustLevel_set
                0x0000000008000f24       0x30 ./Core/Src/adsr.o
                0x0000000008000f24                SustLevel_set
 .text.ADSR_setReleaseTime
                0x0000000008000f54       0x1c ./Core/Src/adsr.o
                0x0000000008000f54                ADSR_setReleaseTime
 .text.RelTime_set
                0x0000000008000f70       0x30 ./Core/Src/adsr.o
                0x0000000008000f70                RelTime_set
 .text.ADSR_computeSample
                0x0000000008000fa0       0x86 ./Core/Src/adsr.o
                0x0000000008000fa0                ADSR_computeSample
 *fill*         0x0000000008001026        0x2 
 .text.MX_GPIO_Init
                0x0000000008001028       0x38 ./Core/Src/main.o
 .text.MX_I2S1_Init
                0x0000000008001060       0x30 ./Core/Src/main.o
 .text.MX_DMA_Init
                0x0000000008001090       0x34 ./Core/Src/main.o
 .text.MX_USART2_UART_Init
                0x00000000080010c4       0x2c ./Core/Src/main.o
 .text.HAL_I2S_TxHalfCpltCallback
                0x00000000080010f0       0x14 ./Core/Src/main.o
                0x00000000080010f0                HAL_I2S_TxHalfCpltCallback
 .text.HAL_I2S_TxCpltCallback
                0x0000000008001104       0x14 ./Core/Src/main.o
                0x0000000008001104                HAL_I2S_TxCpltCallback
 .text.MIDInoteOn
                0x0000000008001118       0x5c ./Core/Src/main.o
                0x0000000008001118                MIDInoteOn
 .text.MIDInoteOff
                0x0000000008001174       0xb4 ./Core/Src/main.o
                0x0000000008001174                MIDInoteOff
 .text.doPitchBnd
                0x0000000008001228       0x58 ./Core/Src/main.o
                0x0000000008001228                doPitchBnd
 .text.procMIDI
                0x0000000008001280       0x98 ./Core/Src/main.o
                0x0000000008001280                procMIDI
 .text.HAL_UART_RxCpltCallback
                0x0000000008001318       0x78 ./Core/Src/main.o
                0x0000000008001318                HAL_UART_RxCpltCallback
 .text.SystemClock_Config
                0x0000000008001390       0xb0 ./Core/Src/main.o
                0x0000000008001390                SystemClock_Config
 .text.main     0x0000000008001440       0x58 ./Core/Src/main.o
                0x0000000008001440                main
 .text.Error_Handler
                0x0000000008001498        0x2 ./Core/Src/main.o
                0x0000000008001498                Error_Handler
 .text.osc_init
                0x000000000800149a       0x22 ./Core/Src/oscillators.o
                0x000000000800149a                osc_init
 .text.OpSetFreq
                0x00000000080014bc        0x6 ./Core/Src/oscillators.o
                0x00000000080014bc                OpSetFreq
 *fill*         0x00000000080014c2        0x2 
 .text.BasicSaw
                0x00000000080014c4       0xb0 ./Core/Src/oscillators.o
                0x00000000080014c4                BasicSaw
 .text.BasicTriangle
                0x0000000008001574       0xb0 ./Core/Src/oscillators.o
                0x0000000008001574                BasicTriangle
 .text.waveCompute
                0x0000000008001624       0x24 ./Core/Src/oscillators.o
                0x0000000008001624                waveCompute
 .text.SynthOut_amp_set
                0x0000000008001648       0x24 ./Core/Src/parameterFuncs.o
                0x0000000008001648                SynthOut_amp_set
 .text.Vibrato_amp_set
                0x000000000800166c       0x24 ./Core/Src/parameterFuncs.o
                0x000000000800166c                Vibrato_amp_set
 .text.VibratoFreq_set
                0x0000000008001690       0x20 ./Core/Src/parameterFuncs.o
                0x0000000008001690                VibratoFreq_set
 .text.HAL_MspInit
                0x00000000080016b0       0x38 ./Core/Src/stm32f4xx_hal_msp.o
                0x00000000080016b0                HAL_MspInit
 .text.HAL_I2S_MspInit
                0x00000000080016e8       0xc0 ./Core/Src/stm32f4xx_hal_msp.o
                0x00000000080016e8                HAL_I2S_MspInit
 .text.HAL_UART_MspInit
                0x00000000080017a8       0x80 ./Core/Src/stm32f4xx_hal_msp.o
                0x00000000080017a8                HAL_UART_MspInit
 .text.NMI_Handler
                0x0000000008001828        0x2 ./Core/Src/stm32f4xx_it.o
                0x0000000008001828                NMI_Handler
 .text.HardFault_Handler
                0x000000000800182a        0x2 ./Core/Src/stm32f4xx_it.o
                0x000000000800182a                HardFault_Handler
 .text.MemManage_Handler
                0x000000000800182c        0x2 ./Core/Src/stm32f4xx_it.o
                0x000000000800182c                MemManage_Handler
 .text.BusFault_Handler
                0x000000000800182e        0x2 ./Core/Src/stm32f4xx_it.o
                0x000000000800182e                BusFault_Handler
 .text.UsageFault_Handler
                0x0000000008001830        0x2 ./Core/Src/stm32f4xx_it.o
                0x0000000008001830                UsageFault_Handler
 .text.SVC_Handler
                0x0000000008001832        0x2 ./Core/Src/stm32f4xx_it.o
                0x0000000008001832                SVC_Handler
 .text.DebugMon_Handler
                0x0000000008001834        0x2 ./Core/Src/stm32f4xx_it.o
                0x0000000008001834                DebugMon_Handler
 .text.PendSV_Handler
                0x0000000008001836        0x2 ./Core/Src/stm32f4xx_it.o
                0x0000000008001836                PendSV_Handler
 .text.SysTick_Handler
                0x0000000008001838        0x8 ./Core/Src/stm32f4xx_it.o
                0x0000000008001838                SysTick_Handler
 .text.USART2_IRQHandler
                0x0000000008001840       0x10 ./Core/Src/stm32f4xx_it.o
                0x0000000008001840                USART2_IRQHandler
 .text.DMA2_Stream2_IRQHandler
                0x0000000008001850       0x10 ./Core/Src/stm32f4xx_it.o
                0x0000000008001850                DMA2_Stream2_IRQHandler
 .text.SystemInit
                0x0000000008001860       0x1c ./Core/Src/system_stm32f4xx.o
                0x0000000008001860                SystemInit
 .text.Synth_Init
                0x000000000800187c       0x60 ./Core/Src/waveGen.o
                0x000000000800187c                Synth_Init
 *fill*         0x00000000080018dc        0x4 
 .text.make_sound
                0x00000000080018e0      0x128 ./Core/Src/waveGen.o
                0x00000000080018e0                make_sound
 .text.HAL_InitTick
                0x0000000008001a08       0x48 ./Drivers/STM32F4xx_HAL_Driver/Src/stm32f4xx_hal.o
                0x0000000008001a08                HAL_InitTick
 .text.HAL_Init
                0x0000000008001a50       0x34 ./Drivers/STM32F4xx_HAL_Driver/Src/stm32f4xx_hal.o
                0x0000000008001a50                HAL_Init
 .text.HAL_IncTick
                0x0000000008001a84       0x18 ./Drivers/STM32F4xx_HAL_Driver/Src/stm32f4xx_hal.o
                0x0000000008001a84                HAL_IncTick
 .text.HAL_GetTick
                0x0000000008001a9c        0xc ./Drivers/STM32F4xx_HAL_Driver/Src/stm32f4xx_hal.o
                0x0000000008001a9c                HAL_GetTick
 .text.HAL_NVIC_SetPriorityGrouping
                0x0000000008001aa8       0x24 ./Drivers/STM32F4xx_HAL_Driver/Src/stm32f4xx_hal_cortex.o
                0x0000000008001aa8                HAL_NVIC_SetPriorityGrouping
 .text.HAL_NVIC_SetPriority
                0x0000000008001acc       0x68 ./Drivers/STM32F4xx_HAL_Driver/Src/stm32f4xx_hal_cortex.o
                0x0000000008001acc                HAL_NVIC_SetPriority
 .text.HAL_NVIC_EnableIRQ
                0x0000000008001b34       0x1c ./Drivers/STM32F4xx_HAL_Driver/Src/stm32f4xx_hal_cortex.o
                0x0000000008001b34                HAL_NVIC_EnableIRQ
 .text.HAL_SYSTICK_Config
                0x0000000008001b50       0x2c ./Drivers/STM32F4xx_HAL_Driver/Src/stm32f4xx_hal_cortex.o
                0x0000000008001b50                HAL_SYSTICK_Config
 .text.DMA_SetConfig
                0x0000000008001b7c       0x2c ./Drivers/STM32F4xx_HAL_Driver/Src/stm32f4xx_hal_dma.o
 .text.DMA_CalcBaseAndBitshift
                0x0000000008001ba8       0x44 ./Drivers/STM32F4xx_HAL_Driver/Src/stm32f4xx_hal_dma.o
 .text.DMA_CheckFifoParam
                0x0000000008001bec       0x8e ./Drivers/STM32F4xx_HAL_Driver/Src/stm32f4xx_hal_dma.o
 *fill*         0x0000000008001c7a        0x2 
 .text.HAL_DMA_Init
                0x0000000008001c7c       0xcc ./Drivers/STM32F4xx_HAL_Driver/Src/stm32f4xx_hal_dma.o
                0x0000000008001c7c                HAL_DMA_Init
 .text.HAL_DMA_Start_IT
                0x0000000008001d48       0x6a ./Drivers/STM32F4xx_HAL_Driver/Src/stm32f4xx_hal_dma.o
                0x0000000008001d48                HAL_DMA_Start_IT
 .text.HAL_DMA_Abort_IT
                0x0000000008001db2       0x26 ./Drivers/STM32F4xx_HAL_Driver/Src/stm32f4xx_hal_dma.o
                0x0000000008001db2                HAL_DMA_Abort_IT
 .text.HAL_DMA_IRQHandler
                0x0000000008001dd8      0x1dc ./Drivers/STM32F4xx_HAL_Driver/Src/stm32f4xx_hal_dma.o
                0x0000000008001dd8                HAL_DMA_IRQHandler
 .text.HAL_GPIO_Init
                0x0000000008001fb4      0x1a8 ./Drivers/STM32F4xx_HAL_Driver/Src/stm32f4xx_hal_gpio.o
                0x0000000008001fb4                HAL_GPIO_Init
 .text.HAL_I2S_Init
                0x000000000800215c      0x19c ./Drivers/STM32F4xx_HAL_Driver/Src/stm32f4xx_hal_i2s.o
                0x000000000800215c                HAL_I2S_Init
 .text.HAL_I2S_Transmit_DMA
                0x00000000080022f8       0xdc ./Drivers/STM32F4xx_HAL_Driver/Src/stm32f4xx_hal_i2s.o
                0x00000000080022f8                HAL_I2S_Transmit_DMA
 .text.I2S_DMATxHalfCplt
                0x00000000080023d4        0xa ./Drivers/STM32F4xx_HAL_Driver/Src/stm32f4xx_hal_i2s.o
 .text.I2S_Transmit_IT
                0x00000000080023de       0x38 ./Drivers/STM32F4xx_HAL_Driver/Src/stm32f4xx_hal_i2s.o
 .text.I2S_DMATxCplt
                0x0000000008002416       0x24 ./Drivers/STM32F4xx_HAL_Driver/Src/stm32f4xx_hal_i2s.o
 .text.HAL_I2S_RxCpltCallback
                0x000000000800243a        0x2 ./Drivers/STM32F4xx_HAL_Driver/Src/stm32f4xx_hal_i2s.o
                0x000000000800243a                HAL_I2S_RxCpltCallback
 .text.I2S_Receive_IT
                0x000000000800243c       0x38 ./Drivers/STM32F4xx_HAL_Driver/Src/stm32f4xx_hal_i2s.o
 .text.HAL_I2S_ErrorCallback
                0x0000000008002474        0x2 ./Drivers/STM32F4xx_HAL_Driver/Src/stm32f4xx_hal_i2s.o
                0x0000000008002474                HAL_I2S_ErrorCallback
 .text.I2S_IRQHandler
                0x0000000008002476       0xd0 ./Drivers/STM32F4xx_HAL_Driver/Src/stm32f4xx_hal_i2s.o
 .text.I2S_DMAError
                0x0000000008002546       0x28 ./Drivers/STM32F4xx_HAL_Driver/Src/stm32f4xx_hal_i2s.o
 .text.HAL_I2SEx_TxRxCpltCallback
                0x000000000800256e        0x2 ./Drivers/STM32F4xx_HAL_Driver/Src/stm32f4xx_hal_i2s_ex.o
                0x000000000800256e                HAL_I2SEx_TxRxCpltCallback
 .text.I2SEx_TxISR_I2S
                0x0000000008002570       0x3c ./Drivers/STM32F4xx_HAL_Driver/Src/stm32f4xx_hal_i2s_ex.o
 .text.I2SEx_RxISR_I2SExt
                0x00000000080025ac       0x64 ./Drivers/STM32F4xx_HAL_Driver/Src/stm32f4xx_hal_i2s_ex.o
 .text.I2SEx_TxISR_I2SExt
                0x0000000008002610       0x64 ./Drivers/STM32F4xx_HAL_Driver/Src/stm32f4xx_hal_i2s_ex.o
 .text.I2SEx_RxISR_I2S
                0x0000000008002674       0x3c ./Drivers/STM32F4xx_HAL_Driver/Src/stm32f4xx_hal_i2s_ex.o
 .text.HAL_I2SEx_FullDuplex_IRQHandler
                0x00000000080026b0      0x1d8 ./Drivers/STM32F4xx_HAL_Driver/Src/stm32f4xx_hal_i2s_ex.o
                0x00000000080026b0                HAL_I2SEx_FullDuplex_IRQHandler
 .text.HAL_RCC_OscConfig
                0x0000000008002888      0x3ec ./Drivers/STM32F4xx_HAL_Driver/Src/stm32f4xx_hal_rcc.o
                0x0000000008002888                HAL_RCC_OscConfig
 .text.HAL_RCC_GetSysClockFreq
                0x0000000008002c74       0xa0 ./Drivers/STM32F4xx_HAL_Driver/Src/stm32f4xx_hal_rcc.o
                0x0000000008002c74                HAL_RCC_GetSysClockFreq
 .text.HAL_RCC_ClockConfig
                0x0000000008002d14      0x160 ./Drivers/STM32F4xx_HAL_Driver/Src/stm32f4xx_hal_rcc.o
                0x0000000008002d14                HAL_RCC_ClockConfig
 .text.HAL_RCC_GetHCLKFreq
                0x0000000008002e74        0xc ./Drivers/STM32F4xx_HAL_Driver/Src/stm32f4xx_hal_rcc.o
                0x0000000008002e74                HAL_RCC_GetHCLKFreq
 .text.HAL_RCC_GetPCLK1Freq
                0x0000000008002e80       0x20 ./Drivers/STM32F4xx_HAL_Driver/Src/stm32f4xx_hal_rcc.o
                0x0000000008002e80                HAL_RCC_GetPCLK1Freq
 .text.HAL_RCC_GetPCLK2Freq
                0x0000000008002ea0       0x20 ./Drivers/STM32F4xx_HAL_Driver/Src/stm32f4xx_hal_rcc.o
                0x0000000008002ea0                HAL_RCC_GetPCLK2Freq
 .text.HAL_RCCEx_PeriphCLKConfig
                0x0000000008002ec0      0x170 ./Drivers/STM32F4xx_HAL_Driver/Src/stm32f4xx_hal_rcc_ex.o
                0x0000000008002ec0                HAL_RCCEx_PeriphCLKConfig
 .text.HAL_RCCEx_GetPeriphCLKFreq
                0x0000000008003030       0x78 ./Drivers/STM32F4xx_HAL_Driver/Src/stm32f4xx_hal_rcc_ex.o
                0x0000000008003030                HAL_RCCEx_GetPeriphCLKFreq
 .text.UART_EndRxTransfer
                0x00000000080030a8       0x1c ./Drivers/STM32F4xx_HAL_Driver/Src/stm32f4xx_hal_uart.o
 .text.UART_Transmit_IT
                0x00000000080030c4       0x66 ./Drivers/STM32F4xx_HAL_Driver/Src/stm32f4xx_hal_uart.o
 *fill*         0x000000000800312a        0x2 
 .text.UART_SetConfig
                0x000000000800312c      0x1e8 ./Drivers/STM32F4xx_HAL_Driver/Src/stm32f4xx_hal_uart.o
 .text.HAL_UART_Init
                0x0000000008003314       0x5e ./Drivers/STM32F4xx_HAL_Driver/Src/stm32f4xx_hal_uart.o
                0x0000000008003314                HAL_UART_Init
 .text.HAL_UART_Receive_IT
                0x0000000008003372       0x5c ./Drivers/STM32F4xx_HAL_Driver/Src/stm32f4xx_hal_uart.o
                0x0000000008003372                HAL_UART_Receive_IT
 .text.HAL_UART_TxCpltCallback
                0x00000000080033ce        0x2 ./Drivers/STM32F4xx_HAL_Driver/Src/stm32f4xx_hal_uart.o
                0x00000000080033ce                HAL_UART_TxCpltCallback
 .text.UART_EndTransmit_IT
                0x00000000080033d0       0x1a ./Drivers/STM32F4xx_HAL_Driver/Src/stm32f4xx_hal_uart.o
 .text.UART_Receive_IT
                0x00000000080033ea       0x9e ./Drivers/STM32F4xx_HAL_Driver/Src/stm32f4xx_hal_uart.o
 .text.HAL_UART_ErrorCallback
                0x0000000008003488        0x2 ./Drivers/STM32F4xx_HAL_Driver/Src/stm32f4xx_hal_uart.o
                0x0000000008003488                HAL_UART_ErrorCallback
 *fill*         0x000000000800348a        0x2 
 .text.HAL_UART_IRQHandler
                0x000000000800348c      0x128 ./Drivers/STM32F4xx_HAL_Driver/Src/stm32f4xx_hal_uart.o
                0x000000000800348c                HAL_UART_IRQHandler
 .text.UART_DMAAbortOnError
                0x00000000080035b4       0x10 ./Drivers/STM32F4xx_HAL_Driver/Src/stm32f4xx_hal_uart.o
 .text.Reset_Handler
                0x00000000080035c4       0x50 ./startup/startup_stm32f411xe.o
                0x00000000080035c4                Reset_Handler
 .text.Default_Handler
                0x0000000008003614        0x2 ./startup/startup_stm32f411xe.o
                0x0000000008003614                RTC_Alarm_IRQHandler
                0x0000000008003614                EXTI2_IRQHandler
                0x0000000008003614                SPI4_IRQHandler
                0x0000000008003614                TIM1_CC_IRQHandler
                0x0000000008003614                DMA2_Stream5_IRQHandler
                0x0000000008003614                DMA1_Stream5_IRQHandler
                0x0000000008003614                PVD_IRQHandler
                0x0000000008003614                SDIO_IRQHandler
                0x0000000008003614                TAMP_STAMP_IRQHandler
                0x0000000008003614                EXTI3_IRQHandler
                0x0000000008003614                TIM1_UP_TIM10_IRQHandler
                0x0000000008003614                I2C3_ER_IRQHandler
                0x0000000008003614                EXTI0_IRQHandler
                0x0000000008003614                I2C2_EV_IRQHandler
                0x0000000008003614                DMA1_Stream2_IRQHandler
                0x0000000008003614                FPU_IRQHandler
                0x0000000008003614                SPI1_IRQHandler
                0x0000000008003614                TIM1_BRK_TIM9_IRQHandler
                0x0000000008003614                DMA2_Stream3_IRQHandler
                0x0000000008003614                USART6_IRQHandler
                0x0000000008003614                DMA2_Stream0_IRQHandler
                0x0000000008003614                TIM4_IRQHandler
                0x0000000008003614                I2C1_EV_IRQHandler
                0x0000000008003614                DMA1_Stream6_IRQHandler
                0x0000000008003614                DMA1_Stream1_IRQHandler
                0x0000000008003614                TIM3_IRQHandler
                0x0000000008003614                RCC_IRQHandler
                0x0000000008003614                Default_Handler
                0x0000000008003614                EXTI15_10_IRQHandler
                0x0000000008003614                ADC_IRQHandler
                0x0000000008003614                DMA1_Stream7_IRQHandler
                0x0000000008003614                SPI5_IRQHandler
                0x0000000008003614                TIM5_IRQHandler
                0x0000000008003614                DMA2_Stream7_IRQHandler
                0x0000000008003614                I2C3_EV_IRQHandler
                0x0000000008003614                EXTI9_5_IRQHandler
                0x0000000008003614                RTC_WKUP_IRQHandler
                0x0000000008003614                SPI2_IRQHandler
                0x0000000008003614                DMA1_Stream0_IRQHandler
                0x0000000008003614                EXTI4_IRQHandler
                0x0000000008003614                WWDG_IRQHandler
                0x0000000008003614                TIM2_IRQHandler
                0x0000000008003614                OTG_FS_WKUP_IRQHandler
                0x0000000008003614                TIM1_TRG_COM_TIM11_IRQHandler
                0x0000000008003614                EXTI1_IRQHandler
                0x0000000008003614                I2C2_ER_IRQHandler
                0x0000000008003614                DMA2_Stream1_IRQHandler
                0x0000000008003614                FLASH_IRQHandler
                0x0000000008003614                DMA2_Stream4_IRQHandler
                0x0000000008003614                USART1_IRQHandler
                0x0000000008003614                OTG_FS_IRQHandler
                0x0000000008003614                SPI3_IRQHandler
                0x0000000008003614                DMA1_Stream4_IRQHandler
                0x0000000008003614                I2C1_ER_IRQHandler
                0x0000000008003614                DMA2_Stream6_IRQHandler
                0x0000000008003614                DMA1_Stream3_IRQHandler
 *fill*         0x0000000008003616        0x2 
 .text.__errno  0x0000000008003618        0xc d:/stm32cubeide_1.3.0/stm32cubeide/plugins/com.st.stm32cube.ide.mcu.externaltools.gnu-tools-for-stm32.9-2020-q2-update.win32_2.0.0.202105311346/tools/bin/../lib/gcc/arm-none-eabi/9.3.1/../../../../arm-none-eabi/lib/thumb/v7e-m+fp/hard\libc_nano.a(lib_a-errno.o)
                0x0000000008003618                __errno
 .text.__libc_init_array
                0x0000000008003624       0x48 d:/stm32cubeide_1.3.0/stm32cubeide/plugins/com.st.stm32cube.ide.mcu.externaltools.gnu-tools-for-stm32.9-2020-q2-update.win32_2.0.0.202105311346/tools/bin/../lib/gcc/arm-none-eabi/9.3.1/../../../../arm-none-eabi/lib/thumb/v7e-m+fp/hard\libc_nano.a(lib_a-init.o)
                0x0000000008003624                __libc_init_array
 .text.memset   0x000000000800366c       0x10 d:/stm32cubeide_1.3.0/stm32cubeide/plugins/com.st.stm32cube.ide.mcu.externaltools.gnu-tools-for-stm32.9-2020-q2-update.win32_2.0.0.202105311346/tools/bin/../lib/gcc/arm-none-eabi/9.3.1/../../../../arm-none-eabi/lib/thumb/v7e-m+fp/hard\libc_nano.a(lib_a-memset.o)
                0x000000000800366c                memset
 .text.powf     0x000000000800367c      0x130 d:/stm32cubeide_1.3.0/stm32cubeide/plugins/com.st.stm32cube.ide.mcu.externaltools.gnu-tools-for-stm32.9-2020-q2-update.win32_2.0.0.202105311346/tools/bin/../lib/gcc/arm-none-eabi/9.3.1/../../../../arm-none-eabi/lib/thumb/v7e-m+fp/hard\libm.a(lib_a-wf_pow.o)
                0x000000000800367c                powf
 .text.__ieee754_powf
                0x00000000080037ac      0x580 d:/stm32cubeide_1.3.0/stm32cubeide/plugins/com.st.stm32cube.ide.mcu.externaltools.gnu-tools-for-stm32.9-2020-q2-update.win32_2.0.0.202105311346/tools/bin/../lib/gcc/arm-none-eabi/9.3.1/../../../../arm-none-eabi/lib/thumb/v7e-m+fp/hard\libm.a(lib_a-ef_pow.o)
                0x00000000080037ac                __ieee754_powf
 .text.__ieee754_sqrtf
                0x0000000008003d2c        0x6 d:/stm32cubeide_1.3.0/stm32cubeide/plugins/com.st.stm32cube.ide.mcu.externaltools.gnu-tools-for-stm32.9-2020-q2-update.win32_2.0.0.202105311346/tools/bin/../lib/gcc/arm-none-eabi/9.3.1/../../../../arm-none-eabi/lib/thumb/v7e-m+fp/hard\libm.a(lib_a-ef_sqrt.o)
                0x0000000008003d2c                __ieee754_sqrtf
 .text.fabsf    0x0000000008003d32        0xe d:/stm32cubeide_1.3.0/stm32cubeide/plugins/com.st.stm32cube.ide.mcu.externaltools.gnu-tools-for-stm32.9-2020-q2-update.win32_2.0.0.202105311346/tools/bin/../lib/gcc/arm-none-eabi/9.3.1/../../../../arm-none-eabi/lib/thumb/v7e-m+fp/hard\libm.a(lib_a-sf_fabs.o)
                0x0000000008003d32                fabsf
 .text.finitef  0x0000000008003d40       0x1a d:/stm32cubeide_1.3.0/stm32cubeide/plugins/com.st.stm32cube.ide.mcu.externaltools.gnu-tools-for-stm32.9-2020-q2-update.win32_2.0.0.202105311346/tools/bin/../lib/gcc/arm-none-eabi/9.3.1/../../../../arm-none-eabi/lib/thumb/v7e-m+fp/hard\libm.a(lib_a-sf_finite.o)
                0x0000000008003d40                finitef
 *fill*         0x0000000008003d5a        0x2 
 .text.nanf     0x0000000008003d5c        0xc d:/stm32cubeide_1.3.0/stm32cubeide/plugins/com.st.stm32cube.ide.mcu.externaltools.gnu-tools-for-stm32.9-2020-q2-update.win32_2.0.0.202105311346/tools/bin/../lib/gcc/arm-none-eabi/9.3.1/../../../../arm-none-eabi/lib/thumb/v7e-m+fp/hard\libm.a(lib_a-sf_nan.o)
                0x0000000008003d5c                nanf
 .text.rintf    0x0000000008003d68       0xb8 d:/stm32cubeide_1.3.0/stm32cubeide/plugins/com.st.stm32cube.ide.mcu.externaltools.gnu-tools-for-stm32.9-2020-q2-update.win32_2.0.0.202105311346/tools/bin/../lib/gcc/arm-none-eabi/9.3.1/../../../../arm-none-eabi/lib/thumb/v7e-m+fp/hard\libm.a(lib_a-sf_rint.o)
                0x0000000008003d68                rintf
 .text.scalbnf  0x0000000008003e20       0xe4 d:/stm32cubeide_1.3.0/stm32cubeide/plugins/com.st.stm32cube.ide.mcu.externaltools.gnu-tools-for-stm32.9-2020-q2-update.win32_2.0.0.202105311346/tools/bin/../lib/gcc/arm-none-eabi/9.3.1/../../../../arm-none-eabi/lib/thumb/v7e-m+fp/hard\libm.a(lib_a-sf_scalbn.o)
                0x0000000008003e20                scalbnf
 *(.glue_7)
 .glue_7        0x0000000008003f04        0x0 linker stubs
 *(.glue_7t)
 .glue_7t       0x0000000008003f04        0x0 linker stubs
 *(.eh_frame)
 .eh_frame      0x0000000008003f04        0x0 d:/stm32cubeide_1.3.0/stm32cubeide/plugins/com.st.stm32cube.ide.mcu.externaltools.gnu-tools-for-stm32.9-2020-q2-update.win32_2.0.0.202105311346/tools/bin/../lib/gcc/arm-none-eabi/9.3.1/thumb/v7e-m+fp/hard/crtbegin.o
 *(.init)
 .init          0x0000000008003f04        0x4 d:/stm32cubeide_1.3.0/stm32cubeide/plugins/com.st.stm32cube.ide.mcu.externaltools.gnu-tools-for-stm32.9-2020-q2-update.win32_2.0.0.202105311346/tools/bin/../lib/gcc/arm-none-eabi/9.3.1/thumb/v7e-m+fp/hard/crti.o
                0x0000000008003f04                _init
 .init          0x0000000008003f08        0x8 d:/stm32cubeide_1.3.0/stm32cubeide/plugins/com.st.stm32cube.ide.mcu.externaltools.gnu-tools-for-stm32.9-2020-q2-update.win32_2.0.0.202105311346/tools/bin/../lib/gcc/arm-none-eabi/9.3.1/thumb/v7e-m+fp/hard/crtn.o
 *(.fini)
 .fini          0x0000000008003f10        0x4 d:/stm32cubeide_1.3.0/stm32cubeide/plugins/com.st.stm32cube.ide.mcu.externaltools.gnu-tools-for-stm32.9-2020-q2-update.win32_2.0.0.202105311346/tools/bin/../lib/gcc/arm-none-eabi/9.3.1/thumb/v7e-m+fp/hard/crti.o
                0x0000000008003f10                _fini
 .fini          0x0000000008003f14        0x8 d:/stm32cubeide_1.3.0/stm32cubeide/plugins/com.st.stm32cube.ide.mcu.externaltools.gnu-tools-for-stm32.9-2020-q2-update.win32_2.0.0.202105311346/tools/bin/../lib/gcc/arm-none-eabi/9.3.1/thumb/v7e-m+fp/hard/crtn.o
                0x0000000008003f1c                . = ALIGN (0x4)
                0x0000000008003f1c                _etext = .

.vfp11_veneer   0x0000000008003f1c        0x0
 .vfp11_veneer  0x0000000008003f1c        0x0 linker stubs

.v4_bx          0x0000000008003f1c        0x0
 .v4_bx         0x0000000008003f1c        0x0 linker stubs

.iplt           0x0000000008003f1c        0x0
 .iplt          0x0000000008003f1c        0x0 d:/stm32cubeide_1.3.0/stm32cubeide/plugins/com.st.stm32cube.ide.mcu.externaltools.gnu-tools-for-stm32.9-2020-q2-update.win32_2.0.0.202105311346/tools/bin/../lib/gcc/arm-none-eabi/9.3.1/thumb/v7e-m+fp/hard/crtbegin.o

.rodata         0x0000000008003f1c       0x44
                0x0000000008003f1c                . = ALIGN (0x4)
 *(.rodata)
 .rodata        0x0000000008003f1c       0x18 ./Core/Src/system_stm32f4xx.o
                0x0000000008003f1c                AHBPrescTable
                0x0000000008003f2c                APBPrescTable
 .rodata        0x0000000008003f34        0x8 ./Drivers/STM32F4xx_HAL_Driver/Src/stm32f4xx_hal_dma.o
 *(.rodata*)
 .rodata.__ieee754_powf.str1.1
                0x0000000008003f3c        0x1 d:/stm32cubeide_1.3.0/stm32cubeide/plugins/com.st.stm32cube.ide.mcu.externaltools.gnu-tools-for-stm32.9-2020-q2-update.win32_2.0.0.202105311346/tools/bin/../lib/gcc/arm-none-eabi/9.3.1/../../../../arm-none-eabi/lib/thumb/v7e-m+fp/hard\libm.a(lib_a-ef_pow.o)
 *fill*         0x0000000008003f3d        0x3 
 .rodata.bp     0x0000000008003f40        0x8 d:/stm32cubeide_1.3.0/stm32cubeide/plugins/com.st.stm32cube.ide.mcu.externaltools.gnu-tools-for-stm32.9-2020-q2-update.win32_2.0.0.202105311346/tools/bin/../lib/gcc/arm-none-eabi/9.3.1/../../../../arm-none-eabi/lib/thumb/v7e-m+fp/hard\libm.a(lib_a-ef_pow.o)
 .rodata.dp_h   0x0000000008003f48        0x8 d:/stm32cubeide_1.3.0/stm32cubeide/plugins/com.st.stm32cube.ide.mcu.externaltools.gnu-tools-for-stm32.9-2020-q2-update.win32_2.0.0.202105311346/tools/bin/../lib/gcc/arm-none-eabi/9.3.1/../../../../arm-none-eabi/lib/thumb/v7e-m+fp/hard\libm.a(lib_a-ef_pow.o)
 .rodata.dp_l   0x0000000008003f50        0x8 d:/stm32cubeide_1.3.0/stm32cubeide/plugins/com.st.stm32cube.ide.mcu.externaltools.gnu-tools-for-stm32.9-2020-q2-update.win32_2.0.0.202105311346/tools/bin/../lib/gcc/arm-none-eabi/9.3.1/../../../../arm-none-eabi/lib/thumb/v7e-m+fp/hard\libm.a(lib_a-ef_pow.o)
 .rodata.TWO23  0x0000000008003f58        0x8 d:/stm32cubeide_1.3.0/stm32cubeide/plugins/com.st.stm32cube.ide.mcu.externaltools.gnu-tools-for-stm32.9-2020-q2-update.win32_2.0.0.202105311346/tools/bin/../lib/gcc/arm-none-eabi/9.3.1/../../../../arm-none-eabi/lib/thumb/v7e-m+fp/hard\libm.a(lib_a-sf_rint.o)
                0x0000000008003f60                . = ALIGN (0x4)

.ARM.extab
 *(.ARM.extab* .gnu.linkonce.armextab.*)

.ARM            0x0000000008003f60        0x8
                0x0000000008003f60                __exidx_start = .
 *(.ARM.exidx*)
 .ARM.exidx     0x0000000008003f60        0x8 d:/stm32cubeide_1.3.0/stm32cubeide/plugins/com.st.stm32cube.ide.mcu.externaltools.gnu-tools-for-stm32.9-2020-q2-update.win32_2.0.0.202105311346/tools/bin/../lib/gcc/arm-none-eabi/9.3.1/thumb/v7e-m+fp/hard\libgcc.a(_udivmoddi4.o)
                0x0000000008003f68                __exidx_end = .

.rel.dyn        0x0000000008003f68        0x0
 .rel.iplt      0x0000000008003f68        0x0 d:/stm32cubeide_1.3.0/stm32cubeide/plugins/com.st.stm32cube.ide.mcu.externaltools.gnu-tools-for-stm32.9-2020-q2-update.win32_2.0.0.202105311346/tools/bin/../lib/gcc/arm-none-eabi/9.3.1/thumb/v7e-m+fp/hard/crtbegin.o

.preinit_array  0x0000000008003f68        0x0
                0x0000000008003f68                PROVIDE (__preinit_array_start = .)
 *(.preinit_array*)
                0x0000000008003f68                PROVIDE (__preinit_array_end = .)

.init_array     0x0000000008003f68        0x4
                0x0000000008003f68                PROVIDE (__init_array_start = .)
 *(SORT_BY_NAME(.init_array.*))
 *(.init_array*)
 .init_array    0x0000000008003f68        0x4 d:/stm32cubeide_1.3.0/stm32cubeide/plugins/com.st.stm32cube.ide.mcu.externaltools.gnu-tools-for-stm32.9-2020-q2-update.win32_2.0.0.202105311346/tools/bin/../lib/gcc/arm-none-eabi/9.3.1/thumb/v7e-m+fp/hard/crtbegin.o
                0x0000000008003f6c                PROVIDE (__init_array_end = .)

.fini_array     0x0000000008003f6c        0x4
                [!provide]                        PROVIDE (__fini_array_start = .)
 *(SORT_BY_NAME(.fini_array.*))
 *(.fini_array*)
 .fini_array    0x0000000008003f6c        0x4 d:/stm32cubeide_1.3.0/stm32cubeide/plugins/com.st.stm32cube.ide.mcu.externaltools.gnu-tools-for-stm32.9-2020-q2-update.win32_2.0.0.202105311346/tools/bin/../lib/gcc/arm-none-eabi/9.3.1/thumb/v7e-m+fp/hard/crtbegin.o
                [!provide]                        PROVIDE (__fini_array_end = .)
                0x0000000008003f70                _sidata = LOADADDR (.data)

.data           0x0000000020000000       0x7c load address 0x0000000008003f70
                0x0000000020000000                . = ALIGN (0x4)
                0x0000000020000000                _sdata = .
 *(.data)
 .data          0x0000000020000000        0x8 ./Core/Src/main.o
                0x0000000020000000                currNote
                0x0000000020000001                bendRange
                0x0000000020000004                bendFactor
 .data          0x0000000020000008        0x4 ./Core/Src/system_stm32f4xx.o
                0x0000000020000008                SystemCoreClock
 .data          0x000000002000000c        0x8 ./Drivers/STM32F4xx_HAL_Driver/Src/stm32f4xx_hal.o
                0x000000002000000c                uwTickFreq
                0x0000000020000010                uwTickPrio
 *(.data*)
 .data._impure_ptr
                0x0000000020000014        0x4 d:/stm32cubeide_1.3.0/stm32cubeide/plugins/com.st.stm32cube.ide.mcu.externaltools.gnu-tools-for-stm32.9-2020-q2-update.win32_2.0.0.202105311346/tools/bin/../lib/gcc/arm-none-eabi/9.3.1/../../../../arm-none-eabi/lib/thumb/v7e-m+fp/hard\libc_nano.a(lib_a-impure.o)
                0x0000000020000014                _impure_ptr
 .data.impure_data
                0x0000000020000018       0x60 d:/stm32cubeide_1.3.0/stm32cubeide/plugins/com.st.stm32cube.ide.mcu.externaltools.gnu-tools-for-stm32.9-2020-q2-update.win32_2.0.0.202105311346/tools/bin/../lib/gcc/arm-none-eabi/9.3.1/../../../../arm-none-eabi/lib/thumb/v7e-m+fp/hard\libc_nano.a(lib_a-impure.o)
 .data.__fdlib_version
                0x0000000020000078        0x1 d:/stm32cubeide_1.3.0/stm32cubeide/plugins/com.st.stm32cube.ide.mcu.externaltools.gnu-tools-for-stm32.9-2020-q2-update.win32_2.0.0.202105311346/tools/bin/../lib/gcc/arm-none-eabi/9.3.1/../../../../arm-none-eabi/lib/thumb/v7e-m+fp/hard\libm.a(lib_a-s_lib_ver.o)
                0x0000000020000078                __fdlib_version
                0x000000002000007c                . = ALIGN (0x4)
 *fill*         0x0000000020000079        0x3 
                0x000000002000007c                _edata = .

.igot.plt       0x000000002000007c        0x0 load address 0x0000000008003fec
 .igot.plt      0x000000002000007c        0x0 d:/stm32cubeide_1.3.0/stm32cubeide/plugins/com.st.stm32cube.ide.mcu.externaltools.gnu-tools-for-stm32.9-2020-q2-update.win32_2.0.0.202105311346/tools/bin/../lib/gcc/arm-none-eabi/9.3.1/thumb/v7e-m+fp/hard/crtbegin.o
                0x000000002000007c                . = ALIGN (0x4)

.bss            0x000000002000007c     0x1134 load address 0x0000000008003fec
                0x000000002000007c                _sbss = .
                0x000000002000007c                __bss_start__ = _sbss
 *(.bss)
 .bss           0x000000002000007c       0x1c d:/stm32cubeide_1.3.0/stm32cubeide/plugins/com.st.stm32cube.ide.mcu.externaltools.gnu-tools-for-stm32.9-2020-q2-update.win32_2.0.0.202105311346/tools/bin/../lib/gcc/arm-none-eabi/9.3.1/thumb/v7e-m+fp/hard/crtbegin.o
 .bss           0x0000000020000098        0x2 ./Core/Src/main.o
                0x0000000020000098                noteCount
                0x0000000020000099                noteByteFlag
 *fill*         0x000000002000009a        0x2 
 .bss           0x000000002000009c        0x4 ./Core/Src/waveGen.o
 *(.bss*)
 *(COMMON)
 COMMON         0x00000000200000a0       0x18 ./Core/Src/adsr.o
                0x00000000200000a0                amp_EG
 COMMON         0x00000000200000b8     0x10a8 ./Core/Src/main.o
                0x00000000200000b8                voice
                0x00000000200000c8                rx_buff
                0x00000000200000cc                audiobuff
                0x000000002000106c                MIDIcmd
                0x0000000020001070                MIDI_rx
                0x0000000020001073                MIDIvel
                0x0000000020001074                hi2s1
                0x00000000200010bc                MIDInote
                0x00000000200010c0                huart2
                0x0000000020001100                hdma_spi1_tx
 COMMON         0x0000000020001160       0x48 ./Core/Src/oscillators.o
                0x0000000020001160                op1
                0x0000000020001184                vibr_lfo
 COMMON         0x00000000200011a8        0x4 ./Core/Src/parameterFuncs.o
                0x00000000200011a8                vol
 COMMON         0x00000000200011ac        0x4 ./Drivers/STM32F4xx_HAL_Driver/Src/stm32f4xx_hal.o
                0x00000000200011ac                uwTick
                0x00000000200011b0                . = ALIGN (0x4)
                0x00000000200011b0                _ebss = .
                0x00000000200011b0                __bss_end__ = _ebss

._user_heap_stack
                0x00000000200011b0      0x600 load address 0x0000000008003fec
                0x00000000200011b0                . = ALIGN (0x8)
                0x00000000200011b0                PROVIDE (end = .)
                [!provide]                        PROVIDE (_end = .)
                0x00000000200013b0                . = (. + _Min_Heap_Size)
 *fill*         0x00000000200011b0      0x200 
                0x00000000200017b0                . = (. + _Min_Stack_Size)
 *fill*         0x00000000200013b0      0x400 
                0x00000000200017b0                . = ALIGN (0x8)

/DISCARD/
 libc.a(*)
 libm.a(*)
 libgcc.a(*)

.ARM.attributes
                0x0000000000000000       0x30
 *(.ARM.attributes)
 .ARM.attributes
                0x0000000000000000       0x1e d:/stm32cubeide_1.3.0/stm32cubeide/plugins/com.st.stm32cube.ide.mcu.externaltools.gnu-tools-for-stm32.9-2020-q2-update.win32_2.0.0.202105311346/tools/bin/../lib/gcc/arm-none-eabi/9.3.1/thumb/v7e-m+fp/hard/crti.o
 .ARM.attributes
                0x000000000000001e       0x34 d:/stm32cubeide_1.3.0/stm32cubeide/plugins/com.st.stm32cube.ide.mcu.externaltools.gnu-tools-for-stm32.9-2020-q2-update.win32_2.0.0.202105311346/tools/bin/../lib/gcc/arm-none-eabi/9.3.1/thumb/v7e-m+fp/hard/crtbegin.o
 .ARM.attributes
                0x0000000000000052       0x34 ./Core/Src/MIDI_CCs.o
 .ARM.attributes
                0x0000000000000086       0x34 ./Core/Src/adsr.o
 .ARM.attributes
                0x00000000000000ba       0x34 ./Core/Src/main.o
 .ARM.attributes
                0x00000000000000ee       0x34 ./Core/Src/oscillators.o
 .ARM.attributes
                0x0000000000000122       0x34 ./Core/Src/parameterFuncs.o
 .ARM.attributes
                0x0000000000000156       0x34 ./Core/Src/stm32f4xx_hal_msp.o
 .ARM.attributes
                0x000000000000018a       0x34 ./Core/Src/stm32f4xx_it.o
 .ARM.attributes
                0x00000000000001be       0x34 ./Core/Src/system_stm32f4xx.o
 .ARM.attributes
                0x00000000000001f2       0x34 ./Core/Src/waveGen.o
 .ARM.attributes
                0x0000000000000226       0x34 ./Drivers/STM32F4xx_HAL_Driver/Src/stm32f4xx_hal.o
 .ARM.attributes
                0x000000000000025a       0x34 ./Drivers/STM32F4xx_HAL_Driver/Src/stm32f4xx_hal_cortex.o
 .ARM.attributes
                0x000000000000028e       0x34 ./Drivers/STM32F4xx_HAL_Driver/Src/stm32f4xx_hal_dma.o
 .ARM.attributes
                0x00000000000002c2       0x34 ./Drivers/STM32F4xx_HAL_Driver/Src/stm32f4xx_hal_gpio.o
 .ARM.attributes
                0x00000000000002f6       0x34 ./Drivers/STM32F4xx_HAL_Driver/Src/stm32f4xx_hal_i2s.o
 .ARM.attributes
                0x000000000000032a       0x34 ./Drivers/STM32F4xx_HAL_Driver/Src/stm32f4xx_hal_i2s_ex.o
 .ARM.attributes
                0x000000000000035e       0x34 ./Drivers/STM32F4xx_HAL_Driver/Src/stm32f4xx_hal_rcc.o
 .ARM.attributes
                0x0000000000000392       0x34 ./Drivers/STM32F4xx_HAL_Driver/Src/stm32f4xx_hal_rcc_ex.o
 .ARM.attributes
                0x00000000000003c6       0x34 ./Drivers/STM32F4xx_HAL_Driver/Src/stm32f4xx_hal_uart.o
 .ARM.attributes
                0x00000000000003fa       0x21 ./startup/startup_stm32f411xe.o
 .ARM.attributes
                0x000000000000041b       0x34 d:/stm32cubeide_1.3.0/stm32cubeide/plugins/com.st.stm32cube.ide.mcu.externaltools.gnu-tools-for-stm32.9-2020-q2-update.win32_2.0.0.202105311346/tools/bin/../lib/gcc/arm-none-eabi/9.3.1/../../../../arm-none-eabi/lib/thumb/v7e-m+fp/hard\libc_nano.a(lib_a-errno.o)
 .ARM.attributes
                0x000000000000044f       0x32 d:/stm32cubeide_1.3.0/stm32cubeide/plugins/com.st.stm32cube.ide.mcu.externaltools.gnu-tools-for-stm32.9-2020-q2-update.win32_2.0.0.202105311346/tools/bin/../lib/gcc/arm-none-eabi/9.3.1/../../../../arm-none-eabi/lib/thumb/v7e-m+fp/hard\libc_nano.a(lib_a-impure.o)
 .ARM.attributes
                0x0000000000000481       0x34 d:/stm32cubeide_1.3.0/stm32cubeide/plugins/com.st.stm32cube.ide.mcu.externaltools.gnu-tools-for-stm32.9-2020-q2-update.win32_2.0.0.202105311346/tools/bin/../lib/gcc/arm-none-eabi/9.3.1/../../../../arm-none-eabi/lib/thumb/v7e-m+fp/hard\libc_nano.a(lib_a-init.o)
 .ARM.attributes
                0x00000000000004b5       0x34 d:/stm32cubeide_1.3.0/stm32cubeide/plugins/com.st.stm32cube.ide.mcu.externaltools.gnu-tools-for-stm32.9-2020-q2-update.win32_2.0.0.202105311346/tools/bin/../lib/gcc/arm-none-eabi/9.3.1/../../../../arm-none-eabi/lib/thumb/v7e-m+fp/hard\libc_nano.a(lib_a-memset.o)
 .ARM.attributes
                0x00000000000004e9       0x34 d:/stm32cubeide_1.3.0/stm32cubeide/plugins/com.st.stm32cube.ide.mcu.externaltools.gnu-tools-for-stm32.9-2020-q2-update.win32_2.0.0.202105311346/tools/bin/../lib/gcc/arm-none-eabi/9.3.1/../../../../arm-none-eabi/lib/thumb/v7e-m+fp/hard\libm.a(lib_a-wf_pow.o)
 .ARM.attributes
                0x000000000000051d       0x34 d:/stm32cubeide_1.3.0/stm32cubeide/plugins/com.st.stm32cube.ide.mcu.externaltools.gnu-tools-for-stm32.9-2020-q2-update.win32_2.0.0.202105311346/tools/bin/../lib/gcc/arm-none-eabi/9.3.1/../../../../arm-none-eabi/lib/thumb/v7e-m+fp/hard\libm.a(lib_a-ef_pow.o)
 .ARM.attributes
                0x0000000000000551       0x34 d:/stm32cubeide_1.3.0/stm32cubeide/plugins/com.st.stm32cube.ide.mcu.externaltools.gnu-tools-for-stm32.9-2020-q2-update.win32_2.0.0.202105311346/tools/bin/../lib/gcc/arm-none-eabi/9.3.1/../../../../arm-none-eabi/lib/thumb/v7e-m+fp/hard\libm.a(lib_a-ef_sqrt.o)
 .ARM.attributes
                0x0000000000000585       0x32 d:/stm32cubeide_1.3.0/stm32cubeide/plugins/com.st.stm32cube.ide.mcu.externaltools.gnu-tools-for-stm32.9-2020-q2-update.win32_2.0.0.202105311346/tools/bin/../lib/gcc/arm-none-eabi/9.3.1/../../../../arm-none-eabi/lib/thumb/v7e-m+fp/hard\libm.a(lib_a-s_lib_ver.o)
 .ARM.attributes
                0x00000000000005b7       0x34 d:/stm32cubeide_1.3.0/stm32cubeide/plugins/com.st.stm32cube.ide.mcu.externaltools.gnu-tools-for-stm32.9-2020-q2-update.win32_2.0.0.202105311346/tools/bin/../lib/gcc/arm-none-eabi/9.3.1/../../../../arm-none-eabi/lib/thumb/v7e-m+fp/hard\libm.a(lib_a-sf_fabs.o)
 .ARM.attributes
                0x00000000000005eb       0x34 d:/stm32cubeide_1.3.0/stm32cubeide/plugins/com.st.stm32cube.ide.mcu.externaltools.gnu-tools-for-stm32.9-2020-q2-update.win32_2.0.0.202105311346/tools/bin/../lib/gcc/arm-none-eabi/9.3.1/../../../../arm-none-eabi/lib/thumb/v7e-m+fp/hard\libm.a(lib_a-sf_finite.o)
 .ARM.attributes
                0x000000000000061f       0x34 d:/stm32cubeide_1.3.0/stm32cubeide/plugins/com.st.stm32cube.ide.mcu.externaltools.gnu-tools-for-stm32.9-2020-q2-update.win32_2.0.0.202105311346/tools/bin/../lib/gcc/arm-none-eabi/9.3.1/../../../../arm-none-eabi/lib/thumb/v7e-m+fp/hard\libm.a(lib_a-sf_nan.o)
 .ARM.attributes
                0x0000000000000653       0x34 d:/stm32cubeide_1.3.0/stm32cubeide/plugins/com.st.stm32cube.ide.mcu.externaltools.gnu-tools-for-stm32.9-2020-q2-update.win32_2.0.0.202105311346/tools/bin/../lib/gcc/arm-none-eabi/9.3.1/../../../../arm-none-eabi/lib/thumb/v7e-m+fp/hard\libm.a(lib_a-sf_rint.o)
 .ARM.attributes
                0x0000000000000687       0x34 d:/stm32cubeide_1.3.0/stm32cubeide/plugins/com.st.stm32cube.ide.mcu.externaltools.gnu-tools-for-stm32.9-2020-q2-update.win32_2.0.0.202105311346/tools/bin/../lib/gcc/arm-none-eabi/9.3.1/../../../../arm-none-eabi/lib/thumb/v7e-m+fp/hard\libm.a(lib_a-sf_scalbn.o)
 .ARM.attributes
                0x00000000000006bb       0x1e d:/stm32cubeide_1.3.0/stm32cubeide/plugins/com.st.stm32cube.ide.mcu.externaltools.gnu-tools-for-stm32.9-2020-q2-update.win32_2.0.0.202105311346/tools/bin/../lib/gcc/arm-none-eabi/9.3.1/thumb/v7e-m+fp/hard\libgcc.a(_arm_addsubdf3.o)
 .ARM.attributes
                0x00000000000006d9       0x1e d:/stm32cubeide_1.3.0/stm32cubeide/plugins/com.st.stm32cube.ide.mcu.externaltools.gnu-tools-for-stm32.9-2020-q2-update.win32_2.0.0.202105311346/tools/bin/../lib/gcc/arm-none-eabi/9.3.1/thumb/v7e-m+fp/hard\libgcc.a(_arm_muldivdf3.o)
 .ARM.attributes
                0x00000000000006f7       0x1e d:/stm32cubeide_1.3.0/stm32cubeide/plugins/com.st.stm32cube.ide.mcu.externaltools.gnu-tools-for-stm32.9-2020-q2-update.win32_2.0.0.202105311346/tools/bin/../lib/gcc/arm-none-eabi/9.3.1/thumb/v7e-m+fp/hard\libgcc.a(_arm_truncdfsf2.o)
 .ARM.attributes
                0x0000000000000715       0x1e d:/stm32cubeide_1.3.0/stm32cubeide/plugins/com.st.stm32cube.ide.mcu.externaltools.gnu-tools-for-stm32.9-2020-q2-update.win32_2.0.0.202105311346/tools/bin/../lib/gcc/arm-none-eabi/9.3.1/thumb/v7e-m+fp/hard\libgcc.a(_aeabi_uldivmod.o)
 .ARM.attributes
                0x0000000000000733       0x34 d:/stm32cubeide_1.3.0/stm32cubeide/plugins/com.st.stm32cube.ide.mcu.externaltools.gnu-tools-for-stm32.9-2020-q2-update.win32_2.0.0.202105311346/tools/bin/../lib/gcc/arm-none-eabi/9.3.1/thumb/v7e-m+fp/hard\libgcc.a(_udivmoddi4.o)
 .ARM.attributes
                0x0000000000000767       0x1e d:/stm32cubeide_1.3.0/stm32cubeide/plugins/com.st.stm32cube.ide.mcu.externaltools.gnu-tools-for-stm32.9-2020-q2-update.win32_2.0.0.202105311346/tools/bin/../lib/gcc/arm-none-eabi/9.3.1/thumb/v7e-m+fp/hard\libgcc.a(_dvmd_tls.o)
 .ARM.attributes
                0x0000000000000785       0x1e d:/stm32cubeide_1.3.0/stm32cubeide/plugins/com.st.stm32cube.ide.mcu.externaltools.gnu-tools-for-stm32.9-2020-q2-update.win32_2.0.0.202105311346/tools/bin/../lib/gcc/arm-none-eabi/9.3.1/thumb/v7e-m+fp/hard/crtn.o
OUTPUT(BP_ADSR_EG.elf elf32-littlearm)
LOAD linker stubs
LOAD d:/stm32cubeide_1.3.0/stm32cubeide/plugins/com.st.stm32cube.ide.mcu.externaltools.gnu-tools-for-stm32.9-2020-q2-update.win32_2.0.0.202105311346/tools/bin/../lib/gcc/arm-none-eabi/9.3.1/../../../../arm-none-eabi/lib/thumb/v7e-m+fp/hard\libc.a
LOAD d:/stm32cubeide_1.3.0/stm32cubeide/plugins/com.st.stm32cube.ide.mcu.externaltools.gnu-tools-for-stm32.9-2020-q2-update.win32_2.0.0.202105311346/tools/bin/../lib/gcc/arm-none-eabi/9.3.1/../../../../arm-none-eabi/lib/thumb/v7e-m+fp/hard\libm.a
LOAD d:/stm32cubeide_1.3.0/stm32cubeide/plugins/com.st.stm32cube.ide.mcu.externaltools.gnu-tools-for-stm32.9-2020-q2-update.win32_2.0.0.202105311346/tools/bin/../lib/gcc/arm-none-eabi/9.3.1/thumb/v7e-m+fp/hard\libgcc.a

.debug_info     0x0000000000000000    0x10aaf
 .debug_info    0x0000000000000000      0xb45 ./Core/Src/MIDI_CCs.o
 .debug_info    0x0000000000000b45      0xca4 ./Core/Src/adsr.o
 .debug_info    0x00000000000017e9     0x20ec ./Core/Src/main.o
 .debug_info    0x00000000000038d5      0xb68 ./Core/Src/oscillators.o
 .debug_info    0x000000000000443d      0xb96 ./Core/Src/parameterFuncs.o
 .debug_info    0x0000000000004fd3     0x18e7 ./Core/Src/stm32f4xx_hal_msp.o
 .debug_info    0x00000000000068ba     0x1030 ./Core/Src/stm32f4xx_it.o
 .debug_info    0x00000000000078ea      0x5e9 ./Core/Src/system_stm32f4xx.o
 .debug_info    0x0000000000007ed3      0xdc5 ./Core/Src/waveGen.o
 .debug_info    0x0000000000008c98      0xa0f ./Drivers/STM32F4xx_HAL_Driver/Src/stm32f4xx_hal.o
 .debug_info    0x00000000000096a7     0x10c8 ./Drivers/STM32F4xx_HAL_Driver/Src/stm32f4xx_hal_cortex.o
 .debug_info    0x000000000000a76f      0xbe9 ./Drivers/STM32F4xx_HAL_Driver/Src/stm32f4xx_hal_dma.o
 .debug_info    0x000000000000b358      0x897 ./Drivers/STM32F4xx_HAL_Driver/Src/stm32f4xx_hal_gpio.o
 .debug_info    0x000000000000bbef     0x1295 ./Drivers/STM32F4xx_HAL_Driver/Src/stm32f4xx_hal_i2s.o
 .debug_info    0x000000000000ce84      0xf24 ./Drivers/STM32F4xx_HAL_Driver/Src/stm32f4xx_hal_i2s_ex.o
 .debug_info    0x000000000000dda8      0xb89 ./Drivers/STM32F4xx_HAL_Driver/Src/stm32f4xx_hal_rcc.o
 .debug_info    0x000000000000e931      0x7b3 ./Drivers/STM32F4xx_HAL_Driver/Src/stm32f4xx_hal_rcc_ex.o
 .debug_info    0x000000000000f0e4     0x19a9 ./Drivers/STM32F4xx_HAL_Driver/Src/stm32f4xx_hal_uart.o
 .debug_info    0x0000000000010a8d       0x22 ./startup/startup_stm32f411xe.o

.debug_abbrev   0x0000000000000000     0x2c7e
 .debug_abbrev  0x0000000000000000      0x210 ./Core/Src/MIDI_CCs.o
 .debug_abbrev  0x0000000000000210      0x285 ./Core/Src/adsr.o
 .debug_abbrev  0x0000000000000495      0x367 ./Core/Src/main.o
 .debug_abbrev  0x00000000000007fc      0x276 ./Core/Src/oscillators.o
 .debug_abbrev  0x0000000000000a72      0x228 ./Core/Src/parameterFuncs.o
 .debug_abbrev  0x0000000000000c9a      0x274 ./Core/Src/stm32f4xx_hal_msp.o
 .debug_abbrev  0x0000000000000f0e      0x231 ./Core/Src/stm32f4xx_it.o
 .debug_abbrev  0x000000000000113f      0x14b ./Core/Src/system_stm32f4xx.o
 .debug_abbrev  0x000000000000128a      0x2cb ./Core/Src/waveGen.o
 .debug_abbrev  0x0000000000001555      0x24d ./Drivers/STM32F4xx_HAL_Driver/Src/stm32f4xx_hal.o
 .debug_abbrev  0x00000000000017a2      0x393 ./Drivers/STM32F4xx_HAL_Driver/Src/stm32f4xx_hal_cortex.o
 .debug_abbrev  0x0000000000001b35      0x298 ./Drivers/STM32F4xx_HAL_Driver/Src/stm32f4xx_hal_dma.o
 .debug_abbrev  0x0000000000001dcd      0x21f ./Drivers/STM32F4xx_HAL_Driver/Src/stm32f4xx_hal_gpio.o
 .debug_abbrev  0x0000000000001fec      0x289 ./Drivers/STM32F4xx_HAL_Driver/Src/stm32f4xx_hal_i2s.o
 .debug_abbrev  0x0000000000002275      0x2d5 ./Drivers/STM32F4xx_HAL_Driver/Src/stm32f4xx_hal_i2s_ex.o
 .debug_abbrev  0x000000000000254a      0x2b1 ./Drivers/STM32F4xx_HAL_Driver/Src/stm32f4xx_hal_rcc.o
 .debug_abbrev  0x00000000000027fb      0x19d ./Drivers/STM32F4xx_HAL_Driver/Src/stm32f4xx_hal_rcc_ex.o
 .debug_abbrev  0x0000000000002998      0x2d4 ./Drivers/STM32F4xx_HAL_Driver/Src/stm32f4xx_hal_uart.o
 .debug_abbrev  0x0000000000002c6c       0x12 ./startup/startup_stm32f411xe.o

.debug_loc      0x0000000000000000     0x5f6c
 .debug_loc     0x0000000000000000       0x63 ./Core/Src/MIDI_CCs.o
 .debug_loc     0x0000000000000063      0x10c ./Core/Src/adsr.o
 .debug_loc     0x000000000000016f      0x391 ./Core/Src/main.o
 .debug_loc     0x0000000000000500       0x56 ./Core/Src/oscillators.o
 .debug_loc     0x0000000000000556       0xf5 ./Core/Src/stm32f4xx_hal_msp.o
 .debug_loc     0x000000000000064b      0x16c ./Core/Src/system_stm32f4xx.o
 .debug_loc     0x00000000000007b7      0x182 ./Core/Src/waveGen.o
 .debug_loc     0x0000000000000939      0x141 ./Drivers/STM32F4xx_HAL_Driver/Src/stm32f4xx_hal.o
 .debug_loc     0x0000000000000a7a      0x744 ./Drivers/STM32F4xx_HAL_Driver/Src/stm32f4xx_hal_cortex.o
 .debug_loc     0x00000000000011be      0xbf9 ./Drivers/STM32F4xx_HAL_Driver/Src/stm32f4xx_hal_dma.o
 .debug_loc     0x0000000000001db7      0x4ff ./Drivers/STM32F4xx_HAL_Driver/Src/stm32f4xx_hal_gpio.o
 .debug_loc     0x00000000000022b6      0xfa1 ./Drivers/STM32F4xx_HAL_Driver/Src/stm32f4xx_hal_i2s.o
 .debug_loc     0x0000000000003257      0xb12 ./Drivers/STM32F4xx_HAL_Driver/Src/stm32f4xx_hal_i2s_ex.o
 .debug_loc     0x0000000000003d69      0x56f ./Drivers/STM32F4xx_HAL_Driver/Src/stm32f4xx_hal_rcc.o
 .debug_loc     0x00000000000042d8      0x3cf ./Drivers/STM32F4xx_HAL_Driver/Src/stm32f4xx_hal_rcc_ex.o
 .debug_loc     0x00000000000046a7     0x18c5 ./Drivers/STM32F4xx_HAL_Driver/Src/stm32f4xx_hal_uart.o

.debug_aranges  0x0000000000000000      0x970
 .debug_aranges
                0x0000000000000000       0x20 ./Core/Src/MIDI_CCs.o
 .debug_aranges
                0x0000000000000020       0x78 ./Core/Src/adsr.o
 .debug_aranges
                0x0000000000000098       0x88 ./Core/Src/main.o
 .debug_aranges
                0x0000000000000120       0x40 ./Core/Src/oscillators.o
 .debug_aranges
                0x0000000000000160       0x30 ./Core/Src/parameterFuncs.o
 .debug_aranges
                0x0000000000000190       0x40 ./Core/Src/stm32f4xx_hal_msp.o
 .debug_aranges
                0x00000000000001d0       0x70 ./Core/Src/stm32f4xx_it.o
 .debug_aranges
                0x0000000000000240       0x28 ./Core/Src/system_stm32f4xx.o
 .debug_aranges
                0x0000000000000268       0x28 ./Core/Src/waveGen.o
 .debug_aranges
                0x0000000000000290       0xf0 ./Drivers/STM32F4xx_HAL_Driver/Src/stm32f4xx_hal.o
 .debug_aranges
                0x0000000000000380       0xa8 ./Drivers/STM32F4xx_HAL_Driver/Src/stm32f4xx_hal_cortex.o
 .debug_aranges
                0x0000000000000428       0x90 ./Drivers/STM32F4xx_HAL_Driver/Src/stm32f4xx_hal_dma.o
 .debug_aranges
                0x00000000000004b8       0x58 ./Drivers/STM32F4xx_HAL_Driver/Src/stm32f4xx_hal_gpio.o
 .debug_aranges
                0x0000000000000510      0x108 ./Drivers/STM32F4xx_HAL_Driver/Src/stm32f4xx_hal_i2s.o
 .debug_aranges
                0x0000000000000618       0x88 ./Drivers/STM32F4xx_HAL_Driver/Src/stm32f4xx_hal_i2s_ex.o
 .debug_aranges
                0x00000000000006a0       0x88 ./Drivers/STM32F4xx_HAL_Driver/Src/stm32f4xx_hal_rcc.o
 .debug_aranges
                0x0000000000000728       0x50 ./Drivers/STM32F4xx_HAL_Driver/Src/stm32f4xx_hal_rcc_ex.o
 .debug_aranges
                0x0000000000000778      0x1d0 ./Drivers/STM32F4xx_HAL_Driver/Src/stm32f4xx_hal_uart.o
 .debug_aranges
                0x0000000000000948       0x28 ./startup/startup_stm32f411xe.o

.debug_ranges   0x0000000000000000      0x950
 .debug_ranges  0x0000000000000000       0x28 ./Core/Src/MIDI_CCs.o
 .debug_ranges  0x0000000000000028       0x68 ./Core/Src/adsr.o
 .debug_ranges  0x0000000000000090       0xa8 ./Core/Src/main.o
 .debug_ranges  0x0000000000000138       0x30 ./Core/Src/oscillators.o
 .debug_ranges  0x0000000000000168       0x20 ./Core/Src/parameterFuncs.o
 .debug_ranges  0x0000000000000188       0x30 ./Core/Src/stm32f4xx_hal_msp.o
 .debug_ranges  0x00000000000001b8       0x60 ./Core/Src/stm32f4xx_it.o
 .debug_ranges  0x0000000000000218       0x18 ./Core/Src/system_stm32f4xx.o
 .debug_ranges  0x0000000000000230       0x18 ./Core/Src/waveGen.o
 .debug_ranges  0x0000000000000248       0xe0 ./Drivers/STM32F4xx_HAL_Driver/Src/stm32f4xx_hal.o
 .debug_ranges  0x0000000000000328       0xf8 ./Drivers/STM32F4xx_HAL_Driver/Src/stm32f4xx_hal_cortex.o
 .debug_ranges  0x0000000000000420       0x80 ./Drivers/STM32F4xx_HAL_Driver/Src/stm32f4xx_hal_dma.o
 .debug_ranges  0x00000000000004a0       0x48 ./Drivers/STM32F4xx_HAL_Driver/Src/stm32f4xx_hal_gpio.o
 .debug_ranges  0x00000000000004e8      0x128 ./Drivers/STM32F4xx_HAL_Driver/Src/stm32f4xx_hal_i2s.o
 .debug_ranges  0x0000000000000610       0x90 ./Drivers/STM32F4xx_HAL_Driver/Src/stm32f4xx_hal_i2s_ex.o
 .debug_ranges  0x00000000000006a0       0x90 ./Drivers/STM32F4xx_HAL_Driver/Src/stm32f4xx_hal_rcc.o
 .debug_ranges  0x0000000000000730       0x40 ./Drivers/STM32F4xx_HAL_Driver/Src/stm32f4xx_hal_rcc_ex.o
 .debug_ranges  0x0000000000000770      0x1c0 ./Drivers/STM32F4xx_HAL_Driver/Src/stm32f4xx_hal_uart.o
 .debug_ranges  0x0000000000000930       0x20 ./startup/startup_stm32f411xe.o

.debug_macro    0x0000000000000000    0x16e02
 .debug_macro   0x0000000000000000      0x2e1 ./Core/Src/MIDI_CCs.o
 .debug_macro   0x00000000000002e1      0xaa2 ./Core/Src/MIDI_CCs.o
 .debug_macro   0x0000000000000d83       0x22 ./Core/Src/MIDI_CCs.o
 .debug_macro   0x0000000000000da5       0x4c ./Core/Src/MIDI_CCs.o
 .debug_macro   0x0000000000000df1       0x18 ./Core/Src/MIDI_CCs.o
 .debug_macro   0x0000000000000e09       0x94 ./Core/Src/MIDI_CCs.o
 .debug_macro   0x0000000000000e9d       0x3c ./Core/Src/MIDI_CCs.o
 .debug_macro   0x0000000000000ed9       0x34 ./Core/Src/MIDI_CCs.o
 .debug_macro   0x0000000000000f0d      0x174 ./Core/Src/MIDI_CCs.o
 .debug_macro   0x0000000000001081       0x16 ./Core/Src/MIDI_CCs.o
 .debug_macro   0x0000000000001097       0x43 ./Core/Src/MIDI_CCs.o
 .debug_macro   0x00000000000010da       0x57 ./Core/Src/MIDI_CCs.o
 .debug_macro   0x0000000000001131       0x34 ./Core/Src/MIDI_CCs.o
 .debug_macro   0x0000000000001165       0x10 ./Core/Src/MIDI_CCs.o
 .debug_macro   0x0000000000001175       0x58 ./Core/Src/MIDI_CCs.o
 .debug_macro   0x00000000000011cd       0x71 ./Core/Src/MIDI_CCs.o
 .debug_macro   0x000000000000123e       0x1c ./Core/Src/MIDI_CCs.o
 .debug_macro   0x000000000000125a      0x12a ./Core/Src/MIDI_CCs.o
 .debug_macro   0x0000000000001384      0x339 ./Core/Src/MIDI_CCs.o
 .debug_macro   0x00000000000016bd      0x1a9 ./Core/Src/MIDI_CCs.o
 .debug_macro   0x0000000000001866      0x103 ./Core/Src/MIDI_CCs.o
 .debug_macro   0x0000000000001969       0x6a ./Core/Src/MIDI_CCs.o
 .debug_macro   0x00000000000019d3      0x1df ./Core/Src/MIDI_CCs.o
 .debug_macro   0x0000000000001bb2       0x22 ./Core/Src/MIDI_CCs.o
 .debug_macro   0x0000000000001bd4      0x294 ./Core/Src/MIDI_CCs.o
 .debug_macro   0x0000000000001e68       0x2e ./Core/Src/MIDI_CCs.o
 .debug_macro   0x0000000000001e96       0x28 ./Core/Src/MIDI_CCs.o
 .debug_macro   0x0000000000001ebe       0x1c ./Core/Src/MIDI_CCs.o
 .debug_macro   0x0000000000001eda       0x22 ./Core/Src/MIDI_CCs.o
 .debug_macro   0x0000000000001efc       0xd9 ./Core/Src/MIDI_CCs.o
 .debug_macro   0x0000000000001fd5     0x102d ./Core/Src/MIDI_CCs.o
 .debug_macro   0x0000000000003002      0x11f ./Core/Src/MIDI_CCs.o
 .debug_macro   0x0000000000003121     0xb937 ./Core/Src/MIDI_CCs.o
 .debug_macro   0x000000000000ea58       0x43 ./Core/Src/MIDI_CCs.o
 .debug_macro   0x000000000000ea9b     0x3659 ./Core/Src/MIDI_CCs.o
 .debug_macro   0x00000000000120f4       0x54 ./Core/Src/MIDI_CCs.o
 .debug_macro   0x0000000000012148      0x447 ./Core/Src/MIDI_CCs.o
 .debug_macro   0x000000000001258f      0x9fe ./Core/Src/MIDI_CCs.o
 .debug_macro   0x0000000000012f8d      0x117 ./Core/Src/MIDI_CCs.o
 .debug_macro   0x00000000000130a4      0x11b ./Core/Src/MIDI_CCs.o
 .debug_macro   0x00000000000131bf       0x27 ./Core/Src/MIDI_CCs.o
 .debug_macro   0x00000000000131e6      0x15f ./Core/Src/MIDI_CCs.o
 .debug_macro   0x0000000000013345      0x287 ./Core/Src/MIDI_CCs.o
 .debug_macro   0x00000000000135cc       0x5f ./Core/Src/MIDI_CCs.o
 .debug_macro   0x000000000001362b      0x236 ./Core/Src/MIDI_CCs.o
 .debug_macro   0x0000000000013861      0x132 ./Core/Src/MIDI_CCs.o
 .debug_macro   0x0000000000013993      0x264 ./Core/Src/MIDI_CCs.o
 .debug_macro   0x0000000000013bf7       0x2e ./Core/Src/MIDI_CCs.o
 .debug_macro   0x0000000000013c25      0x1a7 ./Core/Src/MIDI_CCs.o
 .debug_macro   0x0000000000013dcc       0x46 ./Core/Src/MIDI_CCs.o
 .debug_macro   0x0000000000013e12       0x4a ./Core/Src/MIDI_CCs.o
 .debug_macro   0x0000000000013e5c      0x11a ./Core/Src/MIDI_CCs.o
 .debug_macro   0x0000000000013f76       0x85 ./Core/Src/MIDI_CCs.o
 .debug_macro   0x0000000000013ffb       0x89 ./Core/Src/MIDI_CCs.o
 .debug_macro   0x0000000000014084      0x287 ./Core/Src/MIDI_CCs.o
 .debug_macro   0x000000000001430b      0x126 ./Core/Src/MIDI_CCs.o
 .debug_macro   0x0000000000014431       0x40 ./Core/Src/MIDI_CCs.o
 .debug_macro   0x0000000000014471       0x22 ./Core/Src/MIDI_CCs.o
 .debug_macro   0x0000000000014493      0x133 ./Core/Src/adsr.o
 .debug_macro   0x00000000000145c6      0x2e3 ./Core/Src/main.o
 .debug_macro   0x00000000000148a9       0x8e ./Core/Src/main.o
 .debug_macro   0x0000000000014937       0x51 ./Core/Src/main.o
 .debug_macro   0x0000000000014988       0xdf ./Core/Src/main.o
 .debug_macro   0x0000000000014a67       0x5a ./Core/Src/main.o
 .debug_macro   0x0000000000014ac1       0x52 ./Core/Src/main.o
 .debug_macro   0x0000000000014b13      0x333 ./Core/Src/main.o
 .debug_macro   0x0000000000014e46      0x129 ./Core/Src/oscillators.o
 .debug_macro   0x0000000000014f6f      0x2dd ./Core/Src/parameterFuncs.o
 .debug_macro   0x000000000001524c      0x2e3 ./Core/Src/stm32f4xx_hal_msp.o
 .debug_macro   0x000000000001552f      0x2ed ./Core/Src/stm32f4xx_it.o
 .debug_macro   0x000000000001581c      0x1d9 ./Core/Src/system_stm32f4xx.o
 .debug_macro   0x00000000000159f5      0x2d9 ./Core/Src/waveGen.o
 .debug_macro   0x0000000000015cce      0x233 ./Drivers/STM32F4xx_HAL_Driver/Src/stm32f4xx_hal.o
 .debug_macro   0x0000000000015f01      0x1d3 ./Drivers/STM32F4xx_HAL_Driver/Src/stm32f4xx_hal_cortex.o
 .debug_macro   0x00000000000160d4      0x1d9 ./Drivers/STM32F4xx_HAL_Driver/Src/stm32f4xx_hal_dma.o
 .debug_macro   0x00000000000162ad      0x209 ./Drivers/STM32F4xx_HAL_Driver/Src/stm32f4xx_hal_gpio.o
 .debug_macro   0x00000000000164b6      0x1db ./Drivers/STM32F4xx_HAL_Driver/Src/stm32f4xx_hal_i2s.o
 .debug_macro   0x0000000000016691      0x1d3 ./Drivers/STM32F4xx_HAL_Driver/Src/stm32f4xx_hal_i2s_ex.o
 .debug_macro   0x0000000000016864      0x1f7 ./Drivers/STM32F4xx_HAL_Driver/Src/stm32f4xx_hal_rcc.o
 .debug_macro   0x0000000000016a5b      0x1d3 ./Drivers/STM32F4xx_HAL_Driver/Src/stm32f4xx_hal_rcc_ex.o
 .debug_macro   0x0000000000016c2e      0x1d4 ./Drivers/STM32F4xx_HAL_Driver/Src/stm32f4xx_hal_uart.o

.debug_line     0x0000000000000000     0xf235
 .debug_line    0x0000000000000000      0x8c4 ./Core/Src/MIDI_CCs.o
 .debug_line    0x00000000000008c4      0x722 ./Core/Src/adsr.o
 .debug_line    0x0000000000000fe6      0xe13 ./Core/Src/main.o
 .debug_line    0x0000000000001df9      0x6b5 ./Core/Src/oscillators.o
 .debug_line    0x00000000000024ae      0x8b3 ./Core/Src/parameterFuncs.o
 .debug_line    0x0000000000002d61      0xa2b ./Core/Src/stm32f4xx_hal_msp.o
 .debug_line    0x000000000000378c      0x985 ./Core/Src/stm32f4xx_it.o
 .debug_line    0x0000000000004111      0x781 ./Core/Src/system_stm32f4xx.o
 .debug_line    0x0000000000004892      0x97a ./Core/Src/waveGen.o
 .debug_line    0x000000000000520c      0xa18 ./Drivers/STM32F4xx_HAL_Driver/Src/stm32f4xx_hal.o
 .debug_line    0x0000000000005c24      0xc5d ./Drivers/STM32F4xx_HAL_Driver/Src/stm32f4xx_hal_cortex.o
 .debug_line    0x0000000000006881     0x12dd ./Drivers/STM32F4xx_HAL_Driver/Src/stm32f4xx_hal_dma.o
 .debug_line    0x0000000000007b5e      0xbc0 ./Drivers/STM32F4xx_HAL_Driver/Src/stm32f4xx_hal_gpio.o
 .debug_line    0x000000000000871e     0x187a ./Drivers/STM32F4xx_HAL_Driver/Src/stm32f4xx_hal_i2s.o
 .debug_line    0x0000000000009f98     0x1650 ./Drivers/STM32F4xx_HAL_Driver/Src/stm32f4xx_hal_i2s_ex.o
 .debug_line    0x000000000000b5e8      0xfb8 ./Drivers/STM32F4xx_HAL_Driver/Src/stm32f4xx_hal_rcc.o
 .debug_line    0x000000000000c5a0      0xb27 ./Drivers/STM32F4xx_HAL_Driver/Src/stm32f4xx_hal_rcc_ex.o
 .debug_line    0x000000000000d0c7     0x20f0 ./Drivers/STM32F4xx_HAL_Driver/Src/stm32f4xx_hal_uart.o
 .debug_line    0x000000000000f1b7       0x7e ./startup/startup_stm32f411xe.o

.debug_str      0x0000000000000000    0x86e64
 .debug_str     0x0000000000000000    0x840fa ./Core/Src/MIDI_CCs.o
                                      0x84436 (size before relaxing)
 .debug_str     0x00000000000840fa      0x117 ./Core/Src/adsr.o
                                       0x7c75 (size before relaxing)
 .debug_str     0x0000000000084211      0xe6c ./Core/Src/main.o
                                      0x8530c (size before relaxing)
 .debug_str     0x000000000008507d       0x59 ./Core/Src/oscillators.o
                                       0x7bb2 (size before relaxing)
 .debug_str     0x00000000000850d6       0x1d ./Core/Src/parameterFuncs.o
                                      0x8442c (size before relaxing)
 .debug_str     0x00000000000850f3      0x128 ./Core/Src/stm32f4xx_hal_msp.o
                                      0x84f64 (size before relaxing)
 .debug_str     0x000000000008521b      0x11a ./Core/Src/stm32f4xx_it.o
                                      0x848d1 (size before relaxing)
 .debug_str     0x0000000000085335       0xc4 ./Core/Src/system_stm32f4xx.o
                                      0x80998 (size before relaxing)
 .debug_str     0x00000000000853f9       0x33 ./Core/Src/waveGen.o
                                      0x844f1 (size before relaxing)
 .debug_str     0x000000000008542c      0x5a8 ./Drivers/STM32F4xx_HAL_Driver/Src/stm32f4xx_hal.o
                                      0x81352 (size before relaxing)
 .debug_str     0x00000000000859d4      0x32d ./Drivers/STM32F4xx_HAL_Driver/Src/stm32f4xx_hal_cortex.o
                                      0x810ea (size before relaxing)
 .debug_str     0x0000000000085d01      0x2f3 ./Drivers/STM32F4xx_HAL_Driver/Src/stm32f4xx_hal_dma.o
                                      0x80da7 (size before relaxing)
 .debug_str     0x0000000000085ff4      0x20a ./Drivers/STM32F4xx_HAL_Driver/Src/stm32f4xx_hal_gpio.o
                                      0x80bd7 (size before relaxing)
 .debug_str     0x00000000000861fe      0x254 ./Drivers/STM32F4xx_HAL_Driver/Src/stm32f4xx_hal_i2s.o
                                      0x80f80 (size before relaxing)
 .debug_str     0x0000000000086452      0x1fc ./Drivers/STM32F4xx_HAL_Driver/Src/stm32f4xx_hal_i2s_ex.o
                                      0x80eab (size before relaxing)
 .debug_str     0x000000000008664e      0x228 ./Drivers/STM32F4xx_HAL_Driver/Src/stm32f4xx_hal_rcc.o
                                      0x80dac (size before relaxing)
 .debug_str     0x0000000000086876       0xf6 ./Drivers/STM32F4xx_HAL_Driver/Src/stm32f4xx_hal_rcc_ex.o
                                      0x80b1c (size before relaxing)
 .debug_str     0x000000000008696c      0x4c9 ./Drivers/STM32F4xx_HAL_Driver/Src/stm32f4xx_hal_uart.o
                                      0x81249 (size before relaxing)
 .debug_str     0x0000000000086e35       0x2f ./startup/startup_stm32f411xe.o
                                         0x76 (size before relaxing)

.comment        0x0000000000000000       0x53
 .comment       0x0000000000000000       0x53 ./Core/Src/MIDI_CCs.o
                                         0x54 (size before relaxing)
 .comment       0x0000000000000053       0x54 ./Core/Src/adsr.o
 .comment       0x0000000000000053       0x54 ./Core/Src/main.o
 .comment       0x0000000000000053       0x54 ./Core/Src/oscillators.o
 .comment       0x0000000000000053       0x54 ./Core/Src/parameterFuncs.o
 .comment       0x0000000000000053       0x54 ./Core/Src/stm32f4xx_hal_msp.o
 .comment       0x0000000000000053       0x54 ./Core/Src/stm32f4xx_it.o
 .comment       0x0000000000000053       0x54 ./Core/Src/system_stm32f4xx.o
 .comment       0x0000000000000053       0x54 ./Core/Src/waveGen.o
 .comment       0x0000000000000053       0x54 ./Drivers/STM32F4xx_HAL_Driver/Src/stm32f4xx_hal.o
 .comment       0x0000000000000053       0x54 ./Drivers/STM32F4xx_HAL_Driver/Src/stm32f4xx_hal_cortex.o
 .comment       0x0000000000000053       0x54 ./Drivers/STM32F4xx_HAL_Driver/Src/stm32f4xx_hal_dma.o
 .comment       0x0000000000000053       0x54 ./Drivers/STM32F4xx_HAL_Driver/Src/stm32f4xx_hal_gpio.o
 .comment       0x0000000000000053       0x54 ./Drivers/STM32F4xx_HAL_Driver/Src/stm32f4xx_hal_i2s.o
 .comment       0x0000000000000053       0x54 ./Drivers/STM32F4xx_HAL_Driver/Src/stm32f4xx_hal_i2s_ex.o
 .comment       0x0000000000000053       0x54 ./Drivers/STM32F4xx_HAL_Driver/Src/stm32f4xx_hal_rcc.o
 .comment       0x0000000000000053       0x54 ./Drivers/STM32F4xx_HAL_Driver/Src/stm32f4xx_hal_rcc_ex.o
 .comment       0x0000000000000053       0x54 ./Drivers/STM32F4xx_HAL_Driver/Src/stm32f4xx_hal_uart.o

.debug_frame    0x0000000000000000     0x1a20
 .debug_frame   0x0000000000000000       0x28 ./Core/Src/MIDI_CCs.o
 .debug_frame   0x0000000000000028       0xf0 ./Core/Src/adsr.o
 .debug_frame   0x0000000000000118      0x16c ./Core/Src/main.o
 .debug_frame   0x0000000000000284       0x68 ./Core/Src/oscillators.o
 .debug_frame   0x00000000000002ec       0x40 ./Core/Src/parameterFuncs.o
 .debug_frame   0x000000000000032c       0x9c ./Core/Src/stm32f4xx_hal_msp.o
 .debug_frame   0x00000000000003c8       0xd8 ./Core/Src/stm32f4xx_it.o
 .debug_frame   0x00000000000004a0       0x30 ./Core/Src/system_stm32f4xx.o
 .debug_frame   0x00000000000004d0       0x68 ./Core/Src/waveGen.o
 .debug_frame   0x0000000000000538      0x1ec ./Drivers/STM32F4xx_HAL_Driver/Src/stm32f4xx_hal.o
 .debug_frame   0x0000000000000724      0x15c ./Drivers/STM32F4xx_HAL_Driver/Src/stm32f4xx_hal_cortex.o
 .debug_frame   0x0000000000000880      0x188 ./Drivers/STM32F4xx_HAL_Driver/Src/stm32f4xx_hal_dma.o
 .debug_frame   0x0000000000000a08       0xd8 ./Drivers/STM32F4xx_HAL_Driver/Src/stm32f4xx_hal_gpio.o
 .debug_frame   0x0000000000000ae0      0x324 ./Drivers/STM32F4xx_HAL_Driver/Src/stm32f4xx_hal_i2s.o
 .debug_frame   0x0000000000000e04      0x198 ./Drivers/STM32F4xx_HAL_Driver/Src/stm32f4xx_hal_i2s_ex.o
 .debug_frame   0x0000000000000f9c      0x174 ./Drivers/STM32F4xx_HAL_Driver/Src/stm32f4xx_hal_rcc.o
 .debug_frame   0x0000000000001110       0xb4 ./Drivers/STM32F4xx_HAL_Driver/Src/stm32f4xx_hal_rcc_ex.o
 .debug_frame   0x00000000000011c4      0x4ec ./Drivers/STM32F4xx_HAL_Driver/Src/stm32f4xx_hal_uart.o
 .debug_frame   0x00000000000016b0       0x20 d:/stm32cubeide_1.3.0/stm32cubeide/plugins/com.st.stm32cube.ide.mcu.externaltools.gnu-tools-for-stm32.9-2020-q2-update.win32_2.0.0.202105311346/tools/bin/../lib/gcc/arm-none-eabi/9.3.1/../../../../arm-none-eabi/lib/thumb/v7e-m+fp/hard\libc_nano.a(lib_a-errno.o)
 .debug_frame   0x00000000000016d0       0x2c d:/stm32cubeide_1.3.0/stm32cubeide/plugins/com.st.stm32cube.ide.mcu.externaltools.gnu-tools-for-stm32.9-2020-q2-update.win32_2.0.0.202105311346/tools/bin/../lib/gcc/arm-none-eabi/9.3.1/../../../../arm-none-eabi/lib/thumb/v7e-m+fp/hard\libc_nano.a(lib_a-init.o)
 .debug_frame   0x00000000000016fc       0x20 d:/stm32cubeide_1.3.0/stm32cubeide/plugins/com.st.stm32cube.ide.mcu.externaltools.gnu-tools-for-stm32.9-2020-q2-update.win32_2.0.0.202105311346/tools/bin/../lib/gcc/arm-none-eabi/9.3.1/../../../../arm-none-eabi/lib/thumb/v7e-m+fp/hard\libc_nano.a(lib_a-memset.o)
 .debug_frame   0x000000000000171c       0x44 d:/stm32cubeide_1.3.0/stm32cubeide/plugins/com.st.stm32cube.ide.mcu.externaltools.gnu-tools-for-stm32.9-2020-q2-update.win32_2.0.0.202105311346/tools/bin/../lib/gcc/arm-none-eabi/9.3.1/../../../../arm-none-eabi/lib/thumb/v7e-m+fp/hard\libm.a(lib_a-wf_pow.o)
 .debug_frame   0x0000000000001760       0x68 d:/stm32cubeide_1.3.0/stm32cubeide/plugins/com.st.stm32cube.ide.mcu.externaltools.gnu-tools-for-stm32.9-2020-q2-update.win32_2.0.0.202105311346/tools/bin/../lib/gcc/arm-none-eabi/9.3.1/../../../../arm-none-eabi/lib/thumb/v7e-m+fp/hard\libm.a(lib_a-ef_pow.o)
 .debug_frame   0x00000000000017c8       0x20 d:/stm32cubeide_1.3.0/stm32cubeide/plugins/com.st.stm32cube.ide.mcu.externaltools.gnu-tools-for-stm32.9-2020-q2-update.win32_2.0.0.202105311346/tools/bin/../lib/gcc/arm-none-eabi/9.3.1/../../../../arm-none-eabi/lib/thumb/v7e-m+fp/hard\libm.a(lib_a-ef_sqrt.o)
 .debug_frame   0x00000000000017e8       0x20 d:/stm32cubeide_1.3.0/stm32cubeide/plugins/com.st.stm32cube.ide.mcu.externaltools.gnu-tools-for-stm32.9-2020-q2-update.win32_2.0.0.202105311346/tools/bin/../lib/gcc/arm-none-eabi/9.3.1/../../../../arm-none-eabi/lib/thumb/v7e-m+fp/hard\libm.a(lib_a-sf_fabs.o)
 .debug_frame   0x0000000000001808       0x28 d:/stm32cubeide_1.3.0/stm32cubeide/plugins/com.st.stm32cube.ide.mcu.externaltools.gnu-tools-for-stm32.9-2020-q2-update.win32_2.0.0.202105311346/tools/bin/../lib/gcc/arm-none-eabi/9.3.1/../../../../arm-none-eabi/lib/thumb/v7e-m+fp/hard\libm.a(lib_a-sf_finite.o)
 .debug_frame   0x0000000000001830       0x20 d:/stm32cubeide_1.3.0/stm32cubeide/plugins/com.st.stm32cube.ide.mcu.externaltools.gnu-tools-for-stm32.9-2020-q2-update.win32_2.0.0.202105311346/tools/bin/../lib/gcc/arm-none-eabi/9.3.1/../../../../arm-none-eabi/lib/thumb/v7e-m+fp/hard\libm.a(lib_a-sf_nan.o)
 .debug_frame   0x0000000000001850       0x30 d:/stm32cubeide_1.3.0/stm32cubeide/plugins/com.st.stm32cube.ide.mcu.externaltools.gnu-tools-for-stm32.9-2020-q2-update.win32_2.0.0.202105311346/tools/bin/../lib/gcc/arm-none-eabi/9.3.1/../../../../arm-none-eabi/lib/thumb/v7e-m+fp/hard\libm.a(lib_a-sf_rint.o)
 .debug_frame   0x0000000000001880       0x20 d:/stm32cubeide_1.3.0/stm32cubeide/plugins/com.st.stm32cube.ide.mcu.externaltools.gnu-tools-for-stm32.9-2020-q2-update.win32_2.0.0.202105311346/tools/bin/../lib/gcc/arm-none-eabi/9.3.1/../../../../arm-none-eabi/lib/thumb/v7e-m+fp/hard\libm.a(lib_a-sf_scalbn.o)
 .debug_frame   0x00000000000018a0       0xac d:/stm32cubeide_1.3.0/stm32cubeide/plugins/com.st.stm32cube.ide.mcu.externaltools.gnu-tools-for-stm32.9-2020-q2-update.win32_2.0.0.202105311346/tools/bin/../lib/gcc/arm-none-eabi/9.3.1/thumb/v7e-m+fp/hard\libgcc.a(_arm_addsubdf3.o)
 .debug_frame   0x000000000000194c       0x50 d:/stm32cubeide_1.3.0/stm32cubeide/plugins/com.st.stm32cube.ide.mcu.externaltools.gnu-tools-for-stm32.9-2020-q2-update.win32_2.0.0.202105311346/tools/bin/../lib/gcc/arm-none-eabi/9.3.1/thumb/v7e-m+fp/hard\libgcc.a(_arm_muldivdf3.o)
 .debug_frame   0x000000000000199c       0x24 d:/stm32cubeide_1.3.0/stm32cubeide/plugins/com.st.stm32cube.ide.mcu.externaltools.gnu-tools-for-stm32.9-2020-q2-update.win32_2.0.0.202105311346/tools/bin/../lib/gcc/arm-none-eabi/9.3.1/thumb/v7e-m+fp/hard\libgcc.a(_arm_truncdfsf2.o)
 .debug_frame   0x00000000000019c0       0x2c d:/stm32cubeide_1.3.0/stm32cubeide/plugins/com.st.stm32cube.ide.mcu.externaltools.gnu-tools-for-stm32.9-2020-q2-update.win32_2.0.0.202105311346/tools/bin/../lib/gcc/arm-none-eabi/9.3.1/thumb/v7e-m+fp/hard\libgcc.a(_aeabi_uldivmod.o)
 .debug_frame   0x00000000000019ec       0x34 d:/stm32cubeide_1.3.0/stm32cubeide/plugins/com.st.stm32cube.ide.mcu.externaltools.gnu-tools-for-stm32.9-2020-q2-update.win32_2.0.0.202105311346/tools/bin/../lib/gcc/arm-none-eabi/9.3.1/thumb/v7e-m+fp/hard\libgcc.a(_udivmoddi4.o)
