adsr.c:17:6:ADSR_init	0	static
adsr.c:27:6:ADSR_keyOn	0	static
adsr.c:32:6:ADSR_keyOff	0	static
adsr.c:61:6:ADSR_setAttackTime	0	static
adsr.c:38:6:AttTime_set	8	static
adsr.c:66:6:ADSR_setDecayTime	0	static
adsr.c:44:6:DecTime_set	8	static
adsr.c:71:6:ADSR_setSustainLevel	0	static
adsr.c:48:6:SustLevel_set	8	static
adsr.c:81:6:ADSR_setReleaseTime	0	static
adsr.c:52:6:RelTime_set	8	static
adsr.c:87:6:AttFltrEG_set	8	static
adsr.c:93:6:DecFltrEG_set	8	static
adsr.c:97:6:SustFltrEG_set	8	static
adsr.c:101:6:RelFltrEG_set	8	static
adsr.c:109:7:ADSR_computeSample	24	static
