main.c:499:13:MX_GPIO_Init	8	static
main.c:416:13:MX_I2S1_Init	8	static
main.c:481:13:MX_DMA_Init	16	static
main.c:450:13:MX_USART2_UART_Init	8	static
main.c:88:6:HAL_I2S_TxHalfCpltCallback	8	static
main.c:97:6:HAL_I2S_TxCpltCallback	8	static
main.c:184:6:MIDInoteOn	8	static
main.c:217:6:MIDInoteOff	16	static
main.c:267:6:doPitchBnd	8	static
main.c:142:6:procMIDI	8	static
main.c:104:6:HAL_UART_RxCpltCallback	8	static
main.c:281:6:legatoOn_set	0	static
main.c:363:6:SystemClock_Config	120	static
main.c:296:5:main	8	static
main.c:516:6:Error_Handler	0	static
