main.c:457:13:MX_GPIO_Init	8	static
main.c:374:13:MX_I2S1_Init	8	static
main.c:439:13:MX_DMA_Init	16	static
main.c:408:13:MX_USART2_UART_Init	8	static
main.c:85:6:HAL_I2S_TxHalfCpltCallback	8	static
main.c:94:6:HAL_I2S_TxCpltCallback	8	static
main.c:183:6:MIDInoteOn	0	static
main.c:206:6:MIDInoteOff	4	static
main.c:139:6:procMIDI	8	static
main.c:101:6:HAL_UART_RxCpltCallback	8	static
main.c:321:6:SystemClock_Config	120	static
main.c:257:5:main	8	static
main.c:474:6:Error_Handler	0	static
