main.c:472:13:MX_GPIO_Init	8	static
main.c:389:13:MX_I2S1_Init	8	static
main.c:454:13:MX_DMA_Init	16	static
main.c:423:13:MX_USART2_UART_Init	8	static
main.c:84:6:HAL_I2S_TxHalfCpltCallback	8	static
main.c:93:6:HAL_I2S_TxCpltCallback	8	static
main.c:182:6:MIDInoteOn	8	static
main.c:204:6:MIDInoteOff	16	static
main.c:249:6:doPitchBnd	8	static
main.c:138:6:procMIDI	8	static
main.c:100:6:HAL_UART_RxCpltCallback	8	static
main.c:336:6:SystemClock_Config	120	static
main.c:269:5:main	8	static
main.c:489:6:Error_Handler	0	static
